[2026-05-26 13:34:23,311] Loading dataset...
[2026-05-26 13:34:23,348] Train: 60000, Val: 10000
[2026-05-26 13:34:23,348] Creating model...
[2026-05-26 13:34:23,448] Parameters: 0.74M total, 0.35M trainable
C:\Users\MR\Desktop\³õ´ú¼¤ËØ³¡ÍøÂç\hormonic_v3\local_train.py:325: FutureWarning: `torch.cuda.amp.GradScaler(args...)` is deprecated. Please use `torch.amp.GradScaler('cuda', args...)` instead.
  scaler = GradScaler(enabled=config['train']['use_amp'])
[2026-05-26 13:34:23,449] Starting training: 50 epochs
C:\Users\MR\Desktop\³õ´ú¼¤ËØ³¡ÍøÂç\hormonic_v3\local_train.py:139: FutureWarning: `torch.cuda.amp.autocast(args...)` is deprecated. Please use `torch.amp.autocast('cuda', args...)` instead.
  with autocast(enabled=use_amp):
[2026-05-26 13:34:25,367]   Batch[   0/937] Loss: 2.7141 CE: 2.7001 Acc: 9.4% LR: 0.000005
[2026-05-26 13:35:27,923]   Batch[  50/937] Loss: 2.5539 CE: 2.5402 Acc: 9.7% LR: 0.000012
[2026-05-26 13:36:30,809]   Batch[ 100/937] Loss: 2.4649 CE: 2.4518 Acc: 10.3% LR: 0.000018
[2026-05-26 13:37:35,097]   Batch[ 150/937] Loss: 2.4061 CE: 2.3936 Acc: 12.2% LR: 0.000025
[2026-05-26 13:38:39,774]   Batch[ 200/937] Loss: 2.3648 CE: 2.3531 Acc: 13.3% LR: 0.000031
[2026-05-26 13:39:43,182]   Batch[ 250/937] Loss: 2.3297 CE: 2.3187 Acc: 14.3% LR: 0.000038
[2026-05-26 13:40:44,651]   Batch[ 300/937] Loss: 2.3002 CE: 2.2899 Acc: 15.1% LR: 0.000045
[2026-05-26 13:41:45,889]   Batch[ 350/937] Loss: 2.2722 CE: 2.2626 Acc: 16.0% LR: 0.000051
[2026-05-26 13:42:48,239]   Batch[ 400/937] Loss: 2.2492 CE: 2.2404 Acc: 16.7% LR: 0.000058
[2026-05-26 13:43:51,845]   Batch[ 450/937] Loss: 2.2297 CE: 2.2215 Acc: 17.2% LR: 0.000064
[2026-05-26 13:44:55,520]   Batch[ 500/937] Loss: 2.2099 CE: 2.2023 Acc: 17.8% LR: 0.000071
[2026-05-26 13:45:57,679]   Batch[ 550/937] Loss: 2.1930 CE: 2.1859 Acc: 18.2% LR: 0.000078
[2026-05-26 13:46:59,803]   Batch[ 600/937] Loss: 2.1777 CE: 2.1711 Acc: 18.6% LR: 0.000084
[2026-05-26 13:48:03,000]   Batch[ 650/937] Loss: 2.1643 CE: 2.1581 Acc: 19.0% LR: 0.000091
[2026-05-26 13:49:06,148]   Batch[ 700/937] Loss: 2.1545 CE: 2.1488 Acc: 19.3% LR: 0.000097
[2026-05-26 13:50:08,739]   Batch[ 750/937] Loss: 2.1440 CE: 2.1385 Acc: 19.5% LR: 0.000104
[2026-05-26 13:51:12,636]   Batch[ 800/937] Loss: 2.1344 CE: 2.1293 Acc: 19.9% LR: 0.000111
[2026-05-26 13:52:15,562]   Batch[ 850/937] Loss: 2.1254 CE: 2.1205 Acc: 20.1% LR: 0.000117
[2026-05-26 13:53:18,678]   Batch[ 900/937] Loss: 2.1178 CE: 2.1132 Acc: 20.3% LR: 0.000124
C:\Users\MR\Desktop\³õ´ú¼¤ËØ³¡ÍøÂç\hormonic_v3\local_train.py:207: FutureWarning: `torch.cuda.amp.autocast(args...)` is deprecated. Please use `torch.amp.autocast('cuda', args...)` instead.
  with autocast(enabled=use_amp):
[2026-05-26 13:55:18,157] Epoch 1: train_loss=2.1123 train_acc=20.5% val_loss=1.9373 val_acc=26.4% DA=0.326 CB=0.000
[2026-05-26 13:55:19,409]   Batch[   0/937] Loss: 2.0915 CE: 2.0912 Acc: 20.3% LR: 0.000129
[2026-05-26 13:56:22,245]   Batch[  50/937] Loss: 1.9609 CE: 1.9606 Acc: 24.3% LR: 0.000135
[2026-05-26 13:57:24,585]   Batch[ 100/937] Loss: 1.9658 CE: 1.9656 Acc: 25.0% LR: 0.000142
[2026-05-26 13:58:28,709]   Batch[ 150/937] Loss: 1.9629 CE: 1.9626 Acc: 25.4% LR: 0.000148
[2026-05-26 13:59:32,698]   Batch[ 200/937] Loss: 1.9660 CE: 1.9657 Acc: 25.2% LR: 0.000155
[2026-05-26 14:00:37,307]   Batch[ 250/937] Loss: 1.9644 CE: 1.9641 Acc: 25.1% LR: 0.000162
[2026-05-26 14:01:40,494]   Batch[ 300/937] Loss: 1.9627 CE: 1.9625 Acc: 25.1% LR: 0.000168
[2026-05-26 14:02:42,396]   Batch[ 350/937] Loss: 1.9601 CE: 1.9598 Acc: 25.2% LR: 0.000175
[2026-05-26 14:03:44,544]   Batch[ 400/937] Loss: 1.9539 CE: 1.9536 Acc: 25.6% LR: 0.000181
[2026-05-26 14:04:48,116]   Batch[ 450/937] Loss: 1.9488 CE: 1.9485 Acc: 25.8% LR: 0.000188
[2026-05-26 14:05:50,900]   Batch[ 500/937] Loss: 1.9445 CE: 1.9442 Acc: 25.9% LR: 0.000195
[2026-05-26 14:06:53,546]   Batch[ 550/937] Loss: 1.9417 CE: 1.9414 Acc: 25.9% LR: 0.000201
[2026-05-26 14:07:55,740]   Batch[ 600/937] Loss: 1.9395 CE: 1.9392 Acc: 25.9% LR: 0.000208
[2026-05-26 14:08:57,994]   Batch[ 650/937] Loss: 1.9359 CE: 1.9357 Acc: 26.0% LR: 0.000214
[2026-05-26 14:10:00,424]   Batch[ 700/937] Loss: 1.9335 CE: 1.9333 Acc: 26.1% LR: 0.000221
[2026-05-26 14:11:02,724]   Batch[ 750/937] Loss: 1.9311 CE: 1.9309 Acc: 26.2% LR: 0.000228
[2026-05-26 14:12:05,476]   Batch[ 800/937] Loss: 1.9277 CE: 1.9275 Acc: 26.2% LR: 0.000234
[2026-05-26 14:13:11,614]   Batch[ 850/937] Loss: 1.9241 CE: 1.9239 Acc: 26.3% LR: 0.000241
[2026-05-26 14:14:15,737]   Batch[ 900/937] Loss: 1.9201 CE: 1.9198 Acc: 26.3% LR: 0.000247
[2026-05-26 14:16:18,175] Epoch 2: train_loss=1.9171 train_acc=26.4% val_loss=1.8131 val_acc=28.5% DA=0.306 CB=0.000
[2026-05-26 14:16:19,519]   Batch[   0/937] Loss: 1.6473 CE: 1.6472 Acc: 35.9% LR: 0.000252
[2026-05-26 14:17:22,772]   Batch[  50/937] Loss: 1.8603 CE: 1.8602 Acc: 27.7% LR: 0.000259
[2026-05-26 14:18:28,732]   Batch[ 100/937] Loss: 1.8544 CE: 1.8542 Acc: 27.7% LR: 0.000265
[2026-05-26 14:19:36,228]   Batch[ 150/937] Loss: 1.8439 CE: 1.8438 Acc: 28.0% LR: 0.000272
[2026-05-26 14:20:40,673]   Batch[ 200/937] Loss: 1.8314 CE: 1.8313 Acc: 28.1% LR: 0.000279
[2026-05-26 14:21:44,927]   Batch[ 250/937] Loss: 1.8247 CE: 1.8246 Acc: 28.3% LR: 0.000285
[2026-05-26 14:22:51,022]   Batch[ 300/937] Loss: 1.8183 CE: 1.8182 Acc: 28.4% LR: 0.000292
[2026-05-26 14:23:56,269]   Batch[ 350/937] Loss: 1.8094 CE: 1.8093 Acc: 28.8% LR: 0.000298
[2026-05-26 14:25:02,474]   Batch[ 400/937] Loss: 1.8042 CE: 1.8041 Acc: 29.0% LR: 0.000305
[2026-05-26 14:26:10,790]   Batch[ 450/937] Loss: 1.8001 CE: 1.8000 Acc: 29.0% LR: 0.000312
[2026-05-26 14:27:14,114]   Batch[ 500/937] Loss: 1.7966 CE: 1.7966 Acc: 29.0% LR: 0.000318
[2026-05-26 14:28:16,312]   Batch[ 550/937] Loss: 1.7905 CE: 1.7904 Acc: 29.0% LR: 0.000325
[2026-05-26 14:29:17,748]   Batch[ 600/937] Loss: 1.7870 CE: 1.7869 Acc: 29.1% LR: 0.000331
[2026-05-26 14:30:19,990]   Batch[ 650/937] Loss: 1.7814 CE: 1.7813 Acc: 29.2% LR: 0.000338
[2026-05-26 14:31:21,305]   Batch[ 700/937] Loss: 1.7761 CE: 1.7761 Acc: 29.3% LR: 0.000345
[2026-05-26 14:32:23,271]   Batch[ 750/937] Loss: 1.7711 CE: 1.7710 Acc: 29.5% LR: 0.000351
[2026-05-26 14:33:24,690]   Batch[ 800/937] Loss: 1.7662 CE: 1.7661 Acc: 29.5% LR: 0.000358
[2026-05-26 14:34:26,280]   Batch[ 850/937] Loss: 1.7636 CE: 1.7635 Acc: 29.6% LR: 0.000364
[2026-05-26 14:35:28,223]   Batch[ 900/937] Loss: 1.7594 CE: 1.7594 Acc: 29.7% LR: 0.000371
[2026-05-26 14:37:25,405] Epoch 3: train_loss=1.7566 train_acc=29.8% val_loss=1.6506 val_acc=32.7% DA=0.279 CB=0.000
[2026-05-26 14:37:26,661]   Batch[   0/937] Loss: 1.6011 CE: 1.6011 Acc: 31.2% LR: 0.000376
[2026-05-26 14:38:29,014]   Batch[  50/937] Loss: 1.7154 CE: 1.7153 Acc: 30.2% LR: 0.000382
[2026-05-26 14:39:30,291]   Batch[ 100/937] Loss: 1.7108 CE: 1.7107 Acc: 30.5% LR: 0.000389
[2026-05-26 14:40:32,267]   Batch[ 150/937] Loss: 1.7005 CE: 1.7004 Acc: 30.9% LR: 0.000396
[2026-05-26 14:41:33,992]   Batch[ 200/937] Loss: 1.6911 CE: 1.6910 Acc: 31.1% LR: 0.000402
[2026-05-26 14:42:35,552]   Batch[ 250/937] Loss: 1.6817 CE: 1.6816 Acc: 31.6% LR: 0.000409
[2026-05-26 14:43:38,555]   Batch[ 300/937] Loss: 1.6795 CE: 1.6794 Acc: 31.4% LR: 0.000415
[2026-05-26 14:44:40,856]   Batch[ 350/937] Loss: 1.6752 CE: 1.6752 Acc: 31.7% LR: 0.000422
[2026-05-26 14:45:42,566]   Batch[ 400/937] Loss: 1.6732 CE: 1.6732 Acc: 31.5% LR: 0.000429
[2026-05-26 14:46:44,209]   Batch[ 450/937] Loss: 1.6718 CE: 1.6718 Acc: 31.5% LR: 0.000435
[2026-05-26 14:47:46,118]   Batch[ 500/937] Loss: 1.6715 CE: 1.6715 Acc: 31.5% LR: 0.000442
[2026-05-26 14:48:48,301]   Batch[ 550/937] Loss: 1.6700 CE: 1.6699 Acc: 31.6% LR: 0.000448
[2026-05-26 14:49:50,556]   Batch[ 600/937] Loss: 1.6666 CE: 1.6665 Acc: 31.6% LR: 0.000455
[2026-05-26 14:50:52,669]   Batch[ 650/937] Loss: 1.6631 CE: 1.6630 Acc: 31.9% LR: 0.000462
[2026-05-26 14:51:55,672]   Batch[ 700/937] Loss: 1.6591 CE: 1.6591 Acc: 32.0% LR: 0.000468
[2026-05-26 14:52:57,697]   Batch[ 750/937] Loss: 1.6576 CE: 1.6576 Acc: 32.0% LR: 0.000475
[2026-05-26 14:53:59,606]   Batch[ 800/937] Loss: 1.6557 CE: 1.6557 Acc: 32.2% LR: 0.000482
[2026-05-26 14:55:01,994]   Batch[ 850/937] Loss: 1.6538 CE: 1.6537 Acc: 32.3% LR: 0.000488
[2026-05-26 14:56:03,853]   Batch[ 900/937] Loss: 1.6514 CE: 1.6513 Acc: 32.4% LR: 0.000495
[2026-05-26 14:58:02,590] Epoch 4: train_loss=1.6510 train_acc=32.4% val_loss=2.6843 val_acc=15.1% DA=0.623 CB=0.000
[2026-05-26 14:58:03,785]   Batch[   0/937] Loss: 1.6668 CE: 1.6667 Acc: 25.0% LR: 0.000499
C:\Users\MR\anaconda3\Lib\site-packages\torch\optim\lr_scheduler.py:198: UserWarning: The epoch parameter in `scheduler.step()` was not necessary and is being deprecated where possible. Please use `scheduler.step()` to step the scheduler. During the deprecation, if epoch is different from None, the closed form is used instead of the new chainable form, where available. Please open an issue if you are unable to replicate your use case: https://github.com/pytorch/pytorch/issues/new/choose.
  warnings.warn(EPOCH_DEPRECATION_WARNING, UserWarning)
[2026-05-26 14:59:07,593]   Batch[  50/937] Loss: 1.6152 CE: 1.6152 Acc: 33.7% LR: 0.000500
[2026-05-26 15:00:09,328]   Batch[ 100/937] Loss: 1.6194 CE: 1.6193 Acc: 33.6% LR: 0.000500
[2026-05-26 15:01:12,380]   Batch[ 150/937] Loss: 1.6230 CE: 1.6229 Acc: 33.4% LR: 0.000500
[2026-05-26 15:02:16,791]   Batch[ 200/937] Loss: 1.6175 CE: 1.6174 Acc: 33.5% LR: 0.000500
[2026-05-26 15:03:18,667]   Batch[ 250/937] Loss: 1.6154 CE: 1.6154 Acc: 33.6% LR: 0.000500
[2026-05-26 15:04:20,797]   Batch[ 300/937] Loss: 1.6157 CE: 1.6156 Acc: 33.5% LR: 0.000500
[2026-05-26 15:05:21,949]   Batch[ 350/937] Loss: 1.6168 CE: 1.6168 Acc: 33.4% LR: 0.000500
[2026-05-26 15:06:23,472]   Batch[ 400/937] Loss: 1.6154 CE: 1.6154 Acc: 33.6% LR: 0.000500
[2026-05-26 15:07:25,332]   Batch[ 450/937] Loss: 1.6142 CE: 1.6141 Acc: 33.6% LR: 0.000500
[2026-05-26 15:08:27,680]   Batch[ 500/937] Loss: 1.6121 CE: 1.6121 Acc: 33.6% LR: 0.000500
[2026-05-26 15:09:30,142]   Batch[ 550/937] Loss: 1.6122 CE: 1.6121 Acc: 33.6% LR: 0.000500
[2026-05-26 15:10:32,404]   Batch[ 600/937] Loss: 1.6101 CE: 1.6100 Acc: 33.8% LR: 0.000500
[2026-05-26 15:11:34,166]   Batch[ 650/937] Loss: 1.6076 CE: 1.6076 Acc: 34.0% LR: 0.000500
[2026-05-26 15:12:36,678]   Batch[ 700/937] Loss: 1.6050 CE: 1.6049 Acc: 34.1% LR: 0.000500
[2026-05-26 15:13:38,386]   Batch[ 750/937] Loss: 1.6045 CE: 1.6045 Acc: 34.1% LR: 0.000500
[2026-05-26 15:14:40,113]   Batch[ 800/937] Loss: 1.6035 CE: 1.6035 Acc: 34.2% LR: 0.000500
[2026-05-26 15:15:41,748]   Batch[ 850/937] Loss: 1.6037 CE: 1.6037 Acc: 34.2% LR: 0.000500
[2026-05-26 15:16:43,825]   Batch[ 900/937] Loss: 1.6014 CE: 1.6013 Acc: 34.3% LR: 0.000500
[2026-05-26 15:18:43,832] BWO executed at epoch 5
[2026-05-26 15:18:43,832] Epoch 5: train_loss=1.5995 train_acc=34.3% val_loss=2.2225 val_acc=20.3% DA=0.458 CB=0.000
[2026-05-26 15:18:45,116]   Batch[   0/937] Loss: 1.7236 CE: 1.7236 Acc: 35.9% LR: 0.000500
[2026-05-26 15:19:51,848]   Batch[  50/937] Loss: 1.6171 CE: 1.6171 Acc: 32.7% LR: 0.000500
[2026-05-26 15:20:58,693]   Batch[ 100/937] Loss: 1.5969 CE: 1.5969 Acc: 33.5% LR: 0.000500
[2026-05-26 15:22:02,966]   Batch[ 150/937] Loss: 1.5833 CE: 1.5832 Acc: 34.1% LR: 0.000500
[2026-05-26 15:23:05,057]   Batch[ 200/937] Loss: 1.5734 CE: 1.5733 Acc: 34.4% LR: 0.000500
[2026-05-26 15:24:07,091]   Batch[ 250/937] Loss: 1.5713 CE: 1.5712 Acc: 34.6% LR: 0.000500
[2026-05-26 15:25:08,715]   Batch[ 300/937] Loss: 1.5686 CE: 1.5686 Acc: 34.8% LR: 0.000500
[2026-05-26 15:26:11,344]   Batch[ 350/937] Loss: 1.5620 CE: 1.5620 Acc: 35.1% LR: 0.000500
[2026-05-26 15:27:16,147]   Batch[ 400/937] Loss: 1.5564 CE: 1.5563 Acc: 35.5% LR: 0.000500
[2026-05-26 15:28:20,741]   Batch[ 450/937] Loss: 1.5463 CE: 1.5463 Acc: 36.0% LR: 0.000500
[2026-05-26 15:29:22,693]   Batch[ 500/937] Loss: 1.5408 CE: 1.5408 Acc: 36.3% LR: 0.000500
[2026-05-26 15:30:25,178]   Batch[ 550/937] Loss: 1.5471 CE: 1.5471 Acc: 36.2% LR: 0.000500
[2026-05-26 15:31:26,963]   Batch[ 600/937] Loss: 1.5431 CE: 1.5431 Acc: 36.3% LR: 0.000500
[2026-05-26 15:32:30,300]   Batch[ 650/937] Loss: 1.5422 CE: 1.5421 Acc: 36.5% LR: 0.000500
[2026-05-26 15:33:32,130]   Batch[ 700/937] Loss: 1.5383 CE: 1.5383 Acc: 36.5% LR: 0.000500
[2026-05-26 15:34:34,347]   Batch[ 750/937] Loss: 1.5379 CE: 1.5379 Acc: 36.5% LR: 0.000500
[2026-05-26 15:35:35,895]   Batch[ 800/937] Loss: 1.5343 CE: 1.5342 Acc: 36.7% LR: 0.000500
[2026-05-26 15:36:38,030]   Batch[ 850/937] Loss: 1.5308 CE: 1.5308 Acc: 36.8% LR: 0.000500
[2026-05-26 15:37:40,299]   Batch[ 900/937] Loss: 1.5285 CE: 1.5284 Acc: 36.9% LR: 0.000499
[2026-05-26 15:39:38,866] Epoch 6: train_loss=1.5256 train_acc=37.0% val_loss=1.4369 val_acc=39.7% DA=0.230 CB=0.000
[2026-05-26 15:39:40,051]   Batch[   0/937] Loss: 1.7084 CE: 1.7084 Acc: 26.6% LR: 0.000499
[2026-05-26 15:40:42,216]   Batch[  50/937] Loss: 1.4691 CE: 1.4691 Acc: 38.7% LR: 0.000499
[2026-05-26 15:41:45,189]   Batch[ 100/937] Loss: 1.4641 CE: 1.4641 Acc: 40.0% LR: 0.000499
[2026-05-26 15:42:47,391]   Batch[ 150/937] Loss: 1.4648 CE: 1.4647 Acc: 39.8% LR: 0.000499
[2026-05-26 15:43:50,435]   Batch[ 200/937] Loss: 1.4595 CE: 1.4595 Acc: 40.0% LR: 0.000499
[2026-05-26 15:44:52,627]   Batch[ 250/937] Loss: 1.4628 CE: 1.4628 Acc: 39.8% LR: 0.000499
[2026-05-26 15:45:54,421]   Batch[ 300/937] Loss: 1.4578 CE: 1.4578 Acc: 39.9% LR: 0.000499
[2026-05-26 15:46:56,589]   Batch[ 350/937] Loss: 1.4537 CE: 1.4536 Acc: 40.1% LR: 0.000499
[2026-05-26 15:47:58,972]   Batch[ 400/937] Loss: 1.4538 CE: 1.4537 Acc: 40.2% LR: 0.000499
[2026-05-26 15:49:00,811]   Batch[ 450/937] Loss: 1.4499 CE: 1.4499 Acc: 40.5% LR: 0.000499
[2026-05-26 15:50:02,723]   Batch[ 500/937] Loss: 1.4501 CE: 1.4501 Acc: 40.5% LR: 0.000499
[2026-05-26 15:51:04,491]   Batch[ 550/937] Loss: 1.4475 CE: 1.4474 Acc: 40.7% LR: 0.000499
[2026-05-26 15:52:06,765]   Batch[ 600/937] Loss: 1.4445 CE: 1.4445 Acc: 40.8% LR: 0.000499
[2026-05-26 15:53:08,999]   Batch[ 650/937] Loss: 1.4419 CE: 1.4419 Acc: 41.0% LR: 0.000499
[2026-05-26 15:54:11,457]   Batch[ 700/937] Loss: 1.4414 CE: 1.4413 Acc: 41.0% LR: 0.000499
[2026-05-26 15:55:13,724]   Batch[ 750/937] Loss: 1.4390 CE: 1.4389 Acc: 41.1% LR: 0.000499
[2026-05-26 15:56:16,170]   Batch[ 800/937] Loss: 1.4369 CE: 1.4369 Acc: 41.4% LR: 0.000499
[2026-05-26 15:57:17,752]   Batch[ 850/937] Loss: 1.4369 CE: 1.4368 Acc: 41.3% LR: 0.000499
[2026-05-26 15:58:19,899]   Batch[ 900/937] Loss: 1.4339 CE: 1.4339 Acc: 41.4% LR: 0.000499
[2026-05-26 16:00:19,858] Epoch 7: train_loss=1.4320 train_acc=41.5% val_loss=1.3679 val_acc=43.1% DA=0.237 CB=0.000
[2026-05-26 16:00:21,101]   Batch[   0/937] Loss: 1.4830 CE: 1.4829 Acc: 42.2% LR: 0.000499
[2026-05-26 16:01:23,002]   Batch[  50/937] Loss: 1.3942 CE: 1.3942 Acc: 42.9% LR: 0.000499
[2026-05-26 16:02:26,001]   Batch[ 100/937] Loss: 1.4044 CE: 1.4044 Acc: 43.0% LR: 0.000499
[2026-05-26 16:03:30,408]   Batch[ 150/937] Loss: 1.4031 CE: 1.4030 Acc: 43.3% LR: 0.000499
[2026-05-26 16:04:35,262]   Batch[ 200/937] Loss: 1.4032 CE: 1.4032 Acc: 43.4% LR: 0.000499
[2026-05-26 16:05:39,432]   Batch[ 250/937] Loss: 1.4033 CE: 1.4033 Acc: 43.2% LR: 0.000499
[2026-05-26 16:06:44,531]   Batch[ 300/937] Loss: 1.3978 CE: 1.3978 Acc: 43.3% LR: 0.000499
[2026-05-26 16:07:49,504]   Batch[ 350/937] Loss: 1.3993 CE: 1.3993 Acc: 43.3% LR: 0.000498
[2026-05-26 16:08:57,991]   Batch[ 400/937] Loss: 1.3992 CE: 1.3992 Acc: 43.4% LR: 0.000498
[2026-05-26 16:09:59,828]   Batch[ 450/937] Loss: 1.3978 CE: 1.3978 Acc: 43.4% LR: 0.000498
[2026-05-26 16:11:01,199]   Batch[ 500/937] Loss: 1.3968 CE: 1.3968 Acc: 43.4% LR: 0.000498
[2026-05-26 16:12:03,222]   Batch[ 550/937] Loss: 1.3920 CE: 1.3920 Acc: 43.5% LR: 0.000498
[2026-05-26 16:13:04,694]   Batch[ 600/937] Loss: 1.3922 CE: 1.3921 Acc: 43.5% LR: 0.000498
[2026-05-26 16:14:06,416]   Batch[ 650/937] Loss: 1.3890 CE: 1.3889 Acc: 43.7% LR: 0.000498
[2026-05-26 16:15:08,570]   Batch[ 700/937] Loss: 1.3867 CE: 1.3866 Acc: 43.9% LR: 0.000498
[2026-05-26 16:16:10,828]   Batch[ 750/937] Loss: 1.3855 CE: 1.3855 Acc: 44.0% LR: 0.000498
[2026-05-26 16:17:14,278]   Batch[ 800/937] Loss: 1.3860 CE: 1.3860 Acc: 44.0% LR: 0.000498
[2026-05-26 16:18:16,433]   Batch[ 850/937] Loss: 1.3853 CE: 1.3853 Acc: 44.0% LR: 0.000498
[2026-05-26 16:19:19,384]   Batch[ 900/937] Loss: 1.3844 CE: 1.3844 Acc: 44.0% LR: 0.000498
[2026-05-26 16:21:18,494] Epoch 8: train_loss=1.3846 train_acc=44.0% val_loss=1.3576 val_acc=45.8% DA=0.257 CB=0.000
[2026-05-26 16:21:19,817]   Batch[   0/937] Loss: 1.3179 CE: 1.3179 Acc: 37.5% LR: 0.000498
[2026-05-26 16:22:23,999]   Batch[  50/937] Loss: 1.3634 CE: 1.3634 Acc: 44.9% LR: 0.000498
[2026-05-26 16:23:28,298]   Batch[ 100/937] Loss: 1.3763 CE: 1.3762 Acc: 44.4% LR: 0.000498
[2026-05-26 16:24:32,189]   Batch[ 150/937] Loss: 1.3655 CE: 1.3655 Acc: 45.2% LR: 0.000498
[2026-05-26 16:25:36,282]   Batch[ 200/937] Loss: 1.3631 CE: 1.3630 Acc: 45.4% LR: 0.000498
[2026-05-26 16:26:41,610]   Batch[ 250/937] Loss: 1.3655 CE: 1.3655 Acc: 45.2% LR: 0.000498
[2026-05-26 16:27:48,071]   Batch[ 300/937] Loss: 1.3645 CE: 1.3644 Acc: 45.3% LR: 0.000498
[2026-05-26 16:28:52,768]   Batch[ 350/937] Loss: 1.3613 CE: 1.3613 Acc: 45.3% LR: 0.000497
[2026-05-26 16:29:56,507]   Batch[ 400/937] Loss: 1.3593 CE: 1.3592 Acc: 45.3% LR: 0.000497
[2026-05-26 16:31:01,062]   Batch[ 450/937] Loss: 1.3580 CE: 1.3580 Acc: 45.3% LR: 0.000497
[2026-05-26 16:32:04,901]   Batch[ 500/937] Loss: 1.3585 CE: 1.3585 Acc: 45.2% LR: 0.000497
[2026-05-26 16:33:10,616]   Batch[ 550/937] Loss: 1.3578 CE: 1.3578 Acc: 45.2% LR: 0.000497
[2026-05-26 16:34:13,100]   Batch[ 600/937] Loss: 1.3579 CE: 1.3578 Acc: 45.3% LR: 0.000497
[2026-05-26 16:35:26,814]   Batch[ 650/937] Loss: 1.3576 CE: 1.3575 Acc: 45.4% LR: 0.000497
[2026-05-26 16:36:39,897]   Batch[ 700/937] Loss: 1.3579 CE: 1.3579 Acc: 45.4% LR: 0.000497
[2026-05-26 16:37:52,596]   Batch[ 750/937] Loss: 1.3567 CE: 1.3567 Acc: 45.5% LR: 0.000497
[2026-05-26 16:39:04,294]   Batch[ 800/937] Loss: 1.3555 CE: 1.3555 Acc: 45.5% LR: 0.000497
[2026-05-26 16:40:21,605]   Batch[ 850/937] Loss: 1.3537 CE: 1.3537 Acc: 45.6% LR: 0.000497
[2026-05-26 16:41:36,035]   Batch[ 900/937] Loss: 1.3521 CE: 1.3521 Acc: 45.7% LR: 0.000497
[2026-05-26 16:44:50,582] Epoch 9: train_loss=1.3510 train_acc=45.8% val_loss=1.2702 val_acc=49.9% DA=0.256 CB=0.000
[2026-05-26 16:44:52,533]   Batch[   0/937] Loss: 1.3717 CE: 1.3716 Acc: 51.6% LR: 0.000497
[2026-05-26 16:46:34,504]   Batch[  50/937] Loss: 1.3492 CE: 1.3491 Acc: 45.1% LR: 0.000497
[2026-05-26 16:48:22,719]   Batch[ 100/937] Loss: 1.3497 CE: 1.3497 Acc: 44.9% LR: 0.000497
[2026-05-26 16:52:47,771]   Batch[ 150/937] Loss: 1.3501 CE: 1.3501 Acc: 45.5% LR: 0.000496
[2026-05-26 16:57:33,561]   Batch[ 200/937] Loss: 1.3400 CE: 1.3400 Acc: 45.7% LR: 0.000496
[2026-05-26 17:02:13,378]   Batch[ 250/937] Loss: 1.3418 CE: 1.3418 Acc: 45.6% LR: 0.000496
[2026-05-26 17:06:40,895]   Batch[ 300/937] Loss: 1.3442 CE: 1.3442 Acc: 45.5% LR: 0.000496
[2026-05-26 17:11:10,382]   Batch[ 350/937] Loss: 1.3414 CE: 1.3414 Acc: 45.9% LR: 0.000496
[2026-05-26 17:15:37,476]   Batch[ 400/937] Loss: 1.3391 CE: 1.3391 Acc: 46.0% LR: 0.000496
[2026-05-26 17:20:34,221]   Batch[ 450/937] Loss: 1.3412 CE: 1.3412 Acc: 46.0% LR: 0.000496
