[2026-05-26 19:08:29,864] Loading dataset...
[2026-05-26 19:08:29,951] Train: 60000, Val: 10000
[2026-05-26 19:08:29,951] Creating model...
[2026-05-26 19:08:30,063] Parameters: 0.74M total, 0.35M trainable
C:\Users\MR\Desktop\初代激素场网络\hormonic_v3\local_train.py:325: FutureWarning: `torch.cuda.amp.GradScaler(args...)` is deprecated. Please use `torch.amp.GradScaler('cuda', args...)` instead.
  scaler = GradScaler(enabled=config['train']['use_amp'])
[2026-05-26 19:08:30,065] Starting training: 50 epochs
C:\Users\MR\Desktop\初代激素场网络\hormonic_v3\local_train.py:139: FutureWarning: `torch.cuda.amp.autocast(args...)` is deprecated. Please use `torch.amp.autocast('cuda', args...)` instead.
  with autocast(enabled=use_amp):
[2026-05-26 19:08:32,246]   Batch[   0/937] Loss: 2.7141 CE: 2.7001 Acc: 9.4% LR: 0.000005
[2026-05-26 19:09:30,671]   Batch[  50/937] Loss: 2.5539 CE: 2.5402 Acc: 9.7% LR: 0.000012
[2026-05-26 19:10:27,511]   Batch[ 100/937] Loss: 2.4649 CE: 2.4518 Acc: 10.3% LR: 0.000018
[2026-05-26 19:11:24,139]   Batch[ 150/937] Loss: 2.4061 CE: 2.3936 Acc: 12.2% LR: 0.000025
[2026-05-26 19:12:21,833]   Batch[ 200/937] Loss: 2.3648 CE: 2.3531 Acc: 13.3% LR: 0.000031
[2026-05-26 19:13:19,111]   Batch[ 250/937] Loss: 2.3297 CE: 2.3187 Acc: 14.3% LR: 0.000038
[2026-05-26 19:14:16,302]   Batch[ 300/937] Loss: 2.3002 CE: 2.2899 Acc: 15.1% LR: 0.000045
[2026-05-26 19:15:14,171]   Batch[ 350/937] Loss: 2.2722 CE: 2.2626 Acc: 16.0% LR: 0.000051
[2026-05-26 19:16:11,595]   Batch[ 400/937] Loss: 2.2492 CE: 2.2404 Acc: 16.7% LR: 0.000058
[2026-05-26 19:17:09,128]   Batch[ 450/937] Loss: 2.2297 CE: 2.2215 Acc: 17.2% LR: 0.000064
[2026-05-26 19:18:05,935]   Batch[ 500/937] Loss: 2.2099 CE: 2.2023 Acc: 17.8% LR: 0.000071
[2026-05-26 19:19:02,706]   Batch[ 550/937] Loss: 2.1930 CE: 2.1859 Acc: 18.2% LR: 0.000078
[2026-05-26 19:20:00,334]   Batch[ 600/937] Loss: 2.1777 CE: 2.1711 Acc: 18.6% LR: 0.000084
[2026-05-26 19:20:57,500]   Batch[ 650/937] Loss: 2.1643 CE: 2.1581 Acc: 19.0% LR: 0.000091
[2026-05-26 19:21:55,748]   Batch[ 700/937] Loss: 2.1545 CE: 2.1488 Acc: 19.3% LR: 0.000097
[2026-05-26 19:22:54,163]   Batch[ 750/937] Loss: 2.1440 CE: 2.1385 Acc: 19.5% LR: 0.000104
[2026-05-26 19:23:52,126]   Batch[ 800/937] Loss: 2.1344 CE: 2.1293 Acc: 19.9% LR: 0.000111
[2026-05-26 19:24:49,195]   Batch[ 850/937] Loss: 2.1254 CE: 2.1205 Acc: 20.1% LR: 0.000117
[2026-05-26 19:25:46,299]   Batch[ 900/937] Loss: 2.1178 CE: 2.1132 Acc: 20.3% LR: 0.000124
C:\Users\MR\Desktop\初代激素场网络\hormonic_v3\local_train.py:207: FutureWarning: `torch.cuda.amp.autocast(args...)` is deprecated. Please use `torch.amp.autocast('cuda', args...)` instead.
  with autocast(enabled=use_amp):
[2026-05-26 19:27:35,999] Epoch 1: train_loss=2.1123 train_acc=20.5% val_loss=1.9373 val_acc=26.4% DA=0.326 CB=0.000
[2026-05-26 19:27:37,125]   Batch[   0/937] Loss: 2.0915 CE: 2.0912 Acc: 20.3% LR: 0.000129
[2026-05-26 19:28:33,965]   Batch[  50/937] Loss: 1.9609 CE: 1.9606 Acc: 24.3% LR: 0.000135
[2026-05-26 19:29:30,771]   Batch[ 100/937] Loss: 1.9658 CE: 1.9656 Acc: 25.0% LR: 0.000142
[2026-05-26 19:30:27,739]   Batch[ 150/937] Loss: 1.9629 CE: 1.9626 Acc: 25.4% LR: 0.000148
[2026-05-26 19:31:24,565]   Batch[ 200/937] Loss: 1.9660 CE: 1.9657 Acc: 25.2% LR: 0.000155
[2026-05-26 19:32:21,635]   Batch[ 250/937] Loss: 1.9644 CE: 1.9641 Acc: 25.1% LR: 0.000162
[2026-05-26 19:33:18,144]   Batch[ 300/937] Loss: 1.9627 CE: 1.9625 Acc: 25.1% LR: 0.000168
[2026-05-26 19:34:14,997]   Batch[ 350/937] Loss: 1.9601 CE: 1.9598 Acc: 25.2% LR: 0.000175
[2026-05-26 19:35:11,770]   Batch[ 400/937] Loss: 1.9539 CE: 1.9536 Acc: 25.6% LR: 0.000181
[2026-05-26 19:36:08,648]   Batch[ 450/937] Loss: 1.9488 CE: 1.9485 Acc: 25.8% LR: 0.000188
[2026-05-26 19:37:05,473]   Batch[ 500/937] Loss: 1.9445 CE: 1.9442 Acc: 25.9% LR: 0.000195
[2026-05-26 19:38:02,329]   Batch[ 550/937] Loss: 1.9417 CE: 1.9414 Acc: 25.9% LR: 0.000201
[2026-05-26 19:38:59,065]   Batch[ 600/937] Loss: 1.9395 CE: 1.9392 Acc: 25.9% LR: 0.000208
[2026-05-26 19:39:55,849]   Batch[ 650/937] Loss: 1.9359 CE: 1.9357 Acc: 26.0% LR: 0.000214
[2026-05-26 19:40:52,468]   Batch[ 700/937] Loss: 1.9335 CE: 1.9333 Acc: 26.1% LR: 0.000221
[2026-05-26 19:41:49,334]   Batch[ 750/937] Loss: 1.9311 CE: 1.9309 Acc: 26.2% LR: 0.000228
[2026-05-26 19:42:46,229]   Batch[ 800/937] Loss: 1.9277 CE: 1.9275 Acc: 26.2% LR: 0.000234
[2026-05-26 19:43:43,141]   Batch[ 850/937] Loss: 1.9241 CE: 1.9239 Acc: 26.3% LR: 0.000241
[2026-05-26 19:44:40,006]   Batch[ 900/937] Loss: 1.9201 CE: 1.9198 Acc: 26.3% LR: 0.000247
[2026-05-26 19:46:30,081] Epoch 2: train_loss=1.9171 train_acc=26.4% val_loss=1.8131 val_acc=28.5% DA=0.306 CB=0.000
[2026-05-26 19:46:31,238]   Batch[   0/937] Loss: 1.6473 CE: 1.6472 Acc: 35.9% LR: 0.000252
[2026-05-26 19:47:29,056]   Batch[  50/937] Loss: 1.8603 CE: 1.8602 Acc: 27.7% LR: 0.000259
[2026-05-26 19:48:26,409]   Batch[ 100/937] Loss: 1.8544 CE: 1.8542 Acc: 27.7% LR: 0.000265
[2026-05-26 19:49:23,409]   Batch[ 150/937] Loss: 1.8439 CE: 1.8438 Acc: 28.0% LR: 0.000272
[2026-05-26 19:50:20,447]   Batch[ 200/937] Loss: 1.8314 CE: 1.8313 Acc: 28.1% LR: 0.000279
[2026-05-26 19:51:17,965]   Batch[ 250/937] Loss: 1.8247 CE: 1.8246 Acc: 28.3% LR: 0.000285
[2026-05-26 19:52:15,135]   Batch[ 300/937] Loss: 1.8183 CE: 1.8182 Acc: 28.4% LR: 0.000292
[2026-05-26 19:53:11,964]   Batch[ 350/937] Loss: 1.8094 CE: 1.8093 Acc: 28.8% LR: 0.000298
[2026-05-26 19:54:08,950]   Batch[ 400/937] Loss: 1.8042 CE: 1.8041 Acc: 29.0% LR: 0.000305
[2026-05-26 19:55:05,820]   Batch[ 450/937] Loss: 1.8001 CE: 1.8000 Acc: 29.0% LR: 0.000312
[2026-05-26 19:56:02,593]   Batch[ 500/937] Loss: 1.7967 CE: 1.7967 Acc: 29.0% LR: 0.000318
[2026-05-26 19:56:59,273]   Batch[ 550/937] Loss: 1.7904 CE: 1.7903 Acc: 29.0% LR: 0.000325
[2026-05-26 19:57:55,960]   Batch[ 600/937] Loss: 1.7868 CE: 1.7867 Acc: 29.1% LR: 0.000331
[2026-05-26 19:58:52,869]   Batch[ 650/937] Loss: 1.7812 CE: 1.7811 Acc: 29.2% LR: 0.000338
[2026-05-26 19:59:49,654]   Batch[ 700/937] Loss: 1.7760 CE: 1.7759 Acc: 29.3% LR: 0.000345
[2026-05-26 20:00:46,746]   Batch[ 750/937] Loss: 1.7708 CE: 1.7707 Acc: 29.4% LR: 0.000351
[2026-05-26 20:01:43,593]   Batch[ 800/937] Loss: 1.7660 CE: 1.7659 Acc: 29.5% LR: 0.000358
[2026-05-26 20:02:40,430]   Batch[ 850/937] Loss: 1.7633 CE: 1.7632 Acc: 29.5% LR: 0.000364
[2026-05-26 20:03:36,985]   Batch[ 900/937] Loss: 1.7591 CE: 1.7590 Acc: 29.7% LR: 0.000371
[2026-05-26 20:05:26,221] Epoch 3: train_loss=1.7561 train_acc=29.8% val_loss=1.6407 val_acc=33.9% DA=0.276 CB=0.000
[2026-05-26 20:05:27,328]   Batch[   0/937] Loss: 1.6105 CE: 1.6104 Acc: 32.8% LR: 0.000376
[2026-05-26 20:06:24,269]   Batch[  50/937] Loss: 1.7129 CE: 1.7129 Acc: 30.5% LR: 0.000382
[2026-05-26 20:07:20,796]   Batch[ 100/937] Loss: 1.7093 CE: 1.7092 Acc: 30.4% LR: 0.000389
[2026-05-26 20:08:17,578]   Batch[ 150/937] Loss: 1.7016 CE: 1.7015 Acc: 30.5% LR: 0.000396
[2026-05-26 20:09:14,203]   Batch[ 200/937] Loss: 1.6925 CE: 1.6924 Acc: 30.8% LR: 0.000402
[2026-05-26 20:10:11,159]   Batch[ 250/937] Loss: 1.6842 CE: 1.6841 Acc: 31.3% LR: 0.000409
[2026-05-26 20:11:07,826]   Batch[ 300/937] Loss: 1.6829 CE: 1.6829 Acc: 31.0% LR: 0.000415
[2026-05-26 20:12:04,250]   Batch[ 350/937] Loss: 1.6786 CE: 1.6786 Acc: 31.3% LR: 0.000422
[2026-05-26 20:13:00,589]   Batch[ 400/937] Loss: 1.6762 CE: 1.6762 Acc: 31.1% LR: 0.000429
[2026-05-26 20:13:57,242]   Batch[ 450/937] Loss: 1.6749 CE: 1.6748 Acc: 31.1% LR: 0.000435
[2026-05-26 20:14:53,866]   Batch[ 500/937] Loss: 1.6739 CE: 1.6739 Acc: 31.2% LR: 0.000442
[2026-05-26 20:15:50,684]   Batch[ 550/937] Loss: 1.6723 CE: 1.6722 Acc: 31.3% LR: 0.000448
[2026-05-26 20:16:47,137]   Batch[ 600/937] Loss: 1.6688 CE: 1.6688 Acc: 31.4% LR: 0.000455
[2026-05-26 20:17:43,869]   Batch[ 650/937] Loss: 1.6654 CE: 1.6654 Acc: 31.7% LR: 0.000462
[2026-05-26 20:18:40,821]   Batch[ 700/937] Loss: 1.6616 CE: 1.6615 Acc: 31.8% LR: 0.000468
[2026-05-26 20:19:37,805]   Batch[ 750/937] Loss: 1.6605 CE: 1.6605 Acc: 31.9% LR: 0.000475
[2026-05-26 20:20:34,610]   Batch[ 800/937] Loss: 1.6584 CE: 1.6584 Acc: 32.0% LR: 0.000482
[2026-05-26 20:21:31,271]   Batch[ 850/937] Loss: 1.6563 CE: 1.6563 Acc: 32.2% LR: 0.000488
[2026-05-26 20:22:28,102]   Batch[ 900/937] Loss: 1.6540 CE: 1.6539 Acc: 32.3% LR: 0.000495
[2026-05-26 20:24:17,078] Epoch 4: train_loss=1.6536 train_acc=32.3% val_loss=2.5823 val_acc=16.4% DA=0.591 CB=0.000
[2026-05-26 20:24:18,230]   Batch[   0/937] Loss: 1.6071 CE: 1.6071 Acc: 28.1% LR: 0.000499
C:\Users\MR\anaconda3\Lib\site-packages\torch\optim\lr_scheduler.py:198: UserWarning: The epoch parameter in `scheduler.step()` was not necessary and is being deprecated where possible. Please use `scheduler.step()` to step the scheduler. During the deprecation, if epoch is different from None, the closed form is used instead of the new chainable form, where available. Please open an issue if you are unable to replicate your use case: https://github.com/pytorch/pytorch/issues/new/choose.
  warnings.warn(EPOCH_DEPRECATION_WARNING, UserWarning)
[2026-05-26 20:25:14,845]   Batch[  50/937] Loss: 1.6096 CE: 1.6095 Acc: 33.8% LR: 0.000500
[2026-05-26 20:26:11,462]   Batch[ 100/937] Loss: 1.6188 CE: 1.6188 Acc: 33.8% LR: 0.000500
[2026-05-26 20:27:08,202]   Batch[ 150/937] Loss: 1.6234 CE: 1.6234 Acc: 33.2% LR: 0.000500
[2026-05-26 20:28:05,049]   Batch[ 200/937] Loss: 1.6175 CE: 1.6175 Acc: 33.3% LR: 0.000500
[2026-05-26 20:29:01,684]   Batch[ 250/937] Loss: 1.6173 CE: 1.6173 Acc: 33.2% LR: 0.000500
[2026-05-26 20:29:58,232]   Batch[ 300/937] Loss: 1.6179 CE: 1.6179 Acc: 33.4% LR: 0.000500
[2026-05-26 20:30:54,972]   Batch[ 350/937] Loss: 1.6176 CE: 1.6175 Acc: 33.4% LR: 0.000500
[2026-05-26 20:31:51,874]   Batch[ 400/937] Loss: 1.6159 CE: 1.6159 Acc: 33.5% LR: 0.000500
[2026-05-26 20:32:48,265]   Batch[ 450/937] Loss: 1.6144 CE: 1.6143 Acc: 33.6% LR: 0.000500
[2026-05-26 20:33:45,172]   Batch[ 500/937] Loss: 1.6121 CE: 1.6121 Acc: 33.6% LR: 0.000500
[2026-05-26 20:34:41,846]   Batch[ 550/937] Loss: 1.6112 CE: 1.6112 Acc: 33.7% LR: 0.000500
[2026-05-26 20:35:38,567]   Batch[ 600/937] Loss: 1.6084 CE: 1.6083 Acc: 33.8% LR: 0.000500
[2026-05-26 20:36:35,211]   Batch[ 650/937] Loss: 1.6057 CE: 1.6057 Acc: 34.0% LR: 0.000500
[2026-05-26 20:37:31,747]   Batch[ 700/937] Loss: 1.6034 CE: 1.6034 Acc: 34.1% LR: 0.000500
[2026-05-26 20:38:28,824]   Batch[ 750/937] Loss: 1.6029 CE: 1.6029 Acc: 34.1% LR: 0.000500
[2026-05-26 20:39:25,679]   Batch[ 800/937] Loss: 1.6020 CE: 1.6020 Acc: 34.2% LR: 0.000500
[2026-05-26 20:40:22,379]   Batch[ 850/937] Loss: 1.6024 CE: 1.6024 Acc: 34.2% LR: 0.000500
[2026-05-26 20:41:19,101]   Batch[ 900/937] Loss: 1.6006 CE: 1.6006 Acc: 34.3% LR: 0.000500
[2026-05-26 20:43:08,191] BWO executed at epoch 5
[2026-05-26 20:43:08,191] Epoch 5: train_loss=1.5989 train_acc=34.3% val_loss=2.2559 val_acc=18.4% DA=0.473 CB=0.000
[2026-05-26 20:43:09,352]   Batch[   0/937] Loss: 1.7194 CE: 1.7194 Acc: 34.4% LR: 0.000500
[2026-05-26 20:44:05,997]   Batch[  50/937] Loss: 1.6280 CE: 1.6280 Acc: 32.5% LR: 0.000500
[2026-05-26 20:45:02,313]   Batch[ 100/937] Loss: 1.5981 CE: 1.5980 Acc: 33.3% LR: 0.000500
[2026-05-26 20:45:59,207]   Batch[ 150/937] Loss: 1.5859 CE: 1.5859 Acc: 33.8% LR: 0.000500
[2026-05-26 20:46:55,827]   Batch[ 200/937] Loss: 1.5754 CE: 1.5753 Acc: 34.3% LR: 0.000500
[2026-05-26 20:47:53,139]   Batch[ 250/937] Loss: 1.5710 CE: 1.5710 Acc: 34.5% LR: 0.000500
[2026-05-26 20:48:50,353]   Batch[ 300/937] Loss: 1.5687 CE: 1.5686 Acc: 34.6% LR: 0.000500
[2026-05-26 20:49:48,515]   Batch[ 350/937] Loss: 1.5620 CE: 1.5620 Acc: 35.0% LR: 0.000500
[2026-05-26 20:50:45,601]   Batch[ 400/937] Loss: 1.5569 CE: 1.5568 Acc: 35.5% LR: 0.000500
[2026-05-26 20:51:43,142]   Batch[ 450/937] Loss: 1.5518 CE: 1.5518 Acc: 35.9% LR: 0.000500
[2026-05-26 20:52:40,730]   Batch[ 500/937] Loss: 1.5533 CE: 1.5533 Acc: 35.7% LR: 0.000500
[2026-05-26 20:53:39,291]   Batch[ 550/937] Loss: 1.5486 CE: 1.5486 Acc: 36.0% LR: 0.000500
[2026-05-26 20:54:37,106]   Batch[ 600/937] Loss: 1.5454 CE: 1.5453 Acc: 36.2% LR: 0.000500
[2026-05-26 20:55:34,865]   Batch[ 650/937] Loss: 1.5417 CE: 1.5417 Acc: 36.4% LR: 0.000500
[2026-05-26 20:56:32,684]   Batch[ 700/937] Loss: 1.5383 CE: 1.5383 Acc: 36.4% LR: 0.000500
[2026-05-26 20:57:29,709]   Batch[ 750/937] Loss: 1.5342 CE: 1.5342 Acc: 36.5% LR: 0.000500
[2026-05-26 20:58:26,745]   Batch[ 800/937] Loss: 1.5300 CE: 1.5300 Acc: 36.6% LR: 0.000500
[2026-05-26 20:59:23,585]   Batch[ 850/937] Loss: 1.5262 CE: 1.5262 Acc: 36.9% LR: 0.000500
[2026-05-26 21:00:20,509]   Batch[ 900/937] Loss: 1.5236 CE: 1.5236 Acc: 36.9% LR: 0.000499
[2026-05-26 21:02:09,626] Epoch 6: train_loss=1.5231 train_acc=37.0% val_loss=1.5548 val_acc=35.1% DA=0.259 CB=0.000
[2026-05-26 21:02:10,749]   Batch[   0/937] Loss: 1.7949 CE: 1.7949 Acc: 21.9% LR: 0.000499
[2026-05-26 21:03:07,511]   Batch[  50/937] Loss: 1.4846 CE: 1.4846 Acc: 38.6% LR: 0.000499
[2026-05-26 21:04:04,222]   Batch[ 100/937] Loss: 1.4730 CE: 1.4730 Acc: 39.7% LR: 0.000499
[2026-05-26 21:05:01,215]   Batch[ 150/937] Loss: 1.4741 CE: 1.4740 Acc: 39.2% LR: 0.000499
[2026-05-26 21:05:57,741]   Batch[ 200/937] Loss: 1.4646 CE: 1.4645 Acc: 39.6% LR: 0.000499
[2026-05-26 21:06:54,426]   Batch[ 250/937] Loss: 1.4663 CE: 1.4662 Acc: 39.4% LR: 0.000499
[2026-05-26 21:07:50,887]   Batch[ 300/937] Loss: 1.4616 CE: 1.4615 Acc: 39.6% LR: 0.000499
[2026-05-26 21:08:48,305]   Batch[ 350/937] Loss: 1.4614 CE: 1.4613 Acc: 39.9% LR: 0.000499
[2026-05-26 21:09:45,141]   Batch[ 400/937] Loss: 1.4599 CE: 1.4599 Acc: 40.0% LR: 0.000499
[2026-05-26 21:10:41,539]   Batch[ 450/937] Loss: 1.4560 CE: 1.4559 Acc: 40.2% LR: 0.000499
[2026-05-26 21:11:38,095]   Batch[ 500/937] Loss: 1.4562 CE: 1.4562 Acc: 40.3% LR: 0.000499
[2026-05-26 21:12:34,938]   Batch[ 550/937] Loss: 1.4556 CE: 1.4555 Acc: 40.4% LR: 0.000499
[2026-05-26 21:13:31,798]   Batch[ 600/937] Loss: 1.4551 CE: 1.4551 Acc: 40.4% LR: 0.000499
[2026-05-26 21:14:28,520]   Batch[ 650/937] Loss: 1.4522 CE: 1.4522 Acc: 40.6% LR: 0.000499
[2026-05-26 21:15:25,456]   Batch[ 700/937] Loss: 1.4497 CE: 1.4497 Acc: 40.7% LR: 0.000499
[2026-05-26 21:16:21,997]   Batch[ 750/937] Loss: 1.4468 CE: 1.4467 Acc: 40.8% LR: 0.000499
[2026-05-26 21:17:18,866]   Batch[ 800/937] Loss: 1.4442 CE: 1.4442 Acc: 41.0% LR: 0.000499
[2026-05-26 21:18:15,483]   Batch[ 850/937] Loss: 1.4451 CE: 1.4451 Acc: 40.9% LR: 0.000499
[2026-05-26 21:19:11,929]   Batch[ 900/937] Loss: 1.4430 CE: 1.4430 Acc: 41.0% LR: 0.000499
[2026-05-26 21:21:00,886] Epoch 7: train_loss=1.4410 train_acc=41.1% val_loss=1.3823 val_acc=42.5% DA=0.237 CB=0.000
[2026-05-26 21:21:01,994]   Batch[   0/937] Loss: 1.5180 CE: 1.5180 Acc: 35.9% LR: 0.000499
[2026-05-26 21:21:58,758]   Batch[  50/937] Loss: 1.4025 CE: 1.4025 Acc: 42.3% LR: 0.000499
[2026-05-26 21:22:55,371]   Batch[ 100/937] Loss: 1.3959 CE: 1.3959 Acc: 43.1% LR: 0.000499
[2026-05-26 21:23:52,242]   Batch[ 150/937] Loss: 1.3939 CE: 1.3939 Acc: 43.4% LR: 0.000499
[2026-05-26 21:24:49,324]   Batch[ 200/937] Loss: 1.3978 CE: 1.3977 Acc: 43.3% LR: 0.000499
[2026-05-26 21:25:46,362]   Batch[ 250/937] Loss: 1.3990 CE: 1.3990 Acc: 43.2% LR: 0.000499
[2026-05-26 21:26:43,016]   Batch[ 300/937] Loss: 1.4039 CE: 1.4039 Acc: 43.0% LR: 0.000499
[2026-05-26 21:27:39,859]   Batch[ 350/937] Loss: 1.4043 CE: 1.4043 Acc: 42.9% LR: 0.000498
[2026-05-26 21:28:36,757]   Batch[ 400/937] Loss: 1.4008 CE: 1.4008 Acc: 43.1% LR: 0.000498
[2026-05-26 21:29:39,121]   Batch[ 450/937] Loss: 1.3981 CE: 1.3981 Acc: 43.2% LR: 0.000498
[2026-05-26 21:30:45,051]   Batch[ 500/937] Loss: 1.4007 CE: 1.4006 Acc: 43.1% LR: 0.000498
[2026-05-26 21:32:09,298]   Batch[ 550/937] Loss: 1.3975 CE: 1.3974 Acc: 43.2% LR: 0.000498
[2026-05-26 21:33:43,864]   Batch[ 600/937] Loss: 1.3996 CE: 1.3996 Acc: 43.1% LR: 0.000498
[2026-05-26 21:35:19,149]   Batch[ 650/937] Loss: 1.3973 CE: 1.3973 Acc: 43.2% LR: 0.000498
[2026-05-26 21:36:53,202]   Batch[ 700/937] Loss: 1.3945 CE: 1.3945 Acc: 43.3% LR: 0.000498
[2026-05-26 21:38:27,368]   Batch[ 750/937] Loss: 1.3936 CE: 1.3936 Acc: 43.5% LR: 0.000498
[2026-05-26 21:40:01,893]   Batch[ 800/937] Loss: 1.3930 CE: 1.3930 Acc: 43.5% LR: 0.000498
[2026-05-26 21:41:36,474]   Batch[ 850/937] Loss: 1.3926 CE: 1.3926 Acc: 43.6% LR: 0.000498
[2026-05-26 21:43:11,278]   Batch[ 900/937] Loss: 1.3921 CE: 1.3920 Acc: 43.6% LR: 0.000498
[2026-05-26 21:46:13,492] Epoch 8: train_loss=1.3917 train_acc=43.6% val_loss=1.3167 val_acc=47.2% DA=0.244 CB=0.000
[2026-05-26 21:46:15,249]   Batch[   0/937] Loss: 1.2369 CE: 1.2368 Acc: 39.1% LR: 0.000498
[2026-05-26 21:47:48,934]   Batch[  50/937] Loss: 1.3583 CE: 1.3583 Acc: 45.7% LR: 0.000498
[2026-05-26 21:49:22,078]   Batch[ 100/937] Loss: 1.3782 CE: 1.3781 Acc: 44.5% LR: 0.000498
[2026-05-26 21:50:58,131]   Batch[ 150/937] Loss: 1.3707 CE: 1.3706 Acc: 45.1% LR: 0.000498
[2026-05-26 21:52:35,606]   Batch[ 200/937] Loss: 1.3689 CE: 1.3689 Acc: 45.3% LR: 0.000498
[2026-05-26 21:54:11,654]   Batch[ 250/937] Loss: 1.3735 CE: 1.3735 Acc: 45.0% LR: 0.000498
[2026-05-26 21:55:46,180]   Batch[ 300/937] Loss: 1.3717 CE: 1.3716 Acc: 45.1% LR: 0.000498
[2026-05-26 21:57:21,283]   Batch[ 350/937] Loss: 1.3673 CE: 1.3672 Acc: 45.1% LR: 0.000497
[2026-05-26 21:58:57,311]   Batch[ 400/937] Loss: 1.3638 CE: 1.3637 Acc: 45.2% LR: 0.000497
[2026-05-26 22:00:32,557]   Batch[ 450/937] Loss: 1.3631 CE: 1.3631 Acc: 45.2% LR: 0.000497
[2026-05-26 22:02:05,223]   Batch[ 500/937] Loss: 1.3628 CE: 1.3628 Acc: 45.1% LR: 0.000497
[2026-05-26 22:03:37,227]   Batch[ 550/937] Loss: 1.3631 CE: 1.3631 Acc: 45.1% LR: 0.000497
[2026-05-26 22:05:12,144]   Batch[ 600/937] Loss: 1.3632 CE: 1.3631 Acc: 45.1% LR: 0.000497
[2026-05-26 22:06:46,777]   Batch[ 650/937] Loss: 1.3630 CE: 1.3629 Acc: 45.1% LR: 0.000497
[2026-05-26 22:08:21,198]   Batch[ 700/937] Loss: 1.3634 CE: 1.3634 Acc: 45.2% LR: 0.000497
[2026-05-26 22:09:56,031]   Batch[ 750/937] Loss: 1.3630 CE: 1.3630 Acc: 45.2% LR: 0.000497
[2026-05-26 22:11:30,587]   Batch[ 800/937] Loss: 1.3615 CE: 1.3614 Acc: 45.2% LR: 0.000497
[2026-05-26 22:13:06,007]   Batch[ 850/937] Loss: 1.3593 CE: 1.3593 Acc: 45.3% LR: 0.000497
[2026-05-26 22:14:40,575]   Batch[ 900/937] Loss: 1.3578 CE: 1.3578 Acc: 45.4% LR: 0.000497
[2026-05-26 22:17:45,762] Epoch 9: train_loss=1.3567 train_acc=45.4% val_loss=1.2766 val_acc=49.0% DA=0.256 CB=0.000
[2026-05-26 22:17:47,626]   Batch[   0/937] Loss: 1.3739 CE: 1.3739 Acc: 51.6% LR: 0.000497
[2026-05-26 22:19:22,352]   Batch[  50/937] Loss: 1.3409 CE: 1.3409 Acc: 45.4% LR: 0.000497
[2026-05-26 22:20:58,928]   Batch[ 100/937] Loss: 1.3355 CE: 1.3355 Acc: 45.6% LR: 0.000497
[2026-05-26 22:22:34,032]   Batch[ 150/937] Loss: 1.3423 CE: 1.3422 Acc: 46.3% LR: 0.000496
[2026-05-26 22:24:10,700]   Batch[ 200/937] Loss: 1.3324 CE: 1.3324 Acc: 46.5% LR: 0.000496
[2026-05-26 22:25:51,860]   Batch[ 250/937] Loss: 1.3354 CE: 1.3354 Acc: 46.3% LR: 0.000496
[2026-05-26 22:27:29,224]   Batch[ 300/937] Loss: 1.3373 CE: 1.3373 Acc: 46.2% LR: 0.000496
[2026-05-26 22:29:07,169]   Batch[ 350/937] Loss: 1.3354 CE: 1.3353 Acc: 46.4% LR: 0.000496
[2026-05-26 22:30:44,878]   Batch[ 400/937] Loss: 1.3341 CE: 1.3341 Acc: 46.5% LR: 0.000496
[2026-05-26 22:32:21,015]   Batch[ 450/937] Loss: 1.3371 CE: 1.3371 Acc: 46.4% LR: 0.000496
[2026-05-26 22:34:04,029]   Batch[ 500/937] Loss: 1.3333 CE: 1.3333 Acc: 46.4% LR: 0.000496
[2026-05-26 22:36:15,133]   Batch[ 550/937] Loss: 1.3337 CE: 1.3337 Acc: 46.4% LR: 0.000496
[2026-05-26 22:38:31,061]   Batch[ 600/937] Loss: 1.3342 CE: 1.3342 Acc: 46.3% LR: 0.000496
[2026-05-26 22:40:19,896]   Batch[ 650/937] Loss: 1.3344 CE: 1.3343 Acc: 46.4% LR: 0.000496
[2026-05-26 22:41:58,589]   Batch[ 700/937] Loss: 1.3350 CE: 1.3349 Acc: 46.4% LR: 0.000496
[2026-05-26 22:43:38,493]   Batch[ 750/937] Loss: 1.3344 CE: 1.3344 Acc: 46.5% LR: 0.000496
[2026-05-26 22:45:15,295]   Batch[ 800/937] Loss: 1.3342 CE: 1.3342 Acc: 46.6% LR: 0.000495
[2026-05-26 22:46:50,447]   Batch[ 850/937] Loss: 1.3331 CE: 1.3331 Acc: 46.6% LR: 0.000495
[2026-05-26 22:48:24,528]   Batch[ 900/937] Loss: 1.3321 CE: 1.3321 Acc: 46.6% LR: 0.000495
[2026-05-26 22:51:29,226] BWO executed at epoch 10
[2026-05-26 22:51:29,227] Epoch 10: train_loss=1.3327 train_acc=46.6% val_loss=1.2673 val_acc=49.7% DA=0.274 CB=0.000
[2026-05-26 22:51:31,203]   Batch[   0/937] Loss: 2.2352 CE: 2.2352 Acc: 28.1% LR: 0.000495
[2026-05-26 22:53:06,997]   Batch[  50/937] Loss: 1.5313 CE: 1.5312 Acc: 40.3% LR: 0.000495
[2026-05-26 22:54:43,318]   Batch[ 100/937] Loss: 1.4704 CE: 1.4704 Acc: 41.8% LR: 0.000495
[2026-05-26 22:56:20,265]   Batch[ 150/937] Loss: 1.4410 CE: 1.4409 Acc: 43.0% LR: 0.000495
[2026-05-26 22:57:56,618]   Batch[ 200/937] Loss: 1.4252 CE: 1.4251 Acc: 43.6% LR: 0.000495
[2026-05-26 22:59:33,316]   Batch[ 250/937] Loss: 1.4097 CE: 1.4096 Acc: 44.2% LR: 0.000495
[2026-05-26 23:01:11,166]   Batch[ 300/937] Loss: 1.3978 CE: 1.3978 Acc: 44.6% LR: 0.000495
[2026-05-26 23:02:48,402]   Batch[ 350/937] Loss: 1.3863 CE: 1.3863 Acc: 45.0% LR: 0.000495
[2026-05-26 23:04:25,925]   Batch[ 400/937] Loss: 1.3769 CE: 1.3768 Acc: 45.3% LR: 0.000495
[2026-05-26 23:06:00,105]   Batch[ 450/937] Loss: 1.3684 CE: 1.3684 Acc: 45.6% LR: 0.000494
[2026-05-26 23:07:33,877]   Batch[ 500/937] Loss: 1.3640 CE: 1.3639 Acc: 45.8% LR: 0.000494
[2026-05-26 23:09:05,788]   Batch[ 550/937] Loss: 1.3617 CE: 1.3617 Acc: 45.9% LR: 0.000494
[2026-05-26 23:10:40,708]   Batch[ 600/937] Loss: 1.3589 CE: 1.3589 Acc: 45.9% LR: 0.000494
[2026-05-26 23:12:15,726]   Batch[ 650/937] Loss: 1.3546 CE: 1.3545 Acc: 46.1% LR: 0.000494
[2026-05-26 23:13:50,926]   Batch[ 700/937] Loss: 1.3496 CE: 1.3496 Acc: 46.3% LR: 0.000494
[2026-05-26 23:15:25,617]   Batch[ 750/937] Loss: 1.3453 CE: 1.3452 Acc: 46.4% LR: 0.000494
[2026-05-26 23:16:59,796]   Batch[ 800/937] Loss: 1.3416 CE: 1.3416 Acc: 46.6% LR: 0.000494
[2026-05-26 23:18:34,247]   Batch[ 850/937] Loss: 1.3397 CE: 1.3397 Acc: 46.7% LR: 0.000494
[2026-05-26 23:20:09,330]   Batch[ 900/937] Loss: 1.3367 CE: 1.3366 Acc: 46.8% LR: 0.000494
[2026-05-26 23:23:14,270] Epoch 11: train_loss=1.3332 train_acc=47.0% val_loss=1.2505 val_acc=49.4% DA=0.288 CB=0.000
[2026-05-26 23:23:16,218]   Batch[   0/937] Loss: 1.1325 CE: 1.1324 Acc: 57.8% LR: 0.000494
[2026-05-26 23:24:51,633]   Batch[  50/937] Loss: 1.3105 CE: 1.3105 Acc: 47.7% LR: 0.000493
[2026-05-26 23:26:25,662]   Batch[ 100/937] Loss: 1.2977 CE: 1.2977 Acc: 48.3% LR: 0.000493
[2026-05-26 23:28:01,339]   Batch[ 150/937] Loss: 1.2849 CE: 1.2849 Acc: 49.0% LR: 0.000493
[2026-05-26 23:29:35,627]   Batch[ 200/937] Loss: 1.2783 CE: 1.2783 Acc: 49.3% LR: 0.000493
[2026-05-26 23:31:10,219]   Batch[ 250/937] Loss: 1.2711 CE: 1.2710 Acc: 49.4% LR: 0.000493
[2026-05-26 23:32:45,298]   Batch[ 300/937] Loss: 1.2709 CE: 1.2709 Acc: 49.5% LR: 0.000493
[2026-05-26 23:34:19,835]   Batch[ 350/937] Loss: 1.2691 CE: 1.2690 Acc: 49.6% LR: 0.000493
[2026-05-26 23:35:53,747]   Batch[ 400/937] Loss: 1.2729 CE: 1.2729 Acc: 49.6% LR: 0.000493
[2026-05-26 23:37:27,524]   Batch[ 450/937] Loss: 1.2770 CE: 1.2769 Acc: 49.5% LR: 0.000493
[2026-05-26 23:39:00,520]   Batch[ 500/937] Loss: 1.2755 CE: 1.2755 Acc: 49.7% LR: 0.000492
[2026-05-26 23:40:31,550]   Batch[ 550/937] Loss: 1.2757 CE: 1.2757 Acc: 49.6% LR: 0.000492
[2026-05-26 23:42:05,900]   Batch[ 600/937] Loss: 1.2725 CE: 1.2724 Acc: 49.7% LR: 0.000492
[2026-05-26 23:43:41,114]   Batch[ 650/937] Loss: 1.2677 CE: 1.2676 Acc: 49.8% LR: 0.000492
[2026-05-26 23:45:16,070]   Batch[ 700/937] Loss: 1.2670 CE: 1.2670 Acc: 49.8% LR: 0.000492
[2026-05-26 23:46:50,022]   Batch[ 750/937] Loss: 1.2677 CE: 1.2677 Acc: 49.7% LR: 0.000492
[2026-05-26 23:48:25,004]   Batch[ 800/937] Loss: 1.2677 CE: 1.2676 Acc: 49.7% LR: 0.000492
[2026-05-26 23:50:00,296]   Batch[ 850/937] Loss: 1.2646 CE: 1.2645 Acc: 49.8% LR: 0.000492
[2026-05-26 23:51:33,509]   Batch[ 900/937] Loss: 1.2629 CE: 1.2629 Acc: 49.9% LR: 0.000492
[2026-05-26 23:54:39,642] Epoch 12: train_loss=1.2623 train_acc=49.9% val_loss=1.1728 val_acc=52.5% DA=0.285 CB=0.000
[2026-05-26 23:54:41,538]   Batch[   0/937] Loss: 1.0619 CE: 1.0618 Acc: 56.2% LR: 0.000492
[2026-05-26 23:56:15,732]   Batch[  50/937] Loss: 1.2260 CE: 1.2260 Acc: 50.5% LR: 0.000491
[2026-05-26 23:57:51,188]   Batch[ 100/937] Loss: 1.2126 CE: 1.2126 Acc: 51.2% LR: 0.000491
[2026-05-26 23:59:26,525]   Batch[ 150/937] Loss: 1.2057 CE: 1.2056 Acc: 51.6% LR: 0.000491
[2026-05-27 00:01:02,831]   Batch[ 200/937] Loss: 1.2089 CE: 1.2088 Acc: 51.4% LR: 0.000491
[2026-05-27 00:02:40,972]   Batch[ 250/937] Loss: 1.2105 CE: 1.2105 Acc: 51.6% LR: 0.000491
[2026-05-27 00:04:19,130]   Batch[ 300/937] Loss: 1.2136 CE: 1.2135 Acc: 51.5% LR: 0.000491
[2026-05-27 00:05:55,212]   Batch[ 350/937] Loss: 1.2135 CE: 1.2134 Acc: 51.5% LR: 0.000491
[2026-05-27 00:07:30,977]   Batch[ 400/937] Loss: 1.2169 CE: 1.2169 Acc: 51.4% LR: 0.000491
[2026-05-27 00:09:06,935]   Batch[ 450/937] Loss: 1.2211 CE: 1.2211 Acc: 51.2% LR: 0.000490
[2026-05-27 00:10:41,025]   Batch[ 500/937] Loss: 1.2185 CE: 1.2184 Acc: 51.3% LR: 0.000490
[2026-05-27 00:12:12,585]   Batch[ 550/937] Loss: 1.2231 CE: 1.2231 Acc: 51.1% LR: 0.000490
[2026-05-27 00:13:46,896]   Batch[ 600/937] Loss: 1.2205 CE: 1.2204 Acc: 51.3% LR: 0.000490
[2026-05-27 00:15:22,382]   Batch[ 650/937] Loss: 1.2126 CE: 1.2126 Acc: 51.6% LR: 0.000490
[2026-05-27 00:16:57,422]   Batch[ 700/937] Loss: 1.2109 CE: 1.2108 Acc: 51.6% LR: 0.000490
[2026-05-27 00:18:32,913]   Batch[ 750/937] Loss: 1.2099 CE: 1.2098 Acc: 51.6% LR: 0.000490
[2026-05-27 00:20:07,526]   Batch[ 800/937] Loss: 1.2081 CE: 1.2080 Acc: 51.7% LR: 0.000490
[2026-05-27 00:21:42,508]   Batch[ 850/937] Loss: 1.2061 CE: 1.2061 Acc: 51.9% LR: 0.000490
[2026-05-27 00:23:17,920]   Batch[ 900/937] Loss: 1.2025 CE: 1.2025 Acc: 52.0% LR: 0.000489
[2026-05-27 00:26:22,949] Epoch 13: train_loss=1.2002 train_acc=52.1% val_loss=1.0791 val_acc=56.9% DA=0.277 CB=0.000
[2026-05-27 00:26:24,787]   Batch[   0/937] Loss: 1.1869 CE: 1.1868 Acc: 64.1% LR: 0.000489
[2026-05-27 00:27:59,376]   Batch[  50/937] Loss: 1.1799 CE: 1.1799 Acc: 53.2% LR: 0.000489
[2026-05-27 00:29:35,280]   Batch[ 100/937] Loss: 1.1486 CE: 1.1486 Acc: 54.8% LR: 0.000489
[2026-05-27 00:31:11,388]   Batch[ 150/937] Loss: 1.1529 CE: 1.1528 Acc: 54.3% LR: 0.000489
[2026-05-27 00:32:46,924]   Batch[ 200/937] Loss: 1.1515 CE: 1.1514 Acc: 54.5% LR: 0.000489
[2026-05-27 00:34:21,863]   Batch[ 250/937] Loss: 1.1465 CE: 1.1464 Acc: 54.8% LR: 0.000489
[2026-05-27 00:35:57,869]   Batch[ 300/937] Loss: 1.1479 CE: 1.1479 Acc: 54.8% LR: 0.000489
[2026-05-27 00:37:33,456]   Batch[ 350/937] Loss: 1.1397 CE: 1.1396 Acc: 55.1% LR: 0.000488
[2026-05-27 00:39:08,761]   Batch[ 400/937] Loss: 1.1398 CE: 1.1397 Acc: 54.9% LR: 0.000488
[2026-05-27 00:40:43,946]   Batch[ 450/937] Loss: 1.1395 CE: 1.1394 Acc: 55.0% LR: 0.000488
[2026-05-27 00:42:18,892]   Batch[ 500/937] Loss: 1.1344 CE: 1.1344 Acc: 55.3% LR: 0.000488
[2026-05-27 00:43:51,280]   Batch[ 550/937] Loss: 1.1383 CE: 1.1382 Acc: 55.1% LR: 0.000488
[2026-05-27 00:45:24,963]   Batch[ 600/937] Loss: 1.1344 CE: 1.1343 Acc: 55.3% LR: 0.000488
[2026-05-27 00:47:00,619]   Batch[ 650/937] Loss: 1.1302 CE: 1.1301 Acc: 55.5% LR: 0.000488
[2026-05-27 00:48:35,182]   Batch[ 700/937] Loss: 1.1277 CE: 1.1276 Acc: 55.7% LR: 0.000487
[2026-05-27 00:50:10,681]   Batch[ 750/937] Loss: 1.1233 CE: 1.1233 Acc: 55.9% LR: 0.000487
[2026-05-27 00:51:45,532]   Batch[ 800/937] Loss: 1.1203 CE: 1.1202 Acc: 56.0% LR: 0.000487
[2026-05-27 00:53:20,718]   Batch[ 850/937] Loss: 1.1169 CE: 1.1168 Acc: 56.1% LR: 0.000487
[2026-05-27 00:54:57,058]   Batch[ 900/937] Loss: 1.1150 CE: 1.1150 Acc: 56.2% LR: 0.000487
[2026-05-27 00:58:03,650] Epoch 14: train_loss=1.1138 train_acc=56.2% val_loss=1.0586 val_acc=57.9% DA=0.290 CB=0.000
[2026-05-27 00:58:05,514]   Batch[   0/937] Loss: 0.9679 CE: 0.9678 Acc: 60.9% LR: 0.000487
[2026-05-27 00:59:40,952]   Batch[  50/937] Loss: 1.1145 CE: 1.1144 Acc: 56.5% LR: 0.000487
[2026-05-27 01:01:16,039]   Batch[ 100/937] Loss: 1.1073 CE: 1.1072 Acc: 55.9% LR: 0.000487
[2026-05-27 01:02:50,524]   Batch[ 150/937] Loss: 1.1062 CE: 1.1061 Acc: 56.4% LR: 0.000486
[2026-05-27 01:04:26,678]   Batch[ 200/937] Loss: 1.0988 CE: 1.0988 Acc: 56.7% LR: 0.000486
[2026-05-27 01:06:04,755]   Batch[ 250/937] Loss: 1.1023 CE: 1.1022 Acc: 56.6% LR: 0.000486
[2026-05-27 01:07:42,359]   Batch[ 300/937] Loss: 1.1013 CE: 1.1012 Acc: 56.8% LR: 0.000486
[2026-05-27 01:09:19,708]   Batch[ 350/937] Loss: 1.0938 CE: 1.0937 Acc: 57.1% LR: 0.000486
[2026-05-27 01:10:55,024]   Batch[ 400/937] Loss: 1.0932 CE: 1.0931 Acc: 57.2% LR: 0.000486
[2026-05-27 01:12:31,981]   Batch[ 450/937] Loss: 1.0917 CE: 1.0916 Acc: 57.4% LR: 0.000486
[2026-05-27 01:14:07,249]   Batch[ 500/937] Loss: 1.0915 CE: 1.0914 Acc: 57.5% LR: 0.000485
[2026-05-27 01:15:39,124]   Batch[ 550/937] Loss: 1.0920 CE: 1.0919 Acc: 57.5% LR: 0.000485
[2026-05-27 01:17:12,471]   Batch[ 600/937] Loss: 1.0882 CE: 1.0882 Acc: 57.6% LR: 0.000485
[2026-05-27 01:18:46,910]   Batch[ 650/937] Loss: 1.0859 CE: 1.0858 Acc: 57.7% LR: 0.000485
[2026-05-27 01:20:22,479]   Batch[ 700/937] Loss: 1.0827 CE: 1.0826 Acc: 57.8% LR: 0.000485
[2026-05-27 01:21:58,437]   Batch[ 750/937] Loss: 1.0809 CE: 1.0808 Acc: 57.9% LR: 0.000485
[2026-05-27 01:23:33,597]   Batch[ 800/937] Loss: 1.0796 CE: 1.0795 Acc: 58.0% LR: 0.000484
[2026-05-27 01:25:08,779]   Batch[ 850/937] Loss: 1.0836 CE: 1.0836 Acc: 57.7% LR: 0.000484
[2026-05-27 01:26:43,378]   Batch[ 900/937] Loss: 1.0844 CE: 1.0843 Acc: 57.7% LR: 0.000484
[2026-05-27 01:29:50,213] BWO executed at epoch 15
[2026-05-27 01:29:50,214] Epoch 15: train_loss=1.0834 train_acc=57.7% val_loss=0.9832 val_acc=62.6% DA=0.287 CB=0.000
[2026-05-27 01:29:52,099]   Batch[   0/937] Loss: 1.3251 CE: 1.3249 Acc: 48.4% LR: 0.000484
[2026-05-27 01:31:26,571]   Batch[  50/937] Loss: 1.1762 CE: 1.1759 Acc: 53.5% LR: 0.000484
[2026-05-27 01:33:02,278]   Batch[ 100/937] Loss: 1.1285 CE: 1.1282 Acc: 55.5% LR: 0.000484
[2026-05-27 01:34:37,782]   Batch[ 150/937] Loss: 1.1131 CE: 1.1128 Acc: 56.4% LR: 0.000484
[2026-05-27 01:36:12,803]   Batch[ 200/937] Loss: 1.1148 CE: 1.1146 Acc: 56.3% LR: 0.000483
[2026-05-27 01:37:47,713]   Batch[ 250/937] Loss: 1.0964 CE: 1.0961 Acc: 57.0% LR: 0.000483
[2026-05-27 01:39:22,375]   Batch[ 300/937] Loss: 1.0946 CE: 1.0943 Acc: 57.3% LR: 0.000483
[2026-05-27 01:40:58,510]   Batch[ 350/937] Loss: 1.0922 CE: 1.0919 Acc: 57.5% LR: 0.000483
[2026-05-27 01:42:34,222]   Batch[ 400/937] Loss: 1.0897 CE: 1.0894 Acc: 57.6% LR: 0.000483
[2026-05-27 01:44:08,922]   Batch[ 450/937] Loss: 1.0869 CE: 1.0866 Acc: 57.8% LR: 0.000483
[2026-05-27 01:45:44,132]   Batch[ 500/937] Loss: 1.0828 CE: 1.0825 Acc: 57.9% LR: 0.000482
[2026-05-27 01:47:16,672]   Batch[ 550/937] Loss: 1.0804 CE: 1.0801 Acc: 58.1% LR: 0.000482
[2026-05-27 01:48:49,064]   Batch[ 600/937] Loss: 1.0756 CE: 1.0754 Acc: 58.2% LR: 0.000482
[2026-05-27 01:50:23,791]   Batch[ 650/937] Loss: 1.0718 CE: 1.0715 Acc: 58.4% LR: 0.000482
[2026-05-27 01:51:58,426]   Batch[ 700/937] Loss: 1.0665 CE: 1.0662 Acc: 58.6% LR: 0.000482
[2026-05-27 01:53:34,008]   Batch[ 750/937] Loss: 1.0621 CE: 1.0619 Acc: 58.8% LR: 0.000482
[2026-05-27 01:55:09,276]   Batch[ 800/937] Loss: 1.0633 CE: 1.0630 Acc: 58.7% LR: 0.000482
[2026-05-27 01:56:44,872]   Batch[ 850/937] Loss: 1.0665 CE: 1.0663 Acc: 58.5% LR: 0.000481
[2026-05-27 01:58:20,663]   Batch[ 900/937] Loss: 1.0740 CE: 1.0737 Acc: 58.2% LR: 0.000481
[2026-05-27 02:01:26,920] Epoch 16: train_loss=1.0723 train_acc=58.3% val_loss=0.9615 val_acc=61.7% DA=0.298 CB=0.000
[2026-05-27 02:01:28,821]   Batch[   0/937] Loss: 1.0092 CE: 1.0089 Acc: 67.2% LR: 0.000481
[2026-05-27 02:03:03,006]   Batch[  50/937] Loss: 1.0591 CE: 1.0588 Acc: 59.5% LR: 0.000481
[2026-05-27 02:04:37,915]   Batch[ 100/937] Loss: 1.0494 CE: 1.0491 Acc: 59.2% LR: 0.000481
[2026-05-27 02:06:12,709]   Batch[ 150/937] Loss: 1.0415 CE: 1.0412 Acc: 59.7% LR: 0.000481
[2026-05-27 02:07:48,664]   Batch[ 200/937] Loss: 1.0274 CE: 1.0272 Acc: 60.3% LR: 0.000480
[2026-05-27 02:09:25,130]   Batch[ 250/937] Loss: 1.0227 CE: 1.0225 Acc: 60.4% LR: 0.000480
[2026-05-27 02:11:03,499]   Batch[ 300/937] Loss: 1.0172 CE: 1.0169 Acc: 60.6% LR: 0.000480
[2026-05-27 02:12:39,383]   Batch[ 350/937] Loss: 1.0166 CE: 1.0164 Acc: 60.5% LR: 0.000480
[2026-05-27 02:14:14,206]   Batch[ 400/937] Loss: 1.0146 CE: 1.0144 Acc: 60.5% LR: 0.000480
[2026-05-27 02:15:49,584]   Batch[ 450/937] Loss: 1.0122 CE: 1.0120 Acc: 60.7% LR: 0.000480
[2026-05-27 02:17:25,170]   Batch[ 500/937] Loss: 1.0154 CE: 1.0152 Acc: 60.5% LR: 0.000479
[2026-05-27 02:18:57,583]   Batch[ 550/937] Loss: 1.0209 CE: 1.0207 Acc: 60.1% LR: 0.000479
[2026-05-27 02:20:29,901]   Batch[ 600/937] Loss: 1.0160 CE: 1.0158 Acc: 60.3% LR: 0.000479
[2026-05-27 02:22:04,366]   Batch[ 650/937] Loss: 1.0107 CE: 1.0104 Acc: 60.6% LR: 0.000479
[2026-05-27 02:23:39,451]   Batch[ 700/937] Loss: 1.0106 CE: 1.0103 Acc: 60.7% LR: 0.000479
[2026-05-27 02:25:14,666]   Batch[ 750/937] Loss: 1.0090 CE: 1.0088 Acc: 60.8% LR: 0.000478
[2026-05-27 02:26:50,090]   Batch[ 800/937] Loss: 1.0078 CE: 1.0076 Acc: 60.9% LR: 0.000478
[2026-05-27 02:28:25,246]   Batch[ 850/937] Loss: 1.0055 CE: 1.0053 Acc: 61.0% LR: 0.000478
[2026-05-27 02:30:00,065]   Batch[ 900/937] Loss: 1.0089 CE: 1.0086 Acc: 60.9% LR: 0.000478
[2026-05-27 02:33:06,103] Epoch 17: train_loss=1.0102 train_acc=60.9% val_loss=1.1110 val_acc=56.8% DA=0.360 CB=0.000
[2026-05-27 02:33:08,095]   Batch[   0/937] Loss: 1.1769 CE: 1.1767 Acc: 46.9% LR: 0.000478
[2026-05-27 02:34:43,636]   Batch[  50/937] Loss: 1.0213 CE: 1.0210 Acc: 60.0% LR: 0.000478
[2026-05-27 02:36:18,126]   Batch[ 100/937] Loss: 1.0139 CE: 1.0137 Acc: 60.4% LR: 0.000477
[2026-05-27 02:37:53,329]   Batch[ 150/937] Loss: 0.9935 CE: 0.9933 Acc: 61.0% LR: 0.000477
[2026-05-27 02:39:27,897]   Batch[ 200/937] Loss: 0.9962 CE: 0.9959 Acc: 61.2% LR: 0.000477
[2026-05-27 02:41:02,935]   Batch[ 250/937] Loss: 1.0026 CE: 1.0024 Acc: 60.9% LR: 0.000477
[2026-05-27 02:42:37,866]   Batch[ 300/937] Loss: 1.0086 CE: 1.0084 Acc: 60.6% LR: 0.000477
[2026-05-27 02:44:13,620]   Batch[ 350/937] Loss: 1.0049 CE: 1.0047 Acc: 60.6% LR: 0.000477
[2026-05-27 02:45:48,846]   Batch[ 400/937] Loss: 1.0042 CE: 1.0040 Acc: 60.6% LR: 0.000476
[2026-05-27 02:47:24,851]   Batch[ 450/937] Loss: 1.0050 CE: 1.0048 Acc: 60.7% LR: 0.000476
[2026-05-27 02:49:00,270]   Batch[ 500/937] Loss: 1.0034 CE: 1.0031 Acc: 60.8% LR: 0.000476
[2026-05-27 02:50:34,182]   Batch[ 550/937] Loss: 1.0007 CE: 1.0005 Acc: 60.8% LR: 0.000476
[2026-05-27 02:52:05,490]   Batch[ 600/937] Loss: 0.9989 CE: 0.9986 Acc: 60.9% LR: 0.000476
[2026-05-27 02:53:39,861]   Batch[ 650/937] Loss: 0.9972 CE: 0.9970 Acc: 61.0% LR: 0.000475
[2026-05-27 02:55:14,516]   Batch[ 700/937] Loss: 0.9971 CE: 0.9968 Acc: 61.0% LR: 0.000475
[2026-05-27 02:56:51,637]   Batch[ 750/937] Loss: 0.9939 CE: 0.9936 Acc: 61.2% LR: 0.000475
[2026-05-27 02:58:29,130]   Batch[ 800/937] Loss: 0.9911 CE: 0.9908 Acc: 61.4% LR: 0.000475
[2026-05-27 03:00:04,869]   Batch[ 850/937] Loss: 0.9888 CE: 0.9885 Acc: 61.5% LR: 0.000475
[2026-05-27 03:01:39,521]   Batch[ 900/937] Loss: 0.9883 CE: 0.9881 Acc: 61.6% LR: 0.000474
[2026-05-27 03:04:44,884] Epoch 18: train_loss=0.9887 train_acc=61.6% val_loss=1.0929 val_acc=58.2% DA=0.365 CB=0.000
[2026-05-27 03:04:46,765]   Batch[   0/937] Loss: 0.9045 CE: 0.9043 Acc: 65.6% LR: 0.000474
[2026-05-27 03:06:22,440]   Batch[  50/937] Loss: 0.9925 CE: 0.9923 Acc: 62.2% LR: 0.000474
[2026-05-27 03:07:57,289]   Batch[ 100/937] Loss: 1.0175 CE: 1.0172 Acc: 61.5% LR: 0.000474
[2026-05-27 03:09:32,115]   Batch[ 150/937] Loss: 1.0049 CE: 1.0046 Acc: 61.3% LR: 0.000474
[2026-05-27 03:11:08,158]   Batch[ 200/937] Loss: 1.0036 CE: 1.0034 Acc: 61.1% LR: 0.000474
[2026-05-27 03:12:45,544]   Batch[ 250/937] Loss: 0.9890 CE: 0.9888 Acc: 61.5% LR: 0.000473
[2026-05-27 03:14:23,070]   Batch[ 300/937] Loss: 0.9859 CE: 0.9856 Acc: 61.8% LR: 0.000473
[2026-05-27 03:15:57,721]   Batch[ 350/937] Loss: 0.9875 CE: 0.9872 Acc: 61.7% LR: 0.000473
[2026-05-27 03:17:33,201]   Batch[ 400/937] Loss: 0.9854 CE: 0.9851 Acc: 61.8% LR: 0.000473
[2026-05-27 03:19:07,498]   Batch[ 450/937] Loss: 0.9798 CE: 0.9796 Acc: 62.1% LR: 0.000473
[2026-05-27 03:20:42,900]   Batch[ 500/937] Loss: 0.9802 CE: 0.9800 Acc: 62.0% LR: 0.000472
[2026-05-27 03:22:17,228]   Batch[ 550/937] Loss: 0.9822 CE: 0.9820 Acc: 61.9% LR: 0.000472
[2026-05-27 03:23:48,350]   Batch[ 600/937] Loss: 0.9818 CE: 0.9816 Acc: 61.9% LR: 0.000472
[2026-05-27 03:25:23,333]   Batch[ 650/937] Loss: 0.9813 CE: 0.9811 Acc: 61.9% LR: 0.000472
[2026-05-27 03:26:58,079]   Batch[ 700/937] Loss: 0.9814 CE: 0.9812 Acc: 61.9% LR: 0.000472
[2026-05-27 03:28:32,845]   Batch[ 750/937] Loss: 0.9791 CE: 0.9789 Acc: 62.0% LR: 0.000471
[2026-05-27 03:30:07,490]   Batch[ 800/937] Loss: 0.9795 CE: 0.9793 Acc: 62.0% LR: 0.000471
[2026-05-27 03:31:43,017]   Batch[ 850/937] Loss: 0.9787 CE: 0.9785 Acc: 62.0% LR: 0.000471
[2026-05-27 03:33:17,608]   Batch[ 900/937] Loss: 0.9767 CE: 0.9764 Acc: 62.1% LR: 0.000471
[2026-05-27 03:36:23,491] Epoch 19: train_loss=0.9742 train_acc=62.2% val_loss=0.9181 val_acc=63.7% DA=0.320 CB=0.000
[2026-05-27 03:36:25,342]   Batch[   0/937] Loss: 0.6991 CE: 0.6988 Acc: 68.8% LR: 0.000471
[2026-05-27 03:37:59,627]   Batch[  50/937] Loss: 0.9557 CE: 0.9555 Acc: 63.6% LR: 0.000470
[2026-05-27 03:39:35,416]   Batch[ 100/937] Loss: 0.9443 CE: 0.9440 Acc: 63.6% LR: 0.000470
[2026-05-27 03:41:10,781]   Batch[ 150/937] Loss: 0.9505 CE: 0.9503 Acc: 63.4% LR: 0.000470
[2026-05-27 03:42:45,348]   Batch[ 200/937] Loss: 0.9505 CE: 0.9502 Acc: 63.4% LR: 0.000470
[2026-05-27 03:44:20,875]   Batch[ 250/937] Loss: 0.9456 CE: 0.9453 Acc: 63.5% LR: 0.000470
[2026-05-27 03:45:56,176]   Batch[ 300/937] Loss: 0.9449 CE: 0.9446 Acc: 63.2% LR: 0.000469
[2026-05-27 03:47:31,288]   Batch[ 350/937] Loss: 0.9479 CE: 0.9477 Acc: 63.1% LR: 0.000469
[2026-05-27 03:49:06,048]   Batch[ 400/937] Loss: 0.9471 CE: 0.9468 Acc: 63.3% LR: 0.000469
[2026-05-27 03:50:41,617]   Batch[ 450/937] Loss: 0.9421 CE: 0.9418 Acc: 63.4% LR: 0.000469
[2026-05-27 03:52:16,676]   Batch[ 500/937] Loss: 0.9475 CE: 0.9472 Acc: 63.1% LR: 0.000469
[2026-05-27 03:53:50,513]   Batch[ 550/937] Loss: 0.9470 CE: 0.9467 Acc: 63.2% LR: 0.000468
[2026-05-27 03:55:21,938]   Batch[ 600/937] Loss: 0.9497 CE: 0.9494 Acc: 63.1% LR: 0.000468
[2026-05-27 03:56:56,431]   Batch[ 650/937] Loss: 0.9475 CE: 0.9472 Acc: 63.2% LR: 0.000468
[2026-05-27 03:58:31,855]   Batch[ 700/937] Loss: 0.9467 CE: 0.9464 Acc: 63.2% LR: 0.000468
[2026-05-27 04:00:07,708]   Batch[ 750/937] Loss: 0.9442 CE: 0.9439 Acc: 63.3% LR: 0.000467
[2026-05-27 04:01:42,465]   Batch[ 800/937] Loss: 0.9473 CE: 0.9470 Acc: 63.2% LR: 0.000467
[2026-05-27 04:03:17,289]   Batch[ 850/937] Loss: 0.9491 CE: 0.9488 Acc: 63.1% LR: 0.000467
[2026-05-27 04:04:53,245]   Batch[ 900/937] Loss: 0.9524 CE: 0.9520 Acc: 63.0% LR: 0.000467
[2026-05-27 04:07:58,705] BWO executed at epoch 20
[2026-05-27 04:07:58,705] Epoch 20: train_loss=0.9515 train_acc=63.1% val_loss=1.1539 val_acc=54.8% DA=0.414 CB=0.000
[2026-05-27 04:08:00,561]   Batch[   0/937] Loss: 1.0261 CE: 1.0255 Acc: 62.5% LR: 0.000467
[2026-05-27 04:09:35,725]   Batch[  50/937] Loss: 0.9951 CE: 0.9945 Acc: 61.6% LR: 0.000466
[2026-05-27 04:11:10,971]   Batch[ 100/937] Loss: 1.0026 CE: 1.0021 Acc: 61.6% LR: 0.000466
[2026-05-27 04:12:45,408]   Batch[ 150/937] Loss: 0.9949 CE: 0.9943 Acc: 61.9% LR: 0.000466
[2026-05-27 04:14:21,436]   Batch[ 200/937] Loss: 0.9833 CE: 0.9828 Acc: 62.6% LR: 0.000466
[2026-05-27 04:15:58,453]   Batch[ 250/937] Loss: 0.9677 CE: 0.9671 Acc: 63.0% LR: 0.000466
[2026-05-27 04:17:33,241]   Batch[ 300/937] Loss: 0.9606 CE: 0.9600 Acc: 63.1% LR: 0.000465
[2026-05-27 04:19:07,611]   Batch[ 350/937] Loss: 0.9567 CE: 0.9561 Acc: 63.1% LR: 0.000465
[2026-05-27 04:20:42,299]   Batch[ 400/937] Loss: 0.9523 CE: 0.9518 Acc: 63.3% LR: 0.000465
[2026-05-27 04:22:17,262]   Batch[ 450/937] Loss: 0.9502 CE: 0.9496 Acc: 63.5% LR: 0.000465
[2026-05-27 04:23:52,015]   Batch[ 500/937] Loss: 0.9465 CE: 0.9459 Acc: 63.5% LR: 0.000464
[2026-05-27 04:25:27,566]   Batch[ 550/937] Loss: 0.9454 CE: 0.9448 Acc: 63.6% LR: 0.000464
[2026-05-27 04:26:58,684]   Batch[ 600/937] Loss: 0.9411 CE: 0.9405 Acc: 63.8% LR: 0.000464
[2026-05-27 04:28:32,545]   Batch[ 650/937] Loss: 0.9372 CE: 0.9366 Acc: 63.9% LR: 0.000464
[2026-05-27 04:30:08,373]   Batch[ 700/937] Loss: 0.9357 CE: 0.9352 Acc: 63.9% LR: 0.000464
[2026-05-27 04:31:42,786]   Batch[ 750/937] Loss: 0.9328 CE: 0.9322 Acc: 64.0% LR: 0.000463
[2026-05-27 04:33:17,442]   Batch[ 800/937] Loss: 0.9304 CE: 0.9299 Acc: 64.1% LR: 0.000463
[2026-05-27 04:34:51,797]   Batch[ 850/937] Loss: 0.9307 CE: 0.9301 Acc: 64.0% LR: 0.000463
[2026-05-27 04:36:26,980]   Batch[ 900/937] Loss: 0.9291 CE: 0.9286 Acc: 64.0% LR: 0.000463
[2026-05-27 04:39:32,179] Epoch 21: train_loss=0.9287 train_acc=64.1% val_loss=0.8625 val_acc=66.8% DA=0.321 CB=0.000
[2026-05-27 04:39:34,025]   Batch[   0/937] Loss: 0.9049 CE: 0.9045 Acc: 68.8% LR: 0.000462
[2026-05-27 04:41:09,105]   Batch[  50/937] Loss: 0.9066 CE: 0.9060 Acc: 64.4% LR: 0.000462
[2026-05-27 04:42:43,717]   Batch[ 100/937] Loss: 0.9033 CE: 0.9028 Acc: 64.6% LR: 0.000462
[2026-05-27 04:44:18,782]   Batch[ 150/937] Loss: 0.9081 CE: 0.9076 Acc: 64.4% LR: 0.000462
[2026-05-27 04:45:53,942]   Batch[ 200/937] Loss: 0.9224 CE: 0.9219 Acc: 64.0% LR: 0.000462
[2026-05-27 04:47:29,281]   Batch[ 250/937] Loss: 0.9140 CE: 0.9135 Acc: 64.3% LR: 0.000461
[2026-05-27 04:49:03,655]   Batch[ 300/937] Loss: 0.9032 CE: 0.9027 Acc: 64.7% LR: 0.000461
[2026-05-27 04:50:38,762]   Batch[ 350/937] Loss: 0.9016 CE: 0.9011 Acc: 64.8% LR: 0.000461
[2026-05-27 04:52:13,706]   Batch[ 400/937] Loss: 0.9047 CE: 0.9042 Acc: 64.6% LR: 0.000461
[2026-05-27 04:53:48,722]   Batch[ 450/937] Loss: 0.9076 CE: 0.9071 Acc: 64.6% LR: 0.000460
[2026-05-27 04:55:23,550]   Batch[ 500/937] Loss: 0.9095 CE: 0.9090 Acc: 64.5% LR: 0.000460
[2026-05-27 04:56:58,424]   Batch[ 550/937] Loss: 0.9133 CE: 0.9128 Acc: 64.4% LR: 0.000460
[2026-05-27 04:58:30,015]   Batch[ 600/937] Loss: 0.9159 CE: 0.9153 Acc: 64.4% LR: 0.000460
[2026-05-27 05:00:04,458]   Batch[ 650/937] Loss: 0.9142 CE: 0.9137 Acc: 64.5% LR: 0.000459
[2026-05-27 05:01:40,893]   Batch[ 700/937] Loss: 0.9187 CE: 0.9182 Acc: 64.3% LR: 0.000459
[2026-05-27 05:03:16,053]   Batch[ 750/937] Loss: 0.9184 CE: 0.9179 Acc: 64.3% LR: 0.000459
[2026-05-27 05:04:51,268]   Batch[ 800/937] Loss: 0.9171 CE: 0.9166 Acc: 64.4% LR: 0.000459
[2026-05-27 05:06:26,098]   Batch[ 850/937] Loss: 0.9150 CE: 0.9145 Acc: 64.5% LR: 0.000458
[2026-05-27 05:08:02,319]   Batch[ 900/937] Loss: 0.9149 CE: 0.9144 Acc: 64.4% LR: 0.000458
[2026-05-27 05:11:07,937] Epoch 22: train_loss=0.9132 train_acc=64.6% val_loss=0.8621 val_acc=66.0% DA=0.335 CB=0.000
[2026-05-27 05:11:09,798]   Batch[   0/937] Loss: 0.8799 CE: 0.8794 Acc: 68.8% LR: 0.000458
[2026-05-27 05:12:44,500]   Batch[  50/937] Loss: 0.8837 CE: 0.8832 Acc: 67.2% LR: 0.000458
[2026-05-27 05:14:20,526]   Batch[ 100/937] Loss: 0.8713 CE: 0.8709 Acc: 67.2% LR: 0.000458
[2026-05-27 05:15:56,596]   Batch[ 150/937] Loss: 0.8851 CE: 0.8846 Acc: 66.6% LR: 0.000457
[2026-05-27 05:17:34,217]   Batch[ 200/937] Loss: 0.9007 CE: 0.9002 Acc: 66.0% LR: 0.000457
[2026-05-27 05:19:10,767]   Batch[ 250/937] Loss: 0.8986 CE: 0.8982 Acc: 65.9% LR: 0.000457
[2026-05-27 05:20:45,857]   Batch[ 300/937] Loss: 0.9010 CE: 0.9005 Acc: 65.6% LR: 0.000457
[2026-05-27 05:22:21,257]   Batch[ 350/937] Loss: 0.9007 CE: 0.9003 Acc: 65.4% LR: 0.000456
[2026-05-27 05:23:56,652]   Batch[ 400/937] Loss: 0.9023 CE: 0.9018 Acc: 65.4% LR: 0.000456
[2026-05-27 05:25:31,889]   Batch[ 450/937] Loss: 0.8976 CE: 0.8972 Acc: 65.5% LR: 0.000456
[2026-05-27 05:27:07,109]   Batch[ 500/937] Loss: 0.8970 CE: 0.8965 Acc: 65.5% LR: 0.000456
[2026-05-27 05:28:42,118]   Batch[ 550/937] Loss: 0.8986 CE: 0.8981 Acc: 65.3% LR: 0.000455
[2026-05-27 05:30:14,705]   Batch[ 600/937] Loss: 0.8967 CE: 0.8962 Acc: 65.4% LR: 0.000455
[2026-05-27 05:31:47,468]   Batch[ 650/937] Loss: 0.8951 CE: 0.8946 Acc: 65.4% LR: 0.000455
[2026-05-27 05:33:22,559]   Batch[ 700/937] Loss: 0.8973 CE: 0.8969 Acc: 65.4% LR: 0.000455
[2026-05-27 05:34:57,309]   Batch[ 750/937] Loss: 0.8975 CE: 0.8970 Acc: 65.4% LR: 0.000454
[2026-05-27 05:36:32,539]   Batch[ 800/937] Loss: 0.8987 CE: 0.8982 Acc: 65.4% LR: 0.000454
[2026-05-27 05:38:07,118]   Batch[ 850/937] Loss: 0.8999 CE: 0.8995 Acc: 65.3% LR: 0.000454
[2026-05-27 05:39:42,619]   Batch[ 900/937] Loss: 0.9020 CE: 0.9016 Acc: 65.2% LR: 0.000454
[2026-05-27 05:42:48,095] Epoch 23: train_loss=0.9017 train_acc=65.2% val_loss=0.8385 val_acc=67.7% DA=0.340 CB=0.000
[2026-05-27 05:42:49,973]   Batch[   0/937] Loss: 0.9214 CE: 0.9209 Acc: 67.2% LR: 0.000453
[2026-05-27 05:44:25,060]   Batch[  50/937] Loss: 0.8954 CE: 0.8950 Acc: 65.8% LR: 0.000453
[2026-05-27 05:46:00,066]   Batch[ 100/937] Loss: 0.8726 CE: 0.8722 Acc: 66.2% LR: 0.000453
[2026-05-27 05:47:35,690]   Batch[ 150/937] Loss: 0.8759 CE: 0.8754 Acc: 66.0% LR: 0.000453
[2026-05-27 05:49:11,111]   Batch[ 200/937] Loss: 0.8829 CE: 0.8824 Acc: 65.9% LR: 0.000452
[2026-05-27 05:50:46,390]   Batch[ 250/937] Loss: 0.8860 CE: 0.8855 Acc: 65.8% LR: 0.000452
[2026-05-27 05:52:22,314]   Batch[ 300/937] Loss: 0.8878 CE: 0.8874 Acc: 65.6% LR: 0.000452
[2026-05-27 05:53:56,695]   Batch[ 350/937] Loss: 0.8903 CE: 0.8899 Acc: 65.6% LR: 0.000452
[2026-05-27 05:55:31,427]   Batch[ 400/937] Loss: 0.8894 CE: 0.8889 Acc: 65.7% LR: 0.000451
[2026-05-27 05:57:06,876]   Batch[ 450/937] Loss: 0.8887 CE: 0.8883 Acc: 65.6% LR: 0.000451
[2026-05-27 05:58:42,514]   Batch[ 500/937] Loss: 0.8886 CE: 0.8882 Acc: 65.6% LR: 0.000451
[2026-05-27 06:00:16,920]   Batch[ 550/937] Loss: 0.8861 CE: 0.8857 Acc: 65.7% LR: 0.000451
[2026-05-27 06:01:49,404]   Batch[ 600/937] Loss: 0.8895 CE: 0.8890 Acc: 65.5% LR: 0.000450
[2026-05-27 06:03:22,347]   Batch[ 650/937] Loss: 0.8918 CE: 0.8914 Acc: 65.4% LR: 0.000450
[2026-05-27 06:04:58,543]   Batch[ 700/937] Loss: 0.8917 CE: 0.8913 Acc: 65.5% LR: 0.000450
[2026-05-27 06:06:34,010]   Batch[ 750/937] Loss: 0.8887 CE: 0.8883 Acc: 65.6% LR: 0.000450
[2026-05-27 06:08:08,520]   Batch[ 800/937] Loss: 0.8871 CE: 0.8867 Acc: 65.8% LR: 0.000449
[2026-05-27 06:09:43,570]   Batch[ 850/937] Loss: 0.8910 CE: 0.8906 Acc: 65.6% LR: 0.000449
[2026-05-27 06:11:19,031]   Batch[ 900/937] Loss: 0.8930 CE: 0.8925 Acc: 65.6% LR: 0.000449
[2026-05-27 06:14:23,665] Epoch 24: train_loss=0.8947 train_acc=65.6% val_loss=0.8442 val_acc=68.2% DA=0.355 CB=0.000
[2026-05-27 06:14:25,720]   Batch[   0/937] Loss: 0.8416 CE: 0.8412 Acc: 64.1% LR: 0.000449
[2026-05-27 06:16:00,257]   Batch[  50/937] Loss: 0.9937 CE: 0.9933 Acc: 61.4% LR: 0.000448
[2026-05-27 06:17:35,592]   Batch[ 100/937] Loss: 0.9338 CE: 0.9333 Acc: 63.8% LR: 0.000448
[2026-05-27 06:19:11,370]   Batch[ 150/937] Loss: 0.9126 CE: 0.9121 Acc: 65.0% LR: 0.000448
[2026-05-27 06:20:48,741]   Batch[ 200/937] Loss: 0.9060 CE: 0.9056 Acc: 65.2% LR: 0.000448
[2026-05-27 06:22:24,592]   Batch[ 250/937] Loss: 0.9107 CE: 0.9103 Acc: 65.0% LR: 0.000447
[2026-05-27 06:23:59,897]   Batch[ 300/937] Loss: 0.9074 CE: 0.9069 Acc: 65.1% LR: 0.000447
[2026-05-27 06:25:35,068]   Batch[ 350/937] Loss: 0.9031 CE: 0.9026 Acc: 65.3% LR: 0.000447
[2026-05-27 06:27:10,737]   Batch[ 400/937] Loss: 0.8956 CE: 0.8951 Acc: 65.6% LR: 0.000446
[2026-05-27 06:28:45,342]   Batch[ 450/937] Loss: 0.8969 CE: 0.8964 Acc: 65.7% LR: 0.000446
[2026-05-27 06:30:19,900]   Batch[ 500/937] Loss: 0.9014 CE: 0.9010 Acc: 65.4% LR: 0.000446
[2026-05-27 06:31:55,170]   Batch[ 550/937] Loss: 0.8970 CE: 0.8966 Acc: 65.5% LR: 0.000446
[2026-05-27 06:33:28,528]   Batch[ 600/937] Loss: 0.8950 CE: 0.8946 Acc: 65.6% LR: 0.000445
[2026-05-27 06:35:00,234]   Batch[ 650/937] Loss: 0.8937 CE: 0.8932 Acc: 65.7% LR: 0.000445
[2026-05-27 06:36:34,506]   Batch[ 700/937] Loss: 0.8922 CE: 0.8918 Acc: 65.7% LR: 0.000445
[2026-05-27 06:38:09,782]   Batch[ 750/937] Loss: 0.8925 CE: 0.8921 Acc: 65.7% LR: 0.000445
[2026-05-27 06:39:44,514]   Batch[ 800/937] Loss: 0.8939 CE: 0.8935 Acc: 65.6% LR: 0.000444
[2026-05-27 06:41:19,973]   Batch[ 850/937] Loss: 0.8949 CE: 0.8945 Acc: 65.6% LR: 0.000444
[2026-05-27 06:42:55,155]   Batch[ 900/937] Loss: 0.8944 CE: 0.8940 Acc: 65.6% LR: 0.000444
[2026-05-27 06:46:00,922] BWO executed at epoch 25
[2026-05-27 06:46:00,922] Epoch 25: train_loss=0.8923 train_acc=65.7% val_loss=0.8606 val_acc=66.1% DA=0.373 CB=0.000
[2026-05-27 06:46:02,840]   Batch[   0/937] Loss: 0.8285 CE: 0.8276 Acc: 73.4% LR: 0.000444
[2026-05-27 06:47:37,882]   Batch[  50/937] Loss: 0.9251 CE: 0.9243 Acc: 65.1% LR: 0.000443
[2026-05-27 06:49:12,233]   Batch[ 100/937] Loss: 0.8938 CE: 0.8931 Acc: 66.3% LR: 0.000443
[2026-05-27 06:50:47,276]   Batch[ 150/937] Loss: 0.9031 CE: 0.9024 Acc: 65.8% LR: 0.000443
[2026-05-27 06:52:22,016]   Batch[ 200/937] Loss: 0.8973 CE: 0.8966 Acc: 66.0% LR: 0.000442
[2026-05-27 06:53:57,217]   Batch[ 250/937] Loss: 0.9039 CE: 0.9031 Acc: 65.7% LR: 0.000442
[2026-05-27 06:55:31,928]   Batch[ 300/937] Loss: 0.8963 CE: 0.8956 Acc: 66.0% LR: 0.000442
[2026-05-27 06:57:06,889]   Batch[ 350/937] Loss: 0.8951 CE: 0.8944 Acc: 66.0% LR: 0.000442
[2026-05-27 06:58:41,544]   Batch[ 400/937] Loss: 0.8942 CE: 0.8935 Acc: 66.2% LR: 0.000441
[2026-05-27 07:00:16,181]   Batch[ 450/937] Loss: 0.8921 CE: 0.8913 Acc: 66.2% LR: 0.000441
[2026-05-27 07:01:52,001]   Batch[ 500/937] Loss: 0.8866 CE: 0.8858 Acc: 66.6% LR: 0.000441
[2026-05-27 07:03:27,136]   Batch[ 550/937] Loss: 0.8847 CE: 0.8840 Acc: 66.6% LR: 0.000440
[2026-05-27 07:05:01,684]   Batch[ 600/937] Loss: 0.8850 CE: 0.8843 Acc: 66.6% LR: 0.000440
[2026-05-27 07:06:33,565]   Batch[ 650/937] Loss: 0.8820 CE: 0.8813 Acc: 66.6% LR: 0.000440
[2026-05-27 07:08:09,026]   Batch[ 700/937] Loss: 0.8776 CE: 0.8769 Acc: 66.8% LR: 0.000440
[2026-05-27 07:09:44,534]   Batch[ 750/937] Loss: 0.8766 CE: 0.8759 Acc: 66.8% LR: 0.000439
[2026-05-27 07:11:19,764]   Batch[ 800/937] Loss: 0.8754 CE: 0.8747 Acc: 66.9% LR: 0.000439
[2026-05-27 07:12:55,344]   Batch[ 850/937] Loss: 0.8756 CE: 0.8749 Acc: 66.8% LR: 0.000439
[2026-05-27 07:14:29,829]   Batch[ 900/937] Loss: 0.8747 CE: 0.8740 Acc: 66.9% LR: 0.000438
============================================================
HormonicFormer v3 - Local Training
============================================================
Device: cuda
GPU: NVIDIA GeForce RTX 5070 Laptop GPU
VRAM: 8151MB
Config: hormonic_v3_local_5070
============================================================
  [GPU] 已用: 3MB / 预留: 4MB / 总共: 8151MB

============================================================
Epoch | Train Loss | Train Acc | Val Loss | Val Acc | Best  | Time
============================================================
    1 | 2.1123     |  20.5%    | 1.9373   |  26.4% |  26.4%| 1146s | DA:0.326 CB:0.000 | L0:sparsity=0.5%, L1:sparsity=0.5%
  [GPU] 已用: 30MB / 预留: 2538MB / 总共: 8151MB
    2 | 1.9171     |  26.4%    | 1.8131   |  28.5% |  28.5%| 1134s | DA:0.306 CB:0.000 | L0:sparsity=0.5%, L1:sparsity=0.5%
  [GPU] 已用: 30MB / 预留: 2538MB / 总共: 8151MB
    3 | 1.7561     |  29.8%    | 1.6407   |  33.9% |  33.9%| 1136s | DA:0.276 CB:0.000 | L0:sparsity=0.7%, L1:sparsity=0.5%
  [GPU] 已用: 30MB / 预留: 2538MB / 总共: 8151MB
    4 | 1.6536     |  32.3%    | 2.5823   |  16.4% |  33.9%| 1131s | DA:0.591 CB:0.000 | L0:sparsity=1.4%, L1:sparsity=0.5%
  [GPU] 已用: 30MB / 预留: 2538MB / 总共: 8151MB
[HF BWO] Called at epoch 5, interval=5
[HF BWO] Condition met, processing 2 blocks
[HF BWO] Block 0: calling block.prune_and_regrow
[BWO DEBUG] prune_fraction=0.5, regrow_fraction=0.1
[BWO DEBUG] Initial alive: 38416/38416
[BWO DEBUG] After prune: 19208 alive (pruned 19208)
[BWO DEBUG] Final: 21128 alive, sparsity=45.00%
[HF BWO] Block 0: done
[HF BWO] Block 1: calling block.prune_and_regrow
[BWO DEBUG] prune_fraction=0.5, regrow_fraction=0.1
[BWO DEBUG] Initial alive: 38416/38416
[BWO DEBUG] After prune: 19208 alive (pruned 19208)
[BWO DEBUG] Final: 21128 alive, sparsity=45.00%
[HF BWO] Block 1: done
    5 | 1.5989     |  34.3%    | 2.2559   |  18.4% |  33.9%| 1131s | DA:0.473 CB:0.000 | L0:sparsity=1.7%, L1:sparsity=0.5%
  [GPU] 已用: 30MB / 预留: 2538MB / 总共: 8151MB
    6 | 1.5231     |  37.0%    | 1.5548   |  35.1% |  35.1%| 1141s | DA:0.259 CB:0.000 | L0:sparsity=45.3%, L1:sparsity=45.1%
  [GPU] 已用: 30MB / 预留: 2538MB / 总共: 8151MB
    7 | 1.4410     |  41.1%    | 1.3823   |  42.5% |  42.5%| 1131s | DA:0.237 CB:0.000 | L0:sparsity=45.2%, L1:sparsity=45.1%
  [GPU] 已用: 30MB / 预留: 2538MB / 总共: 8151MB
    8 | 1.3917     |  43.6%    | 1.3167   |  47.2% |  47.2%| 1513s | DA:0.244 CB:0.000 | L0:sparsity=45.2%, L1:sparsity=45.1%
  [GPU] 已用: 30MB / 预留: 2538MB / 总共: 8151MB
    9 | 1.3567     |  45.4%    | 1.2766   |  49.0% |  49.0%| 1892s | DA:0.256 CB:0.000 | L0:sparsity=45.1%, L1:sparsity=45.1%
  [GPU] 已用: 30MB / 预留: 2538MB / 总共: 8151MB
[HF BWO] Called at epoch 10, interval=5
[HF BWO] Condition met, processing 2 blocks
[HF BWO] Block 0: calling block.prune_and_regrow
[BWO DEBUG] prune_fraction=0.5, regrow_fraction=0.1
[BWO DEBUG] Initial alive: 21128/38416
[BWO DEBUG] After prune: 10564 alive (pruned 10564)
[BWO DEBUG] Final: 13349 alive, sparsity=65.25%
[HF BWO] Block 0: done
[HF BWO] Block 1: calling block.prune_and_regrow
[BWO DEBUG] prune_fraction=0.5, regrow_fraction=0.1
[BWO DEBUG] Initial alive: 21128/38416
[BWO DEBUG] After prune: 10564 alive (pruned 10564)
[BWO DEBUG] Final: 13349 alive, sparsity=65.25%
[HF BWO] Block 1: done
   10 | 1.3327     |  46.6%    | 1.2673   |  49.7% |  49.7%| 2023s | DA:0.274 CB:0.000 | L0:sparsity=45.2%, L1:sparsity=45.1%
  [GPU] 已用: 30MB / 预留: 2538MB / 总共: 8151MB
   11 | 1.3332     |  47.0%    | 1.2505   |  49.4% |  49.7%| 1905s | DA:0.288 CB:0.000 | L0:sparsity=65.4%, L1:sparsity=65.3%
  [GPU] 已用: 30MB / 预留: 2538MB / 总共: 8151MB
   12 | 1.2623     |  49.9%    | 1.1728   |  52.5% |  52.5%| 1885s | DA:0.285 CB:0.000 | L0:sparsity=65.4%, L1:sparsity=65.3%
  [GPU] 已用: 30MB / 预留: 2538MB / 总共: 8151MB
   13 | 1.2002     |  52.1%    | 1.0791   |  56.9% |  56.9%| 1903s | DA:0.277 CB:0.000 | L0:sparsity=65.3%, L1:sparsity=65.3%
  [GPU] 已用: 30MB / 预留: 2538MB / 总共: 8151MB
   14 | 1.1138     |  56.2%    | 1.0586   |  57.9% |  57.9%| 1901s | DA:0.290 CB:0.000 | L0:sparsity=65.3%, L1:sparsity=65.3%
  [GPU] 已用: 30MB / 预留: 2538MB / 总共: 8151MB
[HF BWO] Called at epoch 15, interval=5
[HF BWO] Condition met, processing 2 blocks
[HF BWO] Block 0: calling block.prune_and_regrow
[BWO DEBUG] prune_fraction=0.5, regrow_fraction=0.1
[BWO DEBUG] Initial alive: 13349/38416
[BWO DEBUG] After prune: 6675 alive (pruned 6674)
[BWO DEBUG] Final: 9849 alive, sparsity=74.36%
[HF BWO] Block 0: done
[HF BWO] Block 1: calling block.prune_and_regrow
[BWO DEBUG] prune_fraction=0.5, regrow_fraction=0.1
[BWO DEBUG] Initial alive: 13349/38416
[BWO DEBUG] After prune: 6675 alive (pruned 6674)
[BWO DEBUG] Final: 9849 alive, sparsity=74.36%
[HF BWO] Block 1: done
   15 | 1.0834     |  57.7%    | 0.9832   |  62.6% |  62.6%| 1907s | DA:0.287 CB:0.000 | L0:sparsity=65.3%, L1:sparsity=65.3%
  [GPU] 已用: 30MB / 预留: 2538MB / 总共: 8151MB
   16 | 1.0723     |  58.3%    | 0.9615   |  61.7% |  62.6%| 1897s | DA:0.298 CB:0.000 | L0:sparsity=74.8%, L1:sparsity=75.3%
  [GPU] 已用: 30MB / 预留: 2538MB / 总共: 8151MB
   17 | 1.0102     |  60.9%    | 1.1110   |  56.8% |  62.6%| 1899s | DA:0.360 CB:0.000 | L0:sparsity=74.6%, L1:sparsity=75.0%
  [GPU] 已用: 30MB / 预留: 2538MB / 总共: 8151MB
   18 | 0.9887     |  61.6%    | 1.0929   |  58.2% |  62.6%| 1899s | DA:0.365 CB:0.000 | L0:sparsity=74.6%, L1:sparsity=74.9%
  [GPU] 已用: 30MB / 预留: 2538MB / 总共: 8151MB
   19 | 0.9742     |  62.2%    | 0.9181   |  63.7% |  63.7%| 1899s | DA:0.320 CB:0.000 | L0:sparsity=74.5%, L1:sparsity=74.8%
  [GPU] 已用: 30MB / 预留: 2538MB / 总共: 8151MB
[HF BWO] Called at epoch 20, interval=5
[HF BWO] Condition met, processing 2 blocks
[HF BWO] Block 0: calling block.prune_and_regrow
[BWO DEBUG] prune_fraction=0.5, regrow_fraction=0.1
[BWO DEBUG] Initial alive: 9849/38416
[BWO DEBUG] After prune: 4925 alive (pruned 4924)
[BWO DEBUG] Final: 8274 alive, sparsity=78.46%
[HF BWO] Block 0: done
[HF BWO] Block 1: calling block.prune_and_regrow
[BWO DEBUG] prune_fraction=0.5, regrow_fraction=0.1
[BWO DEBUG] Initial alive: 9849/38416
[BWO DEBUG] After prune: 4925 alive (pruned 4924)
[BWO DEBUG] Final: 8274 alive, sparsity=78.46%
[HF BWO] Block 1: done
   20 | 0.9515     |  63.1%    | 1.1539   |  54.8% |  63.7%| 1895s | DA:0.414 CB:0.000 | L0:sparsity=74.5%, L1:sparsity=74.7%
  [GPU] 已用: 30MB / 预留: 2538MB / 总共: 8151MB
   21 | 0.9287     |  64.1%    | 0.8625   |  66.8% |  66.8%| 1893s | DA:0.321 CB:0.000 | L0:sparsity=79.0%, L1:sparsity=79.8%
  [GPU] 已用: 30MB / 预留: 2538MB / 总共: 8151MB
   22 | 0.9132     |  64.6%    | 0.8621   |  66.0% |  66.8%| 1896s | DA:0.335 CB:0.000 | L0:sparsity=78.8%, L1:sparsity=79.2%
  [GPU] 已用: 30MB / 预留: 2538MB / 总共: 8151MB
   23 | 0.9017     |  65.2%    | 0.8385   |  67.7% |  67.7%| 1900s | DA:0.340 CB:0.000 | L0:sparsity=78.7%, L1:sparsity=79.0%
  [GPU] 已用: 30MB / 预留: 2538MB / 总共: 8151MB
   24 | 0.8947     |  65.6%    | 0.8442   |  68.2% |  68.2%| 1896s | DA:0.355 CB:0.000 | L0:sparsity=78.6%, L1:sparsity=78.8%
  [GPU] 已用: 30MB / 预留: 2538MB / 总共: 8151MB
[HF BWO] Called at epoch 25, interval=5
[HF BWO] Condition met, processing 2 blocks
[HF BWO] Block 0: calling block.prune_and_regrow
[BWO DEBUG] prune_fraction=0.5, regrow_fraction=0.1
[BWO DEBUG] Initial alive: 8274/38416
[BWO DEBUG] After prune: 4137 alive (pruned 4137)
[BWO DEBUG] Final: 7564 alive, sparsity=80.31%
[HF BWO] Block 0: done
[HF BWO] Block 1: calling block.prune_and_regrow
[BWO DEBUG] prune_fraction=0.5, regrow_fraction=0.1
[BWO DEBUG] Initial alive: 8274/38416
[BWO DEBUG] After prune: 4137 alive (pruned 4137)
[BWO DEBUG] Final: 7564 alive, sparsity=80.31%
[HF BWO] Block 1: done
   25 | 0.8923     |  65.7%    | 0.8606   |  66.1% |  68.2%| 1897s | DA:0.373 CB:0.000 | L0:sparsity=78.6%, L1:sparsity=78.7%
  [GPU] 已用: 30MB / 预留: 2538MB / 总共: 8151MB
   26 | 0.8746     |  66.9%    | 0.8735   |  67.3% |  68.2%| 1895s | DA:0.388 CB:0.000 | L0:sparsity=80.9%, L1:sparsity=81.3%[2026-05-27 07:17:35,831] Epoch 26: train_loss=0.8746 train_acc=66.9% val_loss=0.8735 val_acc=67.3% DA=0.388 CB=0.000
[2026-05-27 07:17:37,751]   Batch[   0/937] Loss: 0.7676 CE: 0.7669 Acc: 73.4% LR: 0.000438
[2026-05-27 07:19:14,073]   Batch[  50/937] Loss: 0.8336 CE: 0.8329 Acc: 69.1% LR: 0.000438
[2026-05-27 07:20:49,541]   Batch[ 100/937] Loss: 0.8386 CE: 0.8380 Acc: 68.3% LR: 0.000438
[2026-05-27 07:22:26,115]   Batch[ 150/937] Loss: 0.8539 CE: 0.8533 Acc: 67.7% LR: 0.000437
[2026-05-27 07:24:02,986]   Batch[ 200/937] Loss: 0.8612 CE: 0.8606 Acc: 67.5% LR: 0.000437
[2026-05-27 07:25:40,509]   Batch[ 250/937] Loss: 0.8603 CE: 0.8597 Acc: 67.6% LR: 0.000437
[2026-05-27 07:27:17,272]   Batch[ 300/937] Loss: 0.8610 CE: 0.8604 Acc: 67.6% LR: 0.000437
[2026-05-27 07:28:51,859]   Batch[ 350/937] Loss: 0.8602 CE: 0.8596 Acc: 67.6% LR: 0.000436
[2026-05-27 07:30:26,628]   Batch[ 400/937] Loss: 0.8623 CE: 0.8617 Acc: 67.6% LR: 0.000436
[2026-05-27 07:32:01,000]   Batch[ 450/937] Loss: 0.8652 CE: 0.8646 Acc: 67.5% LR: 0.000436
[2026-05-27 07:33:36,160]   Batch[ 500/937] Loss: 0.8619 CE: 0.8613 Acc: 67.5% LR: 0.000435
[2026-05-27 07:35:10,583]   Batch[ 550/937] Loss: 0.8624 CE: 0.8618 Acc: 67.5% LR: 0.000435
[2026-05-27 07:36:44,891]   Batch[ 600/937] Loss: 0.8643 CE: 0.8637 Acc: 67.5% LR: 0.000435
[2026-05-27 07:38:16,372]   Batch[ 650/937] Loss: 0.8625 CE: 0.8619 Acc: 67.5% LR: 0.000434
[2026-05-27 07:39:51,567]   Batch[ 700/937] Loss: 0.8632 CE: 0.8626 Acc: 67.5% LR: 0.000434
[2026-05-27 07:41:26,246]   Batch[ 750/937] Loss: 0.8645 CE: 0.8639 Acc: 67.4% LR: 0.000434
[2026-05-27 07:43:01,583]   Batch[ 800/937] Loss: 0.8653 CE: 0.8648 Acc: 67.4% LR: 0.000434
[2026-05-27 07:44:37,405]   Batch[ 850/937] Loss: 0.8647 CE: 0.8641 Acc: 67.4% LR: 0.000433
[2026-05-27 07:46:11,579]   Batch[ 900/937] Loss: 0.8638 CE: 0.8632 Acc: 67.4% LR: 0.000433
[2026-05-27 07:49:16,364] Epoch 27: train_loss=0.8632 train_acc=67.4% val_loss=0.8682 val_acc=67.1% DA=0.394 CB=0.000
[2026-05-27 07:49:18,184]   Batch[   0/937] Loss: 0.8067 CE: 0.8062 Acc: 71.9% LR: 0.000433
[2026-05-27 07:50:53,553]   Batch[  50/937] Loss: 0.8351 CE: 0.8345 Acc: 68.8% LR: 0.000432
[2026-05-27 07:52:29,890]   Batch[ 100/937] Loss: 0.8361 CE: 0.8355 Acc: 68.5% LR: 0.000432
[2026-05-27 07:54:05,442]   Batch[ 150/937] Loss: 0.8627 CE: 0.8621 Acc: 67.7% LR: 0.000432
[2026-05-27 07:55:41,380]   Batch[ 200/937] Loss: 0.8638 CE: 0.8632 Acc: 67.4% LR: 0.000432
[2026-05-27 07:57:15,635]   Batch[ 250/937] Loss: 0.8799 CE: 0.8794 Acc: 66.8% LR: 0.000431
[2026-05-27 07:58:50,933]   Batch[ 300/937] Loss: 0.8762 CE: 0.8757 Acc: 67.1% LR: 0.000431
[2026-05-27 08:00:26,988]   Batch[ 350/937] Loss: 0.8751 CE: 0.8746 Acc: 67.2% LR: 0.000431
[2026-05-27 08:02:02,804]   Batch[ 400/937] Loss: 0.8773 CE: 0.8767 Acc: 67.2% LR: 0.000430
[2026-05-27 08:03:37,128]   Batch[ 450/937] Loss: 0.8772 CE: 0.8766 Acc: 67.1% LR: 0.000430
[2026-05-27 08:05:12,441]   Batch[ 500/937] Loss: 0.8757 CE: 0.8752 Acc: 67.0% LR: 0.000430
[2026-05-27 08:06:48,463]   Batch[ 550/937] Loss: 0.8726 CE: 0.8720 Acc: 67.1% LR: 0.000429
[2026-05-27 08:08:23,399]   Batch[ 600/937] Loss: 0.8709 CE: 0.8704 Acc: 67.2% LR: 0.000429
[2026-05-27 08:09:54,965]   Batch[ 650/937] Loss: 0.8718 CE: 0.8712 Acc: 67.2% LR: 0.000429
[2026-05-27 08:11:28,532]   Batch[ 700/937] Loss: 0.8690 CE: 0.8684 Acc: 67.3% LR: 0.000429
[2026-05-27 08:13:04,613]   Batch[ 750/937] Loss: 0.8682 CE: 0.8677 Acc: 67.3% LR: 0.000428
[2026-05-27 08:14:39,543]   Batch[ 800/937] Loss: 0.8673 CE: 0.8668 Acc: 67.3% LR: 0.000428
[2026-05-27 08:16:14,232]   Batch[ 850/937] Loss: 0.8649 CE: 0.8644 Acc: 67.4% LR: 0.000428
[2026-05-27 08:17:49,820]   Batch[ 900/937] Loss: 0.8651 CE: 0.8645 Acc: 67.3% LR: 0.000427
[2026-05-27 08:20:54,884] Epoch 28: train_loss=0.8658 train_acc=67.3% val_loss=1.0331 val_acc=61.2% DA=0.471 CB=0.000
[2026-05-27 08:20:56,780]   Batch[   0/937] Loss: 1.2278 CE: 1.2272 Acc: 56.2% LR: 0.000427
[2026-05-27 08:22:32,126]   Batch[  50/937] Loss: 0.9190 CE: 0.9184 Acc: 64.5% LR: 0.000427
[2026-05-27 08:24:08,349]   Batch[ 100/937] Loss: 0.8755 CE: 0.8750 Acc: 66.1% LR: 0.000426
[2026-05-27 08:25:44,184]   Batch[ 150/937] Loss: 0.8581 CE: 0.8576 Acc: 67.0% LR: 0.000426
[2026-05-27 08:27:19,610]   Batch[ 200/937] Loss: 0.8820 CE: 0.8815 Acc: 66.3% LR: 0.000426
[2026-05-27 08:28:55,147]   Batch[ 250/937] Loss: 0.8867 CE: 0.8862 Acc: 66.3% LR: 0.000426
[2026-05-27 08:30:31,086]   Batch[ 300/937] Loss: 0.8992 CE: 0.8987 Acc: 65.8% LR: 0.000425
[2026-05-27 08:32:07,106]   Batch[ 350/937] Loss: 0.8927 CE: 0.8922 Acc: 66.1% LR: 0.000425
[2026-05-27 08:33:42,811]   Batch[ 400/937] Loss: 0.8862 CE: 0.8857 Acc: 66.5% LR: 0.000425
[2026-05-27 08:35:17,437]   Batch[ 450/937] Loss: 0.8867 CE: 0.8862 Acc: 66.5% LR: 0.000424
[2026-05-27 08:36:52,611]   Batch[ 500/937] Loss: 0.8824 CE: 0.8819 Acc: 66.7% LR: 0.000424
[2026-05-27 08:38:28,250]   Batch[ 550/937] Loss: 0.8798 CE: 0.8793 Acc: 66.7% LR: 0.000424
[2026-05-27 08:40:03,718]   Batch[ 600/937] Loss: 0.8799 CE: 0.8794 Acc: 66.7% LR: 0.000423
[2026-05-27 08:41:35,835]   Batch[ 650/937] Loss: 0.8732 CE: 0.8727 Acc: 67.0% LR: 0.000423
[2026-05-27 08:43:09,874]   Batch[ 700/937] Loss: 0.8729 CE: 0.8724 Acc: 67.0% LR: 0.000423
[2026-05-27 08:44:45,432]   Batch[ 750/937] Loss: 0.8735 CE: 0.8729 Acc: 67.0% LR: 0.000422
[2026-05-27 08:46:21,219]   Batch[ 800/937] Loss: 0.8729 CE: 0.8724 Acc: 67.1% LR: 0.000422
[2026-05-27 08:47:57,610]   Batch[ 850/937] Loss: 0.8707 CE: 0.8701 Acc: 67.2% LR: 0.000422
[2026-05-27 08:49:32,091]   Batch[ 900/937] Loss: 0.8733 CE: 0.8728 Acc: 67.1% LR: 0.000421
[2026-05-27 08:52:37,658] Epoch 29: train_loss=0.8735 train_acc=67.1% val_loss=0.9230 val_acc=63.4% DA=0.426 CB=0.000
[2026-05-27 08:52:39,540]   Batch[   0/937] Loss: 0.7850 CE: 0.7844 Acc: 70.3% LR: 0.000421
[2026-05-27 08:54:14,242]   Batch[  50/937] Loss: 0.8673 CE: 0.8667 Acc: 67.1% LR: 0.000421
[2026-05-27 08:55:49,377]   Batch[ 100/937] Loss: 0.8799 CE: 0.8793 Acc: 66.7% LR: 0.000421
[2026-05-27 08:57:24,728]   Batch[ 150/937] Loss: 0.8807 CE: 0.8802 Acc: 67.0% LR: 0.000420
[2026-05-27 08:59:00,267]   Batch[ 200/937] Loss: 0.8774 CE: 0.8769 Acc: 67.1% LR: 0.000420
[2026-05-27 09:00:35,212]   Batch[ 250/937] Loss: 0.8722 CE: 0.8717 Acc: 67.1% LR: 0.000420
[2026-05-27 09:02:10,456]   Batch[ 300/937] Loss: 0.8740 CE: 0.8735 Acc: 67.1% LR: 0.000419
[2026-05-27 09:03:45,846]   Batch[ 350/937] Loss: 0.8698 CE: 0.8693 Acc: 67.3% LR: 0.000419
[2026-05-27 09:05:21,470]   Batch[ 400/937] Loss: 0.8648 CE: 0.8643 Acc: 67.4% LR: 0.000419
[2026-05-27 09:06:58,102]   Batch[ 450/937] Loss: 0.8599 CE: 0.8594 Acc: 67.6% LR: 0.000418
[2026-05-27 09:08:34,388]   Batch[ 500/937] Loss: 0.8567 CE: 0.8562 Acc: 67.7% LR: 0.000418
[2026-05-27 09:10:09,587]   Batch[ 550/937] Loss: 0.8572 CE: 0.8567 Acc: 67.7% LR: 0.000418
[2026-05-27 09:11:44,700]   Batch[ 600/937] Loss: 0.8566 CE: 0.8561 Acc: 67.7% LR: 0.000417
[2026-05-27 09:13:16,950]   Batch[ 650/937] Loss: 0.8540 CE: 0.8535 Acc: 67.8% LR: 0.000417
[2026-05-27 09:14:50,020]   Batch[ 700/937] Loss: 0.8583 CE: 0.8578 Acc: 67.7% LR: 0.000417
[2026-05-27 09:16:25,449]   Batch[ 750/937] Loss: 0.8575 CE: 0.8570 Acc: 67.7% LR: 0.000416
[2026-05-27 09:18:00,446]   Batch[ 800/937] Loss: 0.8547 CE: 0.8542 Acc: 67.8% LR: 0.000416
[2026-05-27 09:19:35,724]   Batch[ 850/937] Loss: 0.8554 CE: 0.8549 Acc: 67.8% LR: 0.000416
[2026-05-27 09:21:11,355]   Batch[ 900/937] Loss: 0.8543 CE: 0.8538 Acc: 67.8% LR: 0.000415
[2026-05-27 09:24:16,908] BWO executed at epoch 30
[2026-05-27 09:24:16,908] Epoch 30: train_loss=0.8543 train_acc=67.8% val_loss=1.0340 val_acc=62.3% DA=0.480 CB=0.000
[2026-05-27 09:24:18,697]   Batch[   0/937] Loss: 0.6626 CE: 0.6616 Acc: 71.9% LR: 0.000415
[2026-05-27 09:25:54,663]   Batch[  50/937] Loss: 0.9173 CE: 0.9164 Acc: 65.4% LR: 0.000415
[2026-05-27 09:27:30,440]   Batch[ 100/937] Loss: 0.9034 CE: 0.9025 Acc: 65.9% LR: 0.000415
[2026-05-27 09:29:06,349]   Batch[ 150/937] Loss: 0.8820 CE: 0.8811 Acc: 66.9% LR: 0.000414
[2026-05-27 09:30:41,999]   Batch[ 200/937] Loss: 0.8799 CE: 0.8790 Acc: 67.1% LR: 0.000414
[2026-05-27 09:32:17,015]   Batch[ 250/937] Loss: 0.8886 CE: 0.8878 Acc: 66.7% LR: 0.000414
[2026-05-27 09:33:52,193]   Batch[ 300/937] Loss: 0.8822 CE: 0.8813 Acc: 66.9% LR: 0.000413
[2026-05-27 09:35:27,419]   Batch[ 350/937] Loss: 0.8815 CE: 0.8807 Acc: 66.9% LR: 0.000413
[2026-05-27 09:37:02,063]   Batch[ 400/937] Loss: 0.8796 CE: 0.8788 Acc: 67.1% LR: 0.000413
[2026-05-27 09:38:36,567]   Batch[ 450/937] Loss: 0.8754 CE: 0.8747 Acc: 67.1% LR: 0.000412
[2026-05-27 09:40:12,018]   Batch[ 500/937] Loss: 0.8706 CE: 0.8698 Acc: 67.3% LR: 0.000412
[2026-05-27 09:41:47,263]   Batch[ 550/937] Loss: 0.8682 CE: 0.8674 Acc: 67.4% LR: 0.000412
[2026-05-27 09:43:22,220]   Batch[ 600/937] Loss: 0.8686 CE: 0.8678 Acc: 67.4% LR: 0.000411
[2026-05-27 09:44:55,140]   Batch[ 650/937] Loss: 0.8665 CE: 0.8657 Acc: 67.5% LR: 0.000411
[2026-05-27 09:46:27,722]   Batch[ 700/937] Loss: 0.8612 CE: 0.8604 Acc: 67.7% LR: 0.000411
[2026-05-27 09:48:03,081]   Batch[ 750/937] Loss: 0.8606 CE: 0.8598 Acc: 67.8% LR: 0.000410
[2026-05-27 09:49:39,059]   Batch[ 800/937] Loss: 0.8594 CE: 0.8587 Acc: 67.9% LR: 0.000410
[2026-05-27 09:51:14,730]   Batch[ 850/937] Loss: 0.8574 CE: 0.8566 Acc: 67.9% LR: 0.000410
[2026-05-27 09:52:49,924]   Batch[ 900/937] Loss: 0.8566 CE: 0.8558 Acc: 68.0% LR: 0.000409
[2026-05-27 09:55:55,886] Epoch 31: train_loss=0.8554 train_acc=68.0% val_loss=0.7875 val_acc=70.1% DA=0.373 CB=0.000
[2026-05-27 09:55:57,931]   Batch[   0/937] Loss: 0.9409 CE: 0.9401 Acc: 65.6% LR: 0.000409
[2026-05-27 09:57:33,200]   Batch[  50/937] Loss: 0.8554 CE: 0.8547 Acc: 68.1% LR: 0.000409
[2026-05-27 09:59:08,526]   Batch[ 100/937] Loss: 0.8872 CE: 0.8865 Acc: 67.0% LR: 0.000408
[2026-05-27 10:00:43,374]   Batch[ 150/937] Loss: 0.8723 CE: 0.8716 Acc: 67.5% LR: 0.000408
[2026-05-27 10:02:18,724]   Batch[ 200/937] Loss: 0.8737 CE: 0.8730 Acc: 67.5% LR: 0.000408
[2026-05-27 10:03:54,656]   Batch[ 250/937] Loss: 0.8716 CE: 0.8709 Acc: 67.5% LR: 0.000407
[2026-05-27 10:05:30,733]   Batch[ 300/937] Loss: 0.8642 CE: 0.8635 Acc: 67.7% LR: 0.000407
[2026-05-27 10:07:07,381]   Batch[ 350/937] Loss: 0.8579 CE: 0.8573 Acc: 67.9% LR: 0.000407
[2026-05-27 10:08:42,937]   Batch[ 400/937] Loss: 0.8558 CE: 0.8551 Acc: 68.0% LR: 0.000406
[2026-05-27 10:10:18,072]   Batch[ 450/937] Loss: 0.8555 CE: 0.8549 Acc: 68.0% LR: 0.000406
[2026-05-27 10:11:53,090]   Batch[ 500/937] Loss: 0.8539 CE: 0.8532 Acc: 68.0% LR: 0.000406
[2026-05-27 10:13:28,349]   Batch[ 550/937] Loss: 0.8507 CE: 0.8500 Acc: 68.1% LR: 0.000405
[2026-05-27 10:15:03,170]   Batch[ 600/937] Loss: 0.8506 CE: 0.8499 Acc: 68.1% LR: 0.000405
[2026-05-27 10:16:36,120]   Batch[ 650/937] Loss: 0.8504 CE: 0.8498 Acc: 68.1% LR: 0.000405
[2026-05-27 10:18:09,000]   Batch[ 700/937] Loss: 0.8457 CE: 0.8451 Acc: 68.2% LR: 0.000404
[2026-05-27 10:19:44,022]   Batch[ 750/937] Loss: 0.8443 CE: 0.8436 Acc: 68.3% LR: 0.000404
[2026-05-27 10:21:19,301]   Batch[ 800/937] Loss: 0.8432 CE: 0.8425 Acc: 68.4% LR: 0.000404
[2026-05-27 10:22:55,801]   Batch[ 850/937] Loss: 0.8452 CE: 0.8446 Acc: 68.3% LR: 0.000403
[2026-05-27 10:24:31,162]   Batch[ 900/937] Loss: 0.8447 CE: 0.8441 Acc: 68.3% LR: 0.000403
[2026-05-27 10:27:38,111] Epoch 32: train_loss=0.8443 train_acc=68.3% val_loss=0.8570 val_acc=66.9% DA=0.414 CB=0.000
[2026-05-27 10:27:40,119]   Batch[   0/937] Loss: 0.8056 CE: 0.8050 Acc: 65.6% LR: 0.000403
[2026-05-27 10:29:16,116]   Batch[  50/937] Loss: 0.9145 CE: 0.9139 Acc: 65.6% LR: 0.000402
[2026-05-27 10:30:53,403]   Batch[ 100/937] Loss: 0.8557 CE: 0.8551 Acc: 67.4% LR: 0.000402
[2026-05-27 10:32:28,235]   Batch[ 150/937] Loss: 0.8442 CE: 0.8436 Acc: 68.1% LR: 0.000402
[2026-05-27 10:34:04,415]   Batch[ 200/937] Loss: 0.8429 CE: 0.8423 Acc: 68.0% LR: 0.000401
[2026-05-27 10:35:39,583]   Batch[ 250/937] Loss: 0.8477 CE: 0.8471 Acc: 68.0% LR: 0.000401
[2026-05-27 10:37:15,085]   Batch[ 300/937] Loss: 0.8472 CE: 0.8466 Acc: 68.0% LR: 0.000401
[2026-05-27 10:38:51,377]   Batch[ 350/937] Loss: 0.8420 CE: 0.8414 Acc: 68.3% LR: 0.000400
[2026-05-27 10:40:27,352]   Batch[ 400/937] Loss: 0.8394 CE: 0.8388 Acc: 68.3% LR: 0.000400
[2026-05-27 10:42:04,098]   Batch[ 450/937] Loss: 0.8372 CE: 0.8366 Acc: 68.3% LR: 0.000399
[2026-05-27 10:43:42,817]   Batch[ 500/937] Loss: 0.8380 CE: 0.8374 Acc: 68.4% LR: 0.000399
[2026-05-27 10:45:19,846]   Batch[ 550/937] Loss: 0.8389 CE: 0.8383 Acc: 68.4% LR: 0.000399
[2026-05-27 10:46:57,561]   Batch[ 600/937] Loss: 0.8399 CE: 0.8392 Acc: 68.3% LR: 0.000398
[2026-05-27 10:48:32,920]   Batch[ 650/937] Loss: 0.8475 CE: 0.8468 Acc: 68.0% LR: 0.000398
[2026-05-27 10:50:07,366]   Batch[ 700/937] Loss: 0.8479 CE: 0.8473 Acc: 68.0% LR: 0.000398
[2026-05-27 10:51:45,426]   Batch[ 750/937] Loss: 0.8465 CE: 0.8459 Acc: 68.1% LR: 0.000397
[2026-05-27 10:53:24,200]   Batch[ 800/937] Loss: 0.8461 CE: 0.8455 Acc: 68.2% LR: 0.000397
[2026-05-27 10:55:02,842]   Batch[ 850/937] Loss: 0.8478 CE: 0.8472 Acc: 68.1% LR: 0.000397
[2026-05-27 10:56:41,062]   Batch[ 900/937] Loss: 0.8460 CE: 0.8453 Acc: 68.1% LR: 0.000396
[2026-05-27 10:59:49,795] Epoch 33: train_loss=0.8450 train_acc=68.2% val_loss=0.9149 val_acc=65.1% DA=0.447 CB=0.000
[2026-05-27 10:59:51,777]   Batch[   0/937] Loss: 0.8809 CE: 0.8802 Acc: 65.6% LR: 0.000396
[2026-05-27 11:01:28,297]   Batch[  50/937] Loss: 0.8184 CE: 0.8176 Acc: 69.2% LR: 0.000396
[2026-05-27 11:03:04,854]   Batch[ 100/937] Loss: 0.8177 CE: 0.8169 Acc: 69.7% LR: 0.000395
[2026-05-27 11:04:39,048]   Batch[ 150/937] Loss: 0.8127 CE: 0.8120 Acc: 70.0% LR: 0.000395
[2026-05-27 11:06:14,903]   Batch[ 200/937] Loss: 0.8233 CE: 0.8226 Acc: 69.4% LR: 0.000395
[2026-05-27 11:07:50,002]   Batch[ 250/937] Loss: 0.8265 CE: 0.8258 Acc: 69.0% LR: 0.000394
[2026-05-27 11:09:27,016]   Batch[ 300/937] Loss: 0.8274 CE: 0.8267 Acc: 69.1% LR: 0.000394
[2026-05-27 11:11:03,285]   Batch[ 350/937] Loss: 0.8290 CE: 0.8283 Acc: 69.0% LR: 0.000394
[2026-05-27 11:12:37,989]   Batch[ 400/937] Loss: 0.8306 CE: 0.8299 Acc: 68.9% LR: 0.000393
[2026-05-27 11:14:12,650]   Batch[ 450/937] Loss: 0.8324 CE: 0.8318 Acc: 68.6% LR: 0.000393
[2026-05-27 11:15:48,225]   Batch[ 500/937] Loss: 0.8295 CE: 0.8288 Acc: 68.8% LR: 0.000393
[2026-05-27 11:17:21,968]   Batch[ 550/937] Loss: 0.8307 CE: 0.8300 Acc: 68.8% LR: 0.000392
[2026-05-27 11:18:57,774]   Batch[ 600/937] Loss: 0.8316 CE: 0.8310 Acc: 68.8% LR: 0.000392
[2026-05-27 11:20:32,011]   Batch[ 650/937] Loss: 0.8326 CE: 0.8319 Acc: 68.8% LR: 0.000391
[2026-05-27 11:22:06,918]   Batch[ 700/937] Loss: 0.8328 CE: 0.8322 Acc: 68.8% LR: 0.000391
[2026-05-27 11:23:44,717]   Batch[ 750/937] Loss: 0.8348 CE: 0.8342 Acc: 68.7% LR: 0.000391
[2026-05-27 11:25:20,372]   Batch[ 800/937] Loss: 0.8352 CE: 0.8346 Acc: 68.6% LR: 0.000390
[2026-05-27 11:26:56,326]   Batch[ 850/937] Loss: 0.8322 CE: 0.8316 Acc: 68.8% LR: 0.000390
[2026-05-27 11:28:32,820]   Batch[ 900/937] Loss: 0.8330 CE: 0.8324 Acc: 68.7% LR: 0.000390
[2026-05-27 11:31:40,084] Epoch 34: train_loss=0.8350 train_acc=68.7% val_loss=0.7726 val_acc=71.1% DA=0.385 CB=0.000
[2026-05-27 11:31:41,965]   Batch[   0/937] Loss: 0.9377 CE: 0.9371 Acc: 62.5% LR: 0.000389
[2026-05-27 11:33:16,848]   Batch[  50/937] Loss: 0.8631 CE: 0.8624 Acc: 67.4% LR: 0.000389
[2026-05-27 11:34:52,312]   Batch[ 100/937] Loss: 0.8401 CE: 0.8395 Acc: 68.3% LR: 0.000389
[2026-05-27 11:36:27,666]   Batch[ 150/937] Loss: 0.8342 CE: 0.8336 Acc: 68.6% LR: 0.000388
[2026-05-27 11:38:01,912]   Batch[ 200/937] Loss: 0.8377 CE: 0.8371 Acc: 68.5% LR: 0.000388
[2026-05-27 11:39:36,806]   Batch[ 250/937] Loss: 0.8388 CE: 0.8382 Acc: 68.6% LR: 0.000388
[2026-05-27 11:41:11,418]   Batch[ 300/937] Loss: 0.8339 CE: 0.8333 Acc: 68.8% LR: 0.000387
[2026-05-27 11:42:45,943]   Batch[ 350/937] Loss: 0.8458 CE: 0.8452 Acc: 68.3% LR: 0.000387
[2026-05-27 11:44:21,112]   Batch[ 400/937] Loss: 0.8493 CE: 0.8487 Acc: 68.3% LR: 0.000386
[2026-05-27 11:45:58,564]   Batch[ 450/937] Loss: 0.8443 CE: 0.8437 Acc: 68.5% LR: 0.000386
[2026-05-27 11:47:34,343]   Batch[ 500/937] Loss: 0.8435 CE: 0.8429 Acc: 68.5% LR: 0.000386
[2026-05-27 11:49:04,813]   Batch[ 550/937] Loss: 0.8406 CE: 0.8400 Acc: 68.6% LR: 0.000385
[2026-05-27 11:50:16,102]   Batch[ 600/937] Loss: 0.8398 CE: 0.8392 Acc: 68.5% LR: 0.000385
[2026-05-27 11:51:21,825]   Batch[ 650/937] Loss: 0.8396 CE: 0.8390 Acc: 68.5% LR: 0.000385
[2026-05-27 11:52:25,553]   Batch[ 700/937] Loss: 0.8411 CE: 0.8405 Acc: 68.5% LR: 0.000384
[2026-05-27 11:53:29,175]   Batch[ 750/937] Loss: 0.8448 CE: 0.8442 Acc: 68.4% LR: 0.000384
[2026-05-27 11:54:36,055]   Batch[ 800/937] Loss: 0.8424 CE: 0.8419 Acc: 68.4% LR: 0.000384
[2026-05-27 11:55:42,987]   Batch[ 850/937] Loss: 0.8404 CE: 0.8398 Acc: 68.6% LR: 0.000383
[2026-05-27 11:56:47,970]   Batch[ 900/937] Loss: 0.8424 CE: 0.8418 Acc: 68.4% LR: 0.000383
[2026-05-27 11:58:57,091] BWO executed at epoch 35
[2026-05-27 11:58:57,091] Epoch 35: train_loss=0.8424 train_acc=68.4% val_loss=0.7753 val_acc=70.4% DA=0.395 CB=0.000
[2026-05-27 11:58:58,314]   Batch[   0/937] Loss: 0.9210 CE: 0.9198 Acc: 57.8% LR: 0.000383
[2026-05-27 12:00:02,835]   Batch[  50/937] Loss: 0.9335 CE: 0.9325 Acc: 64.8% LR: 0.000382
[2026-05-27 12:01:07,892]   Batch[ 100/937] Loss: 0.8911 CE: 0.8901 Acc: 66.5% LR: 0.000382
[2026-05-27 12:02:17,069]   Batch[ 150/937] Loss: 0.8718 CE: 0.8708 Acc: 67.2% LR: 0.000381
[2026-05-27 12:03:24,193]   Batch[ 200/937] Loss: 0.8580 CE: 0.8571 Acc: 67.9% LR: 0.000381
[2026-05-27 12:04:30,753]   Batch[ 250/937] Loss: 0.8496 CE: 0.8487 Acc: 68.2% LR: 0.000381
[2026-05-27 12:05:37,737]   Batch[ 300/937] Loss: 0.8446 CE: 0.8437 Acc: 68.3% LR: 0.000380
[2026-05-27 12:06:44,011]   Batch[ 350/937] Loss: 0.8400 CE: 0.8391 Acc: 68.5% LR: 0.000380
[2026-05-27 12:07:50,689]   Batch[ 400/937] Loss: 0.8373 CE: 0.8364 Acc: 68.5% LR: 0.000380
[2026-05-27 12:08:59,074]   Batch[ 450/937] Loss: 0.8367 CE: 0.8358 Acc: 68.5% LR: 0.000379
[2026-05-27 12:10:07,306]   Batch[ 500/937] Loss: 0.8480 CE: 0.8472 Acc: 68.1% LR: 0.000379
[2026-05-27 12:11:14,594]   Batch[ 550/937] Loss: 0.8474 CE: 0.8466 Acc: 68.1% LR: 0.000378
[2026-05-27 12:12:20,989]   Batch[ 600/937] Loss: 0.8467 CE: 0.8458 Acc: 68.2% LR: 0.000378
[2026-05-27 12:13:27,654]   Batch[ 650/937] Loss: 0.8476 CE: 0.8468 Acc: 68.1% LR: 0.000378
[2026-05-27 12:14:33,878]   Batch[ 700/937] Loss: 0.8470 CE: 0.8461 Acc: 68.2% LR: 0.000377
[2026-05-27 12:15:40,114]   Batch[ 750/937] Loss: 0.8447 CE: 0.8439 Acc: 68.3% LR: 0.000377
[2026-05-27 12:16:46,887]   Batch[ 800/937] Loss: 0.8435 CE: 0.8426 Acc: 68.4% LR: 0.000377
[2026-05-27 12:17:52,275]   Batch[ 850/937] Loss: 0.8402 CE: 0.8394 Acc: 68.5% LR: 0.000376
[2026-05-27 12:18:58,384]   Batch[ 900/937] Loss: 0.8398 CE: 0.8390 Acc: 68.6% LR: 0.000376
[2026-05-27 12:21:04,572] Epoch 36: train_loss=0.8407 train_acc=68.5% val_loss=0.8756 val_acc=65.3% DA=0.453 CB=0.000
[2026-05-27 12:21:05,921]   Batch[   0/937] Loss: 0.6942 CE: 0.6935 Acc: 76.6% LR: 0.000376
[2026-05-27 12:22:10,490]   Batch[  50/937] Loss: 0.8233 CE: 0.8225 Acc: 68.7% LR: 0.000375
[2026-05-27 12:23:14,552]   Batch[ 100/937] Loss: 0.8349 CE: 0.8342 Acc: 68.5% LR: 0.000375
[2026-05-27 12:24:18,485]   Batch[ 150/937] Loss: 0.8237 CE: 0.8230 Acc: 69.0% LR: 0.000374
[2026-05-27 12:25:22,474]   Batch[ 200/937] Loss: 0.8377 CE: 0.8370 Acc: 68.3% LR: 0.000374
[2026-05-27 12:26:26,838]   Batch[ 250/937] Loss: 0.8379 CE: 0.8372 Acc: 68.3% LR: 0.000374
[2026-05-27 12:27:30,855]   Batch[ 300/937] Loss: 0.8334 CE: 0.8327 Acc: 68.4% LR: 0.000373
[2026-05-27 12:28:34,792]   Batch[ 350/937] Loss: 0.8272 CE: 0.8265 Acc: 68.9% LR: 0.000373
[2026-05-27 12:29:41,699]   Batch[ 400/937] Loss: 0.8306 CE: 0.8299 Acc: 68.7% LR: 0.000372
[2026-05-27 12:30:52,376]   Batch[ 450/937] Loss: 0.8316 CE: 0.8309 Acc: 68.7% LR: 0.000372
[2026-05-27 12:32:01,729]   Batch[ 500/937] Loss: 0.8323 CE: 0.8316 Acc: 68.6% LR: 0.000372
[2026-05-27 12:33:12,421]   Batch[ 550/937] Loss: 0.8329 CE: 0.8322 Acc: 68.6% LR: 0.000371
[2026-05-27 12:34:16,279]   Batch[ 600/937] Loss: 0.8319 CE: 0.8313 Acc: 68.6% LR: 0.000371
[2026-05-27 12:35:20,958]   Batch[ 650/937] Loss: 0.8308 CE: 0.8301 Acc: 68.7% LR: 0.000371
[2026-05-27 12:36:25,625]   Batch[ 700/937] Loss: 0.8288 CE: 0.8282 Acc: 68.8% LR: 0.000370
[2026-05-27 12:37:30,357]   Batch[ 750/937] Loss: 0.8291 CE: 0.8284 Acc: 68.8% LR: 0.000370
[2026-05-27 12:38:34,421]   Batch[ 800/937] Loss: 0.8282 CE: 0.8276 Acc: 68.8% LR: 0.000369
[2026-05-27 12:39:39,098]   Batch[ 850/937] Loss: 0.8264 CE: 0.8257 Acc: 68.8% LR: 0.000369
[2026-05-27 12:40:43,572]   Batch[ 900/937] Loss: 0.8272 CE: 0.8266 Acc: 68.8% LR: 0.000369
[2026-05-27 12:42:46,177] Epoch 37: train_loss=0.8272 train_acc=68.8% val_loss=0.8020 val_acc=68.8% DA=0.419 CB=0.000
[2026-05-27 12:42:47,481]   Batch[   0/937] Loss: 0.7504 CE: 0.7498 Acc: 75.0% LR: 0.000368
[2026-05-27 12:43:51,598]   Batch[  50/937] Loss: 0.8204 CE: 0.8196 Acc: 68.6% LR: 0.000368
[2026-05-27 12:44:55,033]   Batch[ 100/937] Loss: 0.8042 CE: 0.8035 Acc: 69.8% LR: 0.000368
[2026-05-27 12:45:59,883]   Batch[ 150/937] Loss: 0.8141 CE: 0.8134 Acc: 69.6% LR: 0.000367
[2026-05-27 12:47:04,380]   Batch[ 200/937] Loss: 0.8174 CE: 0.8167 Acc: 69.6% LR: 0.000367
[2026-05-27 12:48:08,537]   Batch[ 250/937] Loss: 0.8178 CE: 0.8172 Acc: 69.6% LR: 0.000366
[2026-05-27 12:49:12,379]   Batch[ 300/937] Loss: 0.8209 CE: 0.8203 Acc: 69.4% LR: 0.000366
[2026-05-27 12:50:16,723]   Batch[ 350/937] Loss: 0.8218 CE: 0.8212 Acc: 69.3% LR: 0.000366
[2026-05-27 12:51:21,114]   Batch[ 400/937] Loss: 0.8214 CE: 0.8208 Acc: 69.3% LR: 0.000365
[2026-05-27 12:52:26,247]   Batch[ 450/937] Loss: 0.8196 CE: 0.8190 Acc: 69.4% LR: 0.000365
[2026-05-27 12:53:32,940]   Batch[ 500/937] Loss: 0.8208 CE: 0.8202 Acc: 69.2% LR: 0.000365
[2026-05-27 12:54:39,588]   Batch[ 550/937] Loss: 0.8202 CE: 0.8196 Acc: 69.2% LR: 0.000364
[2026-05-27 12:55:40,701]   Batch[ 600/937] Loss: 0.8178 CE: 0.8172 Acc: 69.3% LR: 0.000364
[2026-05-27 12:56:38,414]   Batch[ 650/937] Loss: 0.8176 CE: 0.8169 Acc: 69.3% LR: 0.000363
[2026-05-27 12:57:39,834]   Batch[ 700/937] Loss: 0.8151 CE: 0.8144 Acc: 69.5% LR: 0.000363
[2026-05-27 12:58:44,409]   Batch[ 750/937] Loss: 0.8155 CE: 0.8149 Acc: 69.4% LR: 0.000363
[2026-05-27 12:59:49,095]   Batch[ 800/937] Loss: 0.8148 CE: 0.8142 Acc: 69.4% LR: 0.000362
[2026-05-27 13:00:52,750]   Batch[ 850/937] Loss: 0.8150 CE: 0.8144 Acc: 69.4% LR: 0.000362
[2026-05-27 13:01:57,476]   Batch[ 900/937] Loss: 0.8154 CE: 0.8147 Acc: 69.4% LR: 0.000361
[2026-05-27 13:03:59,740] Epoch 38: train_loss=0.8157 train_acc=69.4% val_loss=0.8717 val_acc=67.1% DA=0.462 CB=0.000
[2026-05-27 13:04:01,143]   Batch[   0/937] Loss: 0.8639 CE: 0.8634 Acc: 68.8% LR: 0.000361
[2026-05-27 13:05:07,900]   Batch[  50/937] Loss: 0.8438 CE: 0.8431 Acc: 67.6% LR: 0.000361
[2026-05-27 13:06:11,551]   Batch[ 100/937] Loss: 0.8242 CE: 0.8236 Acc: 68.9% LR: 0.000360
[2026-05-27 13:07:14,864]   Batch[ 150/937] Loss: 0.8528 CE: 0.8522 Acc: 67.8% LR: 0.000360
[2026-05-27 13:08:19,199]   Batch[ 200/937] Loss: 0.8454 CE: 0.8447 Acc: 68.1% LR: 0.000360
[2026-05-27 13:09:24,170]   Batch[ 250/937] Loss: 0.8404 CE: 0.8398 Acc: 68.2% LR: 0.000359
[2026-05-27 13:10:33,222]   Batch[ 300/937] Loss: 0.8424 CE: 0.8418 Acc: 68.0% LR: 0.000359
[2026-05-27 13:11:38,293]   Batch[ 350/937] Loss: 0.8384 CE: 0.8378 Acc: 68.2% LR: 0.000358
[2026-05-27 13:12:42,938]   Batch[ 400/937] Loss: 0.8320 CE: 0.8314 Acc: 68.4% LR: 0.000358
[2026-05-27 13:13:45,740]   Batch[ 450/937] Loss: 0.8299 CE: 0.8293 Acc: 68.7% LR: 0.000358
[2026-05-27 13:14:45,325]   Batch[ 500/937] Loss: 0.8267 CE: 0.8261 Acc: 68.9% LR: 0.000357
[2026-05-27 13:15:44,760]   Batch[ 550/937] Loss: 0.8301 CE: 0.8295 Acc: 68.8% LR: 0.000357
[2026-05-27 13:16:42,835]   Batch[ 600/937] Loss: 0.8286 CE: 0.8280 Acc: 68.9% LR: 0.000356
[2026-05-27 13:17:46,408]   Batch[ 650/937] Loss: 0.8292 CE: 0.8286 Acc: 68.9% LR: 0.000356
[2026-05-27 13:18:48,969]   Batch[ 700/937] Loss: 0.8289 CE: 0.8283 Acc: 68.9% LR: 0.000356
[2026-05-27 13:19:51,601]   Batch[ 750/937] Loss: 0.8309 CE: 0.8303 Acc: 68.8% LR: 0.000355
[2026-05-27 13:20:54,486]   Batch[ 800/937] Loss: 0.8313 CE: 0.8308 Acc: 68.7% LR: 0.000355
[2026-05-27 13:21:57,759]   Batch[ 850/937] Loss: 0.8291 CE: 0.8285 Acc: 68.8% LR: 0.000354
[2026-05-27 13:23:01,182]   Batch[ 900/937] Loss: 0.8306 CE: 0.8300 Acc: 68.8% LR: 0.000354
[2026-05-27 13:25:01,293] Epoch 39: train_loss=0.8309 train_acc=68.7% val_loss=0.8424 val_acc=68.0% DA=0.449 CB=0.000
[2026-05-27 13:25:02,608]   Batch[   0/937] Loss: 0.9538 CE: 0.9534 Acc: 60.9% LR: 0.000354
[2026-05-27 13:26:11,454]   Batch[  50/937] Loss: 0.8042 CE: 0.8037 Acc: 70.4% LR: 0.000353
[2026-05-27 13:27:16,616]   Batch[ 100/937] Loss: 0.8157 CE: 0.8152 Acc: 69.4% LR: 0.000353
[2026-05-27 13:28:18,151]   Batch[ 150/937] Loss: 0.8238 CE: 0.8232 Acc: 69.0% LR: 0.000353
[2026-05-27 13:29:18,155]   Batch[ 200/937] Loss: 0.8194 CE: 0.8189 Acc: 69.4% LR: 0.000352
[2026-05-27 13:30:22,833]   Batch[ 250/937] Loss: 0.8174 CE: 0.8169 Acc: 69.4% LR: 0.000352
[2026-05-27 13:31:27,555]   Batch[ 300/937] Loss: 0.8272 CE: 0.8267 Acc: 69.0% LR: 0.000351
[2026-05-27 13:32:35,322]   Batch[ 350/937] Loss: 0.8397 CE: 0.8392 Acc: 68.5% LR: 0.000351
[2026-05-27 13:33:43,134]   Batch[ 400/937] Loss: 0.8375 CE: 0.8369 Acc: 68.5% LR: 0.000351
[2026-05-27 13:34:51,585]   Batch[ 450/937] Loss: 0.8365 CE: 0.8360 Acc: 68.5% LR: 0.000350
[2026-05-27 13:36:00,181]   Batch[ 500/937] Loss: 0.8358 CE: 0.8352 Acc: 68.6% LR: 0.000350
[2026-05-27 13:37:07,551]   Batch[ 550/937] Loss: 0.8374 CE: 0.8369 Acc: 68.5% LR: 0.000349
[2026-05-27 13:38:16,107]   Batch[ 600/937] Loss: 0.8343 CE: 0.8338 Acc: 68.6% LR: 0.000349
[2026-05-27 13:39:21,662]   Batch[ 650/937] Loss: 0.8333 CE: 0.8328 Acc: 68.6% LR: 0.000349
[2026-05-27 13:40:26,305]   Batch[ 700/937] Loss: 0.8326 CE: 0.8321 Acc: 68.6% LR: 0.000348
[2026-05-27 13:41:30,513]   Batch[ 750/937] Loss: 0.8318 CE: 0.8312 Acc: 68.7% LR: 0.000348
[2026-05-27 13:42:34,077]   Batch[ 800/937] Loss: 0.8302 CE: 0.8296 Acc: 68.7% LR: 0.000347
[2026-05-27 13:43:40,468]   Batch[ 850/937] Loss: 0.8298 CE: 0.8293 Acc: 68.7% LR: 0.000347
[2026-05-27 13:44:46,111]   Batch[ 900/937] Loss: 0.8322 CE: 0.8317 Acc: 68.6% LR: 0.000347
[2026-05-27 13:46:57,395] BWO executed at epoch 40
[2026-05-27 13:46:57,395] Epoch 40: train_loss=0.8318 train_acc=68.6% val_loss=0.7821 val_acc=70.4% DA=0.420 CB=0.000
[2026-05-27 13:46:58,653]   Batch[   0/937] Loss: 0.8589 CE: 0.8578 Acc: 62.5% LR: 0.000346
[2026-05-27 13:48:06,985]   Batch[  50/937] Loss: 0.8645 CE: 0.8634 Acc: 67.3% LR: 0.000346
[2026-05-27 13:49:14,575]   Batch[ 100/937] Loss: 0.8512 CE: 0.8501 Acc: 68.1% LR: 0.000345
[2026-05-27 13:50:22,690]   Batch[ 150/937] Loss: 0.8467 CE: 0.8457 Acc: 68.4% LR: 0.000345
[2026-05-27 13:51:30,102]   Batch[ 200/937] Loss: 0.8456 CE: 0.8446 Acc: 68.4% LR: 0.000345
[2026-05-27 13:52:37,764]   Batch[ 250/937] Loss: 0.8435 CE: 0.8425 Acc: 68.4% LR: 0.000344
[2026-05-27 13:53:44,229]   Batch[ 300/937] Loss: 0.8407 CE: 0.8398 Acc: 68.6% LR: 0.000344
[2026-05-27 13:54:52,284]   Batch[ 350/937] Loss: 0.8359 CE: 0.8349 Acc: 68.8% LR: 0.000343
[2026-05-27 13:55:58,455]   Batch[ 400/937] Loss: 0.8348 CE: 0.8339 Acc: 68.9% LR: 0.000343
[2026-05-27 13:57:05,847]   Batch[ 450/937] Loss: 0.8287 CE: 0.8278 Acc: 69.1% LR: 0.000343
[2026-05-27 13:58:13,819]   Batch[ 500/937] Loss: 0.8342 CE: 0.8333 Acc: 68.8% LR: 0.000342
[2026-05-27 13:59:21,258]   Batch[ 550/937] Loss: 0.8355 CE: 0.8346 Acc: 68.8% LR: 0.000342
[2026-05-27 14:00:24,742]   Batch[ 600/937] Loss: 0.8358 CE: 0.8350 Acc: 68.7% LR: 0.000341
[2026-05-27 14:01:26,566]   Batch[ 650/937] Loss: 0.8349 CE: 0.8340 Acc: 68.8% LR: 0.000341
[2026-05-27 14:02:26,435]   Batch[ 700/937] Loss: 0.8367 CE: 0.8359 Acc: 68.7% LR: 0.000341
[2026-05-27 14:03:26,566]   Batch[ 750/937] Loss: 0.8360 CE: 0.8351 Acc: 68.7% LR: 0.000340
[2026-05-27 14:04:25,910]   Batch[ 800/937] Loss: 0.8350 CE: 0.8342 Acc: 68.7% LR: 0.000340
[2026-05-27 14:05:25,088]   Batch[ 850/937] Loss: 0.8323 CE: 0.8315 Acc: 68.8% LR: 0.000339
[2026-05-27 14:06:25,110]   Batch[ 900/937] Loss: 0.8309 CE: 0.8301 Acc: 68.8% LR: 0.000339
[2026-05-27 14:08:20,467] Epoch 41: train_loss=0.8293 train_acc=68.9% val_loss=0.7757 val_acc=70.8% DA=0.422 CB=0.000
[2026-05-27 14:08:21,642]   Batch[   0/937] Loss: 0.9522 CE: 0.9515 Acc: 71.9% LR: 0.000339
[2026-05-27 14:09:21,690]   Batch[  50/937] Loss: 0.8225 CE: 0.8217 Acc: 69.7% LR: 0.000338
[2026-05-27 14:10:21,479]   Batch[ 100/937] Loss: 0.8432 CE: 0.8424 Acc: 68.3% LR: 0.000338
[2026-05-27 14:11:23,095]   Batch[ 150/937] Loss: 0.8330 CE: 0.8323 Acc: 68.4% LR: 0.000337
[2026-05-27 14:12:23,206]   Batch[ 200/937] Loss: 0.8195 CE: 0.8188 Acc: 68.9% LR: 0.000337
[2026-05-27 14:13:23,359]   Batch[ 250/937] Loss: 0.8119 CE: 0.8111 Acc: 69.0% LR: 0.000337
[2026-05-27 14:14:23,201]   Batch[ 300/937] Loss: 0.8039 CE: 0.8031 Acc: 69.4% LR: 0.000336
[2026-05-27 14:15:23,482]   Batch[ 350/937] Loss: 0.8040 CE: 0.8032 Acc: 69.5% LR: 0.000336
[2026-05-27 14:16:23,557]   Batch[ 400/937] Loss: 0.8059 CE: 0.8051 Acc: 69.4% LR: 0.000335
[2026-05-27 14:17:23,705]   Batch[ 450/937] Loss: 0.8028 CE: 0.8020 Acc: 69.6% LR: 0.000335
[2026-05-27 14:18:23,764]   Batch[ 500/937] Loss: 0.8023 CE: 0.8015 Acc: 69.7% LR: 0.000335
[2026-05-27 14:19:23,636]   Batch[ 550/937] Loss: 0.8023 CE: 0.8016 Acc: 69.6% LR: 0.000334
[2026-05-27 14:20:23,319]   Batch[ 600/937] Loss: 0.8034 CE: 0.8026 Acc: 69.6% LR: 0.000334
[2026-05-27 14:21:23,405]   Batch[ 650/937] Loss: 0.8018 CE: 0.8010 Acc: 69.7% LR: 0.000333
[2026-05-27 14:22:23,380]   Batch[ 700/937] Loss: 0.8035 CE: 0.8028 Acc: 69.7% LR: 0.000333
[2026-05-27 14:23:22,941]   Batch[ 750/937] Loss: 0.8020 CE: 0.8013 Acc: 69.7% LR: 0.000333
[2026-05-27 14:24:23,112]   Batch[ 800/937] Loss: 0.8035 CE: 0.8027 Acc: 69.7% LR: 0.000332
[2026-05-27 14:25:22,907]   Batch[ 850/937] Loss: 0.8069 CE: 0.8062 Acc: 69.6% LR: 0.000332
[2026-05-27 14:26:23,031]   Batch[ 900/937] Loss: 0.8098 CE: 0.8090 Acc: 69.4% LR: 0.000331
[2026-05-27 14:28:17,633] Epoch 42: train_loss=0.8099 train_acc=69.5% val_loss=0.7746 val_acc=70.4% DA=0.428 CB=0.000
[2026-05-27 14:28:18,844]   Batch[   0/937] Loss: 0.6063 CE: 0.6056 Acc: 76.6% LR: 0.000331
[2026-05-27 14:29:18,671]   Batch[  50/937] Loss: 0.8521 CE: 0.8515 Acc: 68.1% LR: 0.000331
[2026-05-27 14:30:18,609]   Batch[ 100/937] Loss: 0.8366 CE: 0.8359 Acc: 68.3% LR: 0.000330
[2026-05-27 14:31:18,310]   Batch[ 150/937] Loss: 0.8213 CE: 0.8207 Acc: 68.9% LR: 0.000330
[2026-05-27 14:32:18,654]   Batch[ 200/937] Loss: 0.8171 CE: 0.8164 Acc: 69.0% LR: 0.000329
[2026-05-27 14:33:18,838]   Batch[ 250/937] Loss: 0.8122 CE: 0.8115 Acc: 69.3% LR: 0.000329
[2026-05-27 14:34:18,945]   Batch[ 300/937] Loss: 0.8101 CE: 0.8094 Acc: 69.5% LR: 0.000329
[2026-05-27 14:35:19,326]   Batch[ 350/937] Loss: 0.8077 CE: 0.8071 Acc: 69.7% LR: 0.000328
[2026-05-27 14:36:19,968]   Batch[ 400/937] Loss: 0.8082 CE: 0.8075 Acc: 69.7% LR: 0.000328
[2026-05-27 14:37:21,049]   Batch[ 450/937] Loss: 0.8061 CE: 0.8055 Acc: 69.8% LR: 0.000327
[2026-05-27 14:38:22,778]   Batch[ 500/937] Loss: 0.8023 CE: 0.8016 Acc: 69.9% LR: 0.000327
[2026-05-27 14:39:24,214]   Batch[ 550/937] Loss: 0.7996 CE: 0.7990 Acc: 70.0% LR: 0.000326
[2026-05-27 14:40:24,392]   Batch[ 600/937] Loss: 0.7954 CE: 0.7947 Acc: 70.1% LR: 0.000326
[2026-05-27 14:41:24,320]   Batch[ 650/937] Loss: 0.7976 CE: 0.7969 Acc: 70.1% LR: 0.000326
[2026-05-27 14:42:24,277]   Batch[ 700/937] Loss: 0.7973 CE: 0.7966 Acc: 70.1% LR: 0.000325
[2026-05-27 14:43:24,299]   Batch[ 750/937] Loss: 0.7987 CE: 0.7980 Acc: 70.0% LR: 0.000325
[2026-05-27 14:44:23,411]   Batch[ 800/937] Loss: 0.7998 CE: 0.7992 Acc: 69.9% LR: 0.000324
[2026-05-27 14:45:22,345]   Batch[ 850/937] Loss: 0.8013 CE: 0.8006 Acc: 69.9% LR: 0.000324
[2026-05-27 14:46:21,639]   Batch[ 900/937] Loss: 0.8021 CE: 0.8014 Acc: 69.9% LR: 0.000324
[2026-05-27 14:48:14,122] Epoch 43: train_loss=0.8014 train_acc=69.9% val_loss=0.7878 val_acc=70.4% DA=0.441 CB=0.000
[2026-05-27 14:48:15,285]   Batch[   0/937] Loss: 0.7032 CE: 0.7026 Acc: 68.8% LR: 0.000323
[2026-05-27 14:49:13,738]   Batch[  50/937] Loss: 0.8252 CE: 0.8246 Acc: 68.9% LR: 0.000323
[2026-05-27 14:50:12,632]   Batch[ 100/937] Loss: 0.8572 CE: 0.8566 Acc: 67.8% LR: 0.000322
[2026-05-27 14:51:11,407]   Batch[ 150/937] Loss: 0.8474 CE: 0.8468 Acc: 68.2% LR: 0.000322
[2026-05-27 14:52:10,113]   Batch[ 200/937] Loss: 0.8418 CE: 0.8412 Acc: 68.3% LR: 0.000322
[2026-05-27 14:53:09,094]   Batch[ 250/937] Loss: 0.8470 CE: 0.8464 Acc: 68.1% LR: 0.000321
[2026-05-27 14:54:07,691]   Batch[ 300/937] Loss: 0.8410 CE: 0.8404 Acc: 68.4% LR: 0.000321
[2026-05-27 14:55:06,778]   Batch[ 350/937] Loss: 0.8356 CE: 0.8349 Acc: 68.6% LR: 0.000320
[2026-05-27 14:56:05,686]   Batch[ 400/937] Loss: 0.8329 CE: 0.8322 Acc: 68.8% LR: 0.000320
[2026-05-27 14:57:04,751]   Batch[ 450/937] Loss: 0.8285 CE: 0.8279 Acc: 68.8% LR: 0.000320
[2026-05-27 14:58:03,698]   Batch[ 500/937] Loss: 0.8288 CE: 0.8282 Acc: 68.7% LR: 0.000319
[2026-05-27 14:59:02,549]   Batch[ 550/937] Loss: 0.8264 CE: 0.8258 Acc: 68.8% LR: 0.000319
[2026-05-27 15:00:01,125]   Batch[ 600/937] Loss: 0.8224 CE: 0.8218 Acc: 69.0% LR: 0.000318
[2026-05-27 15:00:59,965]   Batch[ 650/937] Loss: 0.8202 CE: 0.8196 Acc: 69.1% LR: 0.000318
[2026-05-27 15:01:58,899]   Batch[ 700/937] Loss: 0.8184 CE: 0.8178 Acc: 69.2% LR: 0.000317
[2026-05-27 15:02:57,811]   Batch[ 750/937] Loss: 0.8195 CE: 0.8189 Acc: 69.2% LR: 0.000317
[2026-05-27 15:03:56,688]   Batch[ 800/937] Loss: 0.8236 CE: 0.8230 Acc: 69.0% LR: 0.000317
[2026-05-27 15:04:55,344]   Batch[ 850/937] Loss: 0.8276 CE: 0.8269 Acc: 68.9% LR: 0.000316
[2026-05-27 15:05:53,973]   Batch[ 900/937] Loss: 0.8262 CE: 0.8256 Acc: 68.9% LR: 0.000316
[2026-05-27 15:07:46,314] Epoch 44: train_loss=0.8254 train_acc=68.9% val_loss=0.8427 val_acc=67.6% DA=0.479 CB=0.000

  [GPU] 已用: 30MB / 预留: 2538MB / 总共: 8151MB
   27 | 0.8632     |  67.4%    | 0.8682   |  67.1% |  68.2%| 1901s | DA:0.394 CB:0.000 | L0:sparsity=80.6%, L1:sparsity=80.9%
  [GPU] 已用: 30MB / 预留: 2538MB / 总共: 8151MB
   28 | 0.8658     |  67.3%    | 1.0331   |  61.2% |  68.2%| 1898s | DA:0.471 CB:0.000 | L0:sparsity=80.5%, L1:sparsity=80.7%
  [GPU] 已用: 30MB / 预留: 2538MB / 总共: 8151MB
   29 | 0.8735     |  67.1%    | 0.9230   |  63.4% |  68.2%| 1903s | DA:0.426 CB:0.000 | L0:sparsity=80.4%, L1:sparsity=80.6%
  [GPU] 已用: 30MB / 预留: 2538MB / 总共: 8151MB
[HF BWO] Called at epoch 30, interval=5
[HF BWO] Condition met, processing 2 blocks
[HF BWO] Block 0: calling block.prune_and_regrow
[BWO DEBUG] prune_fraction=0.5, regrow_fraction=0.1
[BWO DEBUG] Initial alive: 7564/38416
[BWO DEBUG] After prune: 3782 alive (pruned 3782)
[BWO DEBUG] Final: 7245 alive, sparsity=81.14%
[HF BWO] Block 0: done
[HF BWO] Block 1: calling block.prune_and_regrow
[BWO DEBUG] prune_fraction=0.5, regrow_fraction=0.1
[BWO DEBUG] Initial alive: 7564/38416
[BWO DEBUG] After prune: 3782 alive (pruned 3782)
[BWO DEBUG] Final: 7245 alive, sparsity=81.14%
[HF BWO] Block 1: done
   30 | 0.8543     |  67.8%    | 1.0340   |  62.3% |  68.2%| 1899s | DA:0.480 CB:0.000 | L0:sparsity=80.4%, L1:sparsity=80.5%
  [GPU] 已用: 30MB / 预留: 2538MB / 总共: 8151MB
   31 | 0.8554     |  68.0%    | 0.7875   |  70.1% |  70.1%| 1899s | DA:0.373 CB:0.000 | L0:sparsity=81.6%, L1:sparsity=81.8%
  [GPU] 已用: 30MB / 预留: 2538MB / 总共: 8151MB
   32 | 0.8443     |  68.3%    | 0.8570   |  66.9% |  70.1%| 1902s | DA:0.414 CB:0.000 | L0:sparsity=81.3%, L1:sparsity=81.5%
  [GPU] 已用: 30MB / 预留: 2538MB / 总共: 8151MB
   33 | 0.8450     |  68.2%    | 0.9149   |  65.1% |  70.1%| 1932s | DA:0.447 CB:0.000 | L0:sparsity=81.3%, L1:sparsity=81.4%
  [GPU] 已用: 30MB / 预留: 2538MB / 总共: 8151MB
   34 | 0.8350     |  68.7%    | 0.7726   |  71.1% |  71.1%| 1910s | DA:0.385 CB:0.000 | L0:sparsity=81.2%, L1:sparsity=81.3%
  [GPU] 已用: 30MB / 预留: 2538MB / 总共: 8151MB
[HF BWO] Called at epoch 35, interval=5
[HF BWO] Condition met, processing 2 blocks
[HF BWO] Block 0: calling block.prune_and_regrow
[BWO DEBUG] prune_fraction=0.5, regrow_fraction=0.1
[BWO DEBUG] Initial alive: 7245/38416
[BWO DEBUG] After prune: 3623 alive (pruned 3622)
[BWO DEBUG] Final: 7102 alive, sparsity=81.51%
[HF BWO] Block 0: done
[HF BWO] Block 1: calling block.prune_and_regrow
[BWO DEBUG] prune_fraction=0.5, regrow_fraction=0.1
[BWO DEBUG] Initial alive: 7245/38416
[BWO DEBUG] After prune: 3623 alive (pruned 3622)
[BWO DEBUG] Final: 7102 alive, sparsity=81.51%
[HF BWO] Block 1: done
   35 | 0.8424     |  68.4%    | 0.7753   |  70.4% |  71.1%| 1637s | DA:0.395 CB:0.000 | L0:sparsity=81.2%, L1:sparsity=81.3%
  [GPU] 已用: 30MB / 预留: 2538MB / 总共: 8151MB
   36 | 0.8407     |  68.5%    | 0.8756   |  65.3% |  71.1%| 1327s | DA:0.453 CB:0.000 | L0:sparsity=81.9%, L1:sparsity=82.1%
  [GPU] 已用: 30MB / 预留: 2538MB / 总共: 8151MB
   37 | 0.8272     |  68.8%    | 0.8020   |  68.8% |  71.1%| 1302s | DA:0.419 CB:0.000 | L0:sparsity=81.7%, L1:sparsity=81.8%
  [GPU] 已用: 30MB / 预留: 2538MB / 总共: 8151MB
   38 | 0.8157     |  69.4%    | 0.8717   |  67.1% |  71.1%| 1274s | DA:0.462 CB:0.000 | L0:sparsity=81.6%, L1:sparsity=81.7%
  [GPU] 已用: 30MB / 预留: 2538MB / 总共: 8151MB
   39 | 0.8309     |  68.7%    | 0.8424   |  68.0% |  71.1%| 1262s | DA:0.449 CB:0.000 | L0:sparsity=81.6%, L1:sparsity=81.6%
  [GPU] 已用: 30MB / 预留: 2538MB / 总共: 8151MB
[HF BWO] Called at epoch 40, interval=5
[HF BWO] Condition met, processing 2 blocks
[HF BWO] Block 0: calling block.prune_and_regrow
[BWO DEBUG] prune_fraction=0.5, regrow_fraction=0.1
[BWO DEBUG] Initial alive: 7102/38416
[BWO DEBUG] After prune: 3551 alive (pruned 3551)
[BWO DEBUG] Final: 7037 alive, sparsity=81.68%
[HF BWO] Block 0: done
[HF BWO] Block 1: calling block.prune_and_regrow
[BWO DEBUG] prune_fraction=0.5, regrow_fraction=0.1
[BWO DEBUG] Initial alive: 7102/38416
[BWO DEBUG] After prune: 3551 alive (pruned 3551)
[BWO DEBUG] Final: 7037 alive, sparsity=81.68%
[HF BWO] Block 1: done
   40 | 0.8318     |  68.6%    | 0.7821   |  70.4% |  71.1%| 1316s | DA:0.420 CB:0.000 | L0:sparsity=81.6%, L1:sparsity=81.6%
  [GPU] 已用: 30MB / 预留: 2538MB / 总共: 8151MB
   41 | 0.8293     |  68.9%    | 0.7757   |  70.8% |  71.1%| 1283s | DA:0.422 CB:0.000 | L0:sparsity=82.1%, L1:sparsity=82.2%
  [GPU] 已用: 30MB / 预留: 2538MB / 总共: 8151MB
   42 | 0.8099     |  69.5%    | 0.7746   |  70.4% |  71.1%| 1197s | DA:0.428 CB:0.000 | L0:sparsity=81.8%, L1:sparsity=82.0%
  [GPU] 已用: 30MB / 预留: 2538MB / 总共: 8151MB
   43 | 0.8014     |  69.9%    | 0.7878   |  70.4% |  71.1%| 1196s | DA:0.441 CB:0.000 | L0:sparsity=81.8%, L1:sparsity=81.8%
  [GPU] 已用: 30MB / 预留: 2538MB / 总共: 8151MB
   44 | 0.8254     |  68.9%    | 0.8427   |  67.6% |  71.1%| 1172s | DA:0.479 CB:0.000 | L0:sparsity=81.8%, L1:sparsity=81.8%
  [GPU] 已用: 30MB / 预留: 2538MB / 总共: 8151MB
Early stopping at epoch 44 (stale=10)
============================================================
Training complete! Best val acc: 71.06%
============================================================
Model saved to ./checkpoints/final.pt
