[2026-05-26 11:41:34,852] Loading dataset...
[2026-05-26 11:41:34,912] Train: 60000, Val: 10000
[2026-05-26 11:41:34,912] Creating model...
[2026-05-26 11:41:35,009] Parameters: 0.74M total, 0.35M trainable
[2026-05-26 11:41:35,010] Starting training: 50 epochs
[2026-05-26 11:41:36,692]   Batch[   0/937] Loss: 2.7141 CE: 2.7001 Acc: 9.4% LR: 0.000005
[2026-05-26 11:42:39,236]   Batch[  50/937] Loss: 2.5539 CE: 2.5402 Acc: 9.7% LR: 0.000012
[2026-05-26 11:43:40,148]   Batch[ 100/937] Loss: 2.4649 CE: 2.4518 Acc: 10.3% LR: 0.000018
[2026-05-26 11:44:41,249]   Batch[ 150/937] Loss: 2.4061 CE: 2.3936 Acc: 12.2% LR: 0.000025
[2026-05-26 11:45:42,636]   Batch[ 200/937] Loss: 2.3648 CE: 2.3531 Acc: 13.3% LR: 0.000031
[2026-05-26 11:46:44,233]   Batch[ 250/937] Loss: 2.3297 CE: 2.3187 Acc: 14.3% LR: 0.000038
[2026-05-26 11:47:45,267]   Batch[ 300/937] Loss: 2.3002 CE: 2.2899 Acc: 15.1% LR: 0.000045
[2026-05-26 11:48:46,818]   Batch[ 350/937] Loss: 2.2722 CE: 2.2626 Acc: 16.0% LR: 0.000051
[2026-05-26 11:49:49,671]   Batch[ 400/937] Loss: 2.2492 CE: 2.2404 Acc: 16.7% LR: 0.000058
[2026-05-26 11:50:52,859]   Batch[ 450/937] Loss: 2.2297 CE: 2.2215 Acc: 17.2% LR: 0.000064
[2026-05-26 11:52:02,216]   Batch[ 500/937] Loss: 2.2099 CE: 2.2023 Acc: 17.8% LR: 0.000071
[2026-05-26 11:53:12,663]   Batch[ 550/937] Loss: 2.1930 CE: 2.1859 Acc: 18.2% LR: 0.000078
[2026-05-26 11:54:15,501]   Batch[ 600/937] Loss: 2.1777 CE: 2.1711 Acc: 18.6% LR: 0.000084
[2026-05-26 11:55:17,883]   Batch[ 650/937] Loss: 2.1643 CE: 2.1581 Acc: 19.0% LR: 0.000091
[2026-05-26 11:56:19,914]   Batch[ 700/937] Loss: 2.1545 CE: 2.1488 Acc: 19.3% LR: 0.000097
[2026-05-26 11:57:22,574]   Batch[ 750/937] Loss: 2.1440 CE: 2.1385 Acc: 19.5% LR: 0.000104
[2026-05-26 11:58:26,293]   Batch[ 800/937] Loss: 2.1344 CE: 2.1293 Acc: 19.9% LR: 0.000111
[2026-05-26 11:59:28,395]   Batch[ 850/937] Loss: 2.1254 CE: 2.1205 Acc: 20.1% LR: 0.000117
[2026-05-26 12:00:30,541]   Batch[ 900/937] Loss: 2.1178 CE: 2.1132 Acc: 20.3% LR: 0.000124
[2026-05-26 12:02:30,076] Epoch 1: train_loss=2.1123 train_acc=20.5% val_loss=1.9373 val_acc=26.4% DA=0.326 CB=0.000
[2026-05-26 12:02:31,237]   Batch[   0/937] Loss: 2.0915 CE: 2.0912 Acc: 20.3% LR: 0.000129
[2026-05-26 12:03:33,871]   Batch[  50/937] Loss: 1.9609 CE: 1.9606 Acc: 24.3% LR: 0.000135
[2026-05-26 12:04:38,599]   Batch[ 100/937] Loss: 1.9658 CE: 1.9656 Acc: 25.0% LR: 0.000142
[2026-05-26 12:05:40,617]   Batch[ 150/937] Loss: 1.9629 CE: 1.9626 Acc: 25.4% LR: 0.000148
[2026-05-26 12:06:44,493]   Batch[ 200/937] Loss: 1.9660 CE: 1.9657 Acc: 25.2% LR: 0.000155
[2026-05-26 12:07:53,447]   Batch[ 250/937] Loss: 1.9644 CE: 1.9641 Acc: 25.1% LR: 0.000162
[2026-05-26 12:09:01,578]   Batch[ 300/937] Loss: 1.9627 CE: 1.9625 Acc: 25.1% LR: 0.000168
[2026-05-26 12:10:09,412]   Batch[ 350/937] Loss: 1.9601 CE: 1.9599 Acc: 25.2% LR: 0.000175
[2026-05-26 12:11:15,182]   Batch[ 400/937] Loss: 1.9540 CE: 1.9537 Acc: 25.5% LR: 0.000181
[2026-05-26 12:12:21,603]   Batch[ 450/937] Loss: 1.9487 CE: 1.9484 Acc: 25.7% LR: 0.000188
[2026-05-26 12:13:29,722]   Batch[ 500/937] Loss: 1.9443 CE: 1.9440 Acc: 25.8% LR: 0.000195
[2026-05-26 12:14:34,121]   Batch[ 550/937] Loss: 1.9411 CE: 1.9409 Acc: 25.8% LR: 0.000201
[2026-05-26 12:15:38,227]   Batch[ 600/937] Loss: 1.9391 CE: 1.9389 Acc: 25.8% LR: 0.000208
[2026-05-26 12:16:42,997]   Batch[ 650/937] Loss: 1.9359 CE: 1.9357 Acc: 25.9% LR: 0.000214
[2026-05-26 12:17:47,372]   Batch[ 700/937] Loss: 1.9337 CE: 1.9335 Acc: 25.9% LR: 0.000221
[2026-05-26 12:18:52,395]   Batch[ 750/937] Loss: 1.9314 CE: 1.9312 Acc: 25.9% LR: 0.000228
[2026-05-26 12:19:56,788]   Batch[ 800/937] Loss: 1.9279 CE: 1.9277 Acc: 26.0% LR: 0.000234
[2026-05-26 12:21:01,050]   Batch[ 850/937] Loss: 1.9239 CE: 1.9237 Acc: 26.1% LR: 0.000241
[2026-05-26 12:22:05,101]   Batch[ 900/937] Loss: 1.9200 CE: 1.9198 Acc: 26.1% LR: 0.000247
[2026-05-26 12:24:12,250] Epoch 2: train_loss=1.9170 train_acc=26.2% val_loss=1.8175 val_acc=28.5% DA=0.307 CB=0.000
[2026-05-26 12:24:13,521]   Batch[   0/937] Loss: 1.6683 CE: 1.6681 Acc: 35.9% LR: 0.000252
[2026-05-26 12:25:17,410]   Batch[  50/937] Loss: 1.8627 CE: 1.8626 Acc: 27.3% LR: 0.000259
[2026-05-26 12:26:21,679]   Batch[ 100/937] Loss: 1.8555 CE: 1.8554 Acc: 27.3% LR: 0.000265
[2026-05-26 12:27:25,923]   Batch[ 150/937] Loss: 1.8441 CE: 1.8439 Acc: 27.8% LR: 0.000272
[2026-05-26 12:28:29,817]   Batch[ 200/937] Loss: 1.8321 CE: 1.8320 Acc: 27.9% LR: 0.000279
[2026-05-26 12:29:34,117]   Batch[ 250/937] Loss: 1.8251 CE: 1.8250 Acc: 28.1% LR: 0.000285
[2026-05-26 12:30:38,611]   Batch[ 300/937] Loss: 1.8185 CE: 1.8184 Acc: 28.3% LR: 0.000292
[2026-05-26 12:31:43,511]   Batch[ 350/937] Loss: 1.8096 CE: 1.8095 Acc: 28.6% LR: 0.000298
[2026-05-26 12:32:47,330]   Batch[ 400/937] Loss: 1.8043 CE: 1.8042 Acc: 28.8% LR: 0.000305
[2026-05-26 12:33:51,573]   Batch[ 450/937] Loss: 1.8002 CE: 1.8001 Acc: 28.8% LR: 0.000312
[2026-05-26 12:34:56,251]   Batch[ 500/937] Loss: 1.7969 CE: 1.7968 Acc: 28.8% LR: 0.000318
[2026-05-26 12:35:59,650]   Batch[ 550/937] Loss: 1.7907 CE: 1.7906 Acc: 28.8% LR: 0.000325
[2026-05-26 12:37:01,983]   Batch[ 600/937] Loss: 1.7871 CE: 1.7870 Acc: 28.9% LR: 0.000331
[2026-05-26 12:38:04,437]   Batch[ 650/937] Loss: 1.7816 CE: 1.7816 Acc: 29.1% LR: 0.000338
[2026-05-26 12:39:06,635]   Batch[ 700/937] Loss: 1.7761 CE: 1.7760 Acc: 29.2% LR: 0.000345
[2026-05-26 12:40:07,929]   Batch[ 750/937] Loss: 1.7714 CE: 1.7713 Acc: 29.3% LR: 0.000351
[2026-05-26 12:41:09,195]   Batch[ 800/937] Loss: 1.7665 CE: 1.7664 Acc: 29.4% LR: 0.000358
[2026-05-26 12:42:10,620]   Batch[ 850/937] Loss: 1.7636 CE: 1.7635 Acc: 29.4% LR: 0.000364
[2026-05-26 12:43:11,842]   Batch[ 900/937] Loss: 1.7594 CE: 1.7593 Acc: 29.6% LR: 0.000371
[2026-05-26 12:45:06,409] Epoch 3: train_loss=1.7564 train_acc=29.7% val_loss=1.6527 val_acc=33.1% DA=0.279 CB=0.000
[2026-05-26 12:45:07,633]   Batch[   0/937] Loss: 1.6013 CE: 1.6013 Acc: 31.2% LR: 0.000376
[2026-05-26 12:46:09,104]   Batch[  50/937] Loss: 1.7056 CE: 1.7056 Acc: 30.5% LR: 0.000382
[2026-05-26 12:47:11,005]   Batch[ 100/937] Loss: 1.7073 CE: 1.7073 Acc: 30.6% LR: 0.000389
[2026-05-26 12:48:13,290]   Batch[ 150/937] Loss: 1.6987 CE: 1.6987 Acc: 30.9% LR: 0.000396
[2026-05-26 12:49:14,521]   Batch[ 200/937] Loss: 1.6882 CE: 1.6881 Acc: 31.2% LR: 0.000402
[2026-05-26 12:50:15,658]   Batch[ 250/937] Loss: 1.6791 CE: 1.6791 Acc: 31.5% LR: 0.000409
[2026-05-26 12:51:17,377]   Batch[ 300/937] Loss: 1.6779 CE: 1.6778 Acc: 31.4% LR: 0.000415
[2026-05-26 12:52:18,709]   Batch[ 350/937] Loss: 1.6745 CE: 1.6745 Acc: 31.5% LR: 0.000422
[2026-05-26 12:53:20,300]   Batch[ 400/937] Loss: 1.6729 CE: 1.6728 Acc: 31.3% LR: 0.000429
[2026-05-26 12:54:21,704]   Batch[ 450/937] Loss: 1.6726 CE: 1.6725 Acc: 31.3% LR: 0.000435
[2026-05-26 12:55:23,492]   Batch[ 500/937] Loss: 1.6717 CE: 1.6717 Acc: 31.2% LR: 0.000442
[2026-05-26 12:56:24,808]   Batch[ 550/937] Loss: 1.6698 CE: 1.6697 Acc: 31.3% LR: 0.000448
[2026-05-26 12:57:26,001]   Batch[ 600/937] Loss: 1.6665 CE: 1.6665 Acc: 31.3% LR: 0.000455
[2026-05-26 12:58:27,586]   Batch[ 650/937] Loss: 1.6629 CE: 1.6629 Acc: 31.6% LR: 0.000462
[2026-05-26 12:59:29,435]   Batch[ 700/937] Loss: 1.6591 CE: 1.6590 Acc: 31.8% LR: 0.000468
[2026-05-26 13:00:30,770]   Batch[ 750/937] Loss: 1.6577 CE: 1.6576 Acc: 31.8% LR: 0.000475
[2026-05-26 13:01:32,077]   Batch[ 800/937] Loss: 1.6558 CE: 1.6557 Acc: 32.0% LR: 0.000482
[2026-05-26 13:02:34,543]   Batch[ 850/937] Loss: 1.6537 CE: 1.6536 Acc: 32.1% LR: 0.000488
[2026-05-26 13:03:39,000]   Batch[ 900/937] Loss: 1.6515 CE: 1.6515 Acc: 32.2% LR: 0.000495
[2026-05-26 13:05:33,458] Epoch 4: train_loss=1.6514 train_acc=32.2% val_loss=2.6150 val_acc=16.7% DA=0.601 CB=0.000
[2026-05-26 13:05:34,750]   Batch[   0/937] Loss: 1.6254 CE: 1.6254 Acc: 28.1% LR: 0.000499
[2026-05-26 13:06:41,938]   Batch[  50/937] Loss: 1.6135 CE: 1.6135 Acc: 34.3% LR: 0.000500
[2026-05-26 13:07:47,705]   Batch[ 100/937] Loss: 1.6190 CE: 1.6190 Acc: 33.9% LR: 0.000500
[2026-05-26 13:08:55,504]   Batch[ 150/937] Loss: 1.6234 CE: 1.6234 Acc: 33.4% LR: 0.000500
[2026-05-26 13:10:03,800]   Batch[ 200/937] Loss: 1.6175 CE: 1.6174 Acc: 33.7% LR: 0.000500
[2026-05-26 13:11:12,360]   Batch[ 250/937] Loss: 1.6167 CE: 1.6167 Acc: 33.6% LR: 0.000500
[2026-05-26 13:12:22,177]   Batch[ 300/937] Loss: 1.6185 CE: 1.6185 Acc: 33.6% LR: 0.000500
[2026-05-26 13:13:33,219]   Batch[ 350/937] Loss: 1.6188 CE: 1.6187 Acc: 33.6% LR: 0.000500
[2026-05-26 13:14:39,987]   Batch[ 400/937] Loss: 1.6173 CE: 1.6173 Acc: 33.8% LR: 0.000500
[2026-05-26 13:15:47,891]   Batch[ 450/937] Loss: 1.6159 CE: 1.6159 Acc: 33.8% LR: 0.000500
[2026-05-26 13:16:54,967]   Batch[ 500/937] Loss: 1.6136 CE: 1.6136 Acc: 33.8% LR: 0.000500
[2026-05-26 13:17:58,440]   Batch[ 550/937] Loss: 1.6129 CE: 1.6129 Acc: 33.8% LR: 0.000500
[2026-05-26 13:19:05,503]   Batch[ 600/937] Loss: 1.6104 CE: 1.6104 Acc: 33.9% LR: 0.000500
[2026-05-26 13:20:10,086]   Batch[ 650/937] Loss: 1.6078 CE: 1.6077 Acc: 34.0% LR: 0.000500
[2026-05-26 13:21:14,699]   Batch[ 700/937] Loss: 1.6053 CE: 1.6053 Acc: 34.1% LR: 0.000500
[2026-05-26 13:22:19,322]   Batch[ 750/937] Loss: 1.6051 CE: 1.6050 Acc: 34.2% LR: 0.000500
[2026-05-26 13:23:22,607]   Batch[ 800/937] Loss: 1.6040 CE: 1.6040 Acc: 34.2% LR: 0.000500
[2026-05-26 13:24:26,863]   Batch[ 850/937] Loss: 1.6042 CE: 1.6042 Acc: 34.2% LR: 0.000500
[2026-05-26 13:25:32,051]   Batch[ 900/937] Loss: 1.6020 CE: 1.6020 Acc: 34.3% LR: 0.000500
[2026-05-26 13:27:35,156] BWO executed at epoch 5
[2026-05-26 13:27:35,156] Epoch 5: train_loss=1.6002 train_acc=34.4% val_loss=2.3587 val_acc=17.8% DA=0.507 CB=0.000
[2026-05-26 13:27:36,420]   Batch[   0/937] Loss: 1.6596 CE: 1.6596 Acc: 37.5% LR: 0.000500
[2026-05-26 13:28:39,183]   Batch[  50/937] Loss: 1.6013 CE: 1.6013 Acc: 33.4% LR: 0.000500
[2026-05-26 13:29:42,284]   Batch[ 100/937] Loss: 1.5707 CE: 1.5707 Acc: 34.7% LR: 0.000500
[2026-05-26 13:30:44,547]   Batch[ 150/937] Loss: 1.5680 CE: 1.5680 Acc: 34.7% LR: 0.000500
[2026-05-26 13:31:46,721]   Batch[ 200/937] Loss: 1.5621 CE: 1.5621 Acc: 34.8% LR: 0.000500
[2026-05-26 13:32:49,368]   Batch[ 250/937] Loss: 1.5574 CE: 1.5574 Acc: 35.0% LR: 0.000500
