[2026-05-26 21:31:10,015] Loading dataset...
[2026-05-26 21:31:10,070] Train: 60000, Val: 10000
[2026-05-26 21:31:10,070] Creating model...
[2026-05-26 21:31:10,245] Parameters: 0.74M total, 0.35M trainable
C:\Users\MR\Desktop\³õ´ú¼¤ËØ³¡ÍøÂç\hormonic_v3\local_train.py:325: FutureWarning: `torch.cuda.amp.GradScaler(args...)` is deprecated. Please use `torch.amp.GradScaler('cuda', args...)` instead.
  scaler = GradScaler(enabled=config['train']['use_amp'])
[2026-05-26 21:31:10,246] Starting training: 50 epochs
C:\Users\MR\Desktop\³õ´ú¼¤ËØ³¡ÍøÂç\hormonic_v3\local_train.py:139: FutureWarning: `torch.cuda.amp.autocast(args...)` is deprecated. Please use `torch.amp.autocast('cuda', args...)` instead.
  with autocast(enabled=use_amp):
[2026-05-26 21:31:13,056]   Batch[   0/937] Loss: 2.7141 CE: 2.7001 Acc: 9.4% LR: 0.000005
[2026-05-26 21:32:50,215]   Batch[  50/937] Loss: 2.5539 CE: 2.5402 Acc: 9.7% LR: 0.000012
[2026-05-26 21:34:25,366]   Batch[ 100/937] Loss: 2.4649 CE: 2.4518 Acc: 10.3% LR: 0.000018
[2026-05-26 21:36:01,294]   Batch[ 150/937] Loss: 2.4061 CE: 2.3936 Acc: 12.2% LR: 0.000025
[2026-05-26 21:37:35,845]   Batch[ 200/937] Loss: 2.3648 CE: 2.3531 Acc: 13.3% LR: 0.000031
[2026-05-26 21:39:11,061]   Batch[ 250/937] Loss: 2.3297 CE: 2.3187 Acc: 14.3% LR: 0.000038
[2026-05-26 21:40:46,648]   Batch[ 300/937] Loss: 2.3002 CE: 2.2899 Acc: 15.1% LR: 0.000045
[2026-05-26 21:42:22,507]   Batch[ 350/937] Loss: 2.2722 CE: 2.2626 Acc: 16.0% LR: 0.000051
[2026-05-26 21:43:57,752]   Batch[ 400/937] Loss: 2.2492 CE: 2.2404 Acc: 16.7% LR: 0.000058
[2026-05-26 21:45:29,487]   Batch[ 450/937] Loss: 2.2297 CE: 2.2215 Acc: 17.2% LR: 0.000064
[2026-05-26 21:47:01,678]   Batch[ 500/937] Loss: 2.2099 CE: 2.2023 Acc: 17.8% LR: 0.000071
[2026-05-26 21:48:36,404]   Batch[ 550/937] Loss: 2.1930 CE: 2.1859 Acc: 18.2% LR: 0.000078
[2026-05-26 21:50:12,323]   Batch[ 600/937] Loss: 2.1777 CE: 2.1711 Acc: 18.6% LR: 0.000084
[2026-05-26 21:51:49,310]   Batch[ 650/937] Loss: 2.1643 CE: 2.1581 Acc: 19.0% LR: 0.000091
[2026-05-26 21:53:27,387]   Batch[ 700/937] Loss: 2.1545 CE: 2.1488 Acc: 19.3% LR: 0.000097
[2026-05-26 21:55:03,655]   Batch[ 750/937] Loss: 2.1440 CE: 2.1385 Acc: 19.5% LR: 0.000104
[2026-05-26 21:56:38,675]   Batch[ 800/937] Loss: 2.1344 CE: 2.1293 Acc: 19.9% LR: 0.000111
[2026-05-26 21:58:14,925]   Batch[ 850/937] Loss: 2.1254 CE: 2.1205 Acc: 20.1% LR: 0.000117
[2026-05-26 21:59:50,330]   Batch[ 900/937] Loss: 2.1178 CE: 2.1132 Acc: 20.3% LR: 0.000124
C:\Users\MR\Desktop\³õ´ú¼¤ËØ³¡ÍøÂç\hormonic_v3\local_train.py:207: FutureWarning: `torch.cuda.amp.autocast(args...)` is deprecated. Please use `torch.amp.autocast('cuda', args...)` instead.
  with autocast(enabled=use_amp):
[2026-05-26 22:02:55,616] Epoch 1: train_loss=2.1123 train_acc=20.5% val_loss=1.9373 val_acc=26.4% DA=0.326 CB=0.000
[2026-05-26 22:02:57,484]   Batch[   0/937] Loss: 2.0915 CE: 2.0912 Acc: 20.3% LR: 0.000129
[2026-05-26 22:04:33,459]   Batch[  50/937] Loss: 1.9609 CE: 1.9606 Acc: 24.3% LR: 0.000135
[2026-05-26 22:06:09,224]   Batch[ 100/937] Loss: 1.9658 CE: 1.9656 Acc: 25.0% LR: 0.000142
[2026-05-26 22:07:44,424]   Batch[ 150/937] Loss: 1.9629 CE: 1.9626 Acc: 25.4% LR: 0.000148
[2026-05-26 22:09:20,130]   Batch[ 200/937] Loss: 1.9660 CE: 1.9657 Acc: 25.2% LR: 0.000155
[2026-05-26 22:10:55,902]   Batch[ 250/937] Loss: 1.9644 CE: 1.9641 Acc: 25.1% LR: 0.000162
[2026-05-26 22:12:31,422]   Batch[ 300/937] Loss: 1.9627 CE: 1.9625 Acc: 25.1% LR: 0.000168
[2026-05-26 22:14:07,592]   Batch[ 350/937] Loss: 1.9601 CE: 1.9599 Acc: 25.2% LR: 0.000175
[2026-05-26 22:15:43,282]   Batch[ 400/937] Loss: 1.9540 CE: 1.9537 Acc: 25.5% LR: 0.000181
[2026-05-26 22:17:15,676]   Batch[ 450/937] Loss: 1.9487 CE: 1.9484 Acc: 25.7% LR: 0.000188
[2026-05-26 22:18:50,517]   Batch[ 500/937] Loss: 1.9443 CE: 1.9440 Acc: 25.8% LR: 0.000195
[2026-05-26 22:20:27,156]   Batch[ 550/937] Loss: 1.9411 CE: 1.9409 Acc: 25.8% LR: 0.000201
[2026-05-26 22:22:03,018]   Batch[ 600/937] Loss: 1.9391 CE: 1.9389 Acc: 25.8% LR: 0.000208
[2026-05-26 22:23:39,081]   Batch[ 650/937] Loss: 1.9359 CE: 1.9357 Acc: 25.9% LR: 0.000214
[2026-05-26 22:25:19,295]   Batch[ 700/937] Loss: 1.9337 CE: 1.9335 Acc: 25.9% LR: 0.000221
[2026-05-26 22:26:59,082]   Batch[ 750/937] Loss: 1.9314 CE: 1.9312 Acc: 26.0% LR: 0.000228
[2026-05-26 22:28:36,696]   Batch[ 800/937] Loss: 1.9279 CE: 1.9277 Acc: 26.0% LR: 0.000234
[2026-05-26 22:30:15,429]   Batch[ 850/937] Loss: 1.9240 CE: 1.9238 Acc: 26.1% LR: 0.000241
[2026-05-26 22:31:52,686]   Batch[ 900/937] Loss: 1.9199 CE: 1.9197 Acc: 26.1% LR: 0.000247
[2026-05-26 22:35:33,041] Epoch 2: train_loss=1.9168 train_acc=26.2% val_loss=1.8060 val_acc=29.0% DA=0.304 CB=0.000
[2026-05-26 22:35:35,968]   Batch[   0/937] Loss: 1.6445 CE: 1.6443 Acc: 42.2% LR: 0.000252
[2026-05-26 22:37:53,498]   Batch[  50/937] Loss: 1.8584 CE: 1.8582 Acc: 27.4% LR: 0.000259
[2026-05-26 22:39:53,018]   Batch[ 100/937] Loss: 1.8536 CE: 1.8534 Acc: 27.5% LR: 0.000265
[2026-05-26 22:41:31,866]   Batch[ 150/937] Loss: 1.8404 CE: 1.8403 Acc: 28.1% LR: 0.000272
[2026-05-26 22:43:11,636]   Batch[ 200/937] Loss: 1.8292 CE: 1.8291 Acc: 28.2% LR: 0.000279
[2026-05-26 22:44:49,579]   Batch[ 250/937] Loss: 1.8249 CE: 1.8248 Acc: 28.3% LR: 0.000285
[2026-05-26 22:46:25,433]   Batch[ 300/937] Loss: 1.8180 CE: 1.8179 Acc: 28.4% LR: 0.000292
[2026-05-26 22:48:00,994]   Batch[ 350/937] Loss: 1.8093 CE: 1.8092 Acc: 28.7% LR: 0.000298
[2026-05-26 22:49:37,176]   Batch[ 400/937] Loss: 1.8040 CE: 1.8040 Acc: 28.9% LR: 0.000305
[2026-05-26 22:51:09,070]   Batch[ 450/937] Loss: 1.7998 CE: 1.7997 Acc: 28.9% LR: 0.000312
[2026-05-26 22:52:43,935]   Batch[ 500/937] Loss: 1.7961 CE: 1.7961 Acc: 28.8% LR: 0.000318
[2026-05-26 22:54:21,246]   Batch[ 550/937] Loss: 1.7898 CE: 1.7897 Acc: 28.8% LR: 0.000325
[2026-05-26 22:55:58,718]   Batch[ 600/937] Loss: 1.7862 CE: 1.7862 Acc: 28.9% LR: 0.000331
[2026-05-26 22:57:36,436]   Batch[ 650/937] Loss: 1.7805 CE: 1.7804 Acc: 29.1% LR: 0.000338
[2026-05-26 22:59:13,270]   Batch[ 700/937] Loss: 1.7752 CE: 1.7751 Acc: 29.2% LR: 0.000345
[2026-05-26 23:00:51,173]   Batch[ 750/937] Loss: 1.7700 CE: 1.7700 Acc: 29.3% LR: 0.000351
[2026-05-26 23:02:28,993]   Batch[ 800/937] Loss: 1.7650 CE: 1.7649 Acc: 29.4% LR: 0.000358
[2026-05-26 23:04:07,257]   Batch[ 850/937] Loss: 1.7620 CE: 1.7619 Acc: 29.4% LR: 0.000364
[2026-05-26 23:05:42,536]   Batch[ 900/937] Loss: 1.7577 CE: 1.7577 Acc: 29.6% LR: 0.000371
[2026-05-26 23:08:49,820] Epoch 3: train_loss=1.7547 train_acc=29.7% val_loss=1.6473 val_acc=33.0% DA=0.278 CB=0.000
[2026-05-26 23:08:51,704]   Batch[   0/937] Loss: 1.6131 CE: 1.6131 Acc: 32.8% LR: 0.000376
[2026-05-26 23:10:27,966]   Batch[  50/937] Loss: 1.7063 CE: 1.7063 Acc: 30.8% LR: 0.000382
[2026-05-26 23:12:03,662]   Batch[ 100/937] Loss: 1.7057 CE: 1.7057 Acc: 30.7% LR: 0.000389
[2026-05-26 23:13:39,296]   Batch[ 150/937] Loss: 1.6964 CE: 1.6963 Acc: 30.8% LR: 0.000396
[2026-05-26 23:15:14,904]   Batch[ 200/937] Loss: 1.6861 CE: 1.6861 Acc: 31.2% LR: 0.000402
[2026-05-26 23:16:49,534]   Batch[ 250/937] Loss: 1.6782 CE: 1.6782 Acc: 31.6% LR: 0.000409
[2026-05-26 23:18:24,141]   Batch[ 300/937] Loss: 1.6771 CE: 1.6771 Acc: 31.3% LR: 0.000415
[2026-05-26 23:19:59,384]   Batch[ 350/937] Loss: 1.6732 CE: 1.6732 Acc: 31.4% LR: 0.000422
[2026-05-26 23:21:34,448]   Batch[ 400/937] Loss: 1.6709 CE: 1.6709 Acc: 31.3% LR: 0.000429
[2026-05-26 23:23:06,592]   Batch[ 450/937] Loss: 1.6695 CE: 1.6694 Acc: 31.4% LR: 0.000435
[2026-05-26 23:24:42,092]   Batch[ 500/937] Loss: 1.6690 CE: 1.6690 Acc: 31.4% LR: 0.000442
[2026-05-26 23:26:17,606]   Batch[ 550/937] Loss: 1.6672 CE: 1.6671 Acc: 31.5% LR: 0.000448
[2026-05-26 23:27:53,459]   Batch[ 600/937] Loss: 1.6640 CE: 1.6640 Acc: 31.5% LR: 0.000455
[2026-05-26 23:29:29,153]   Batch[ 650/937] Loss: 1.6607 CE: 1.6606 Acc: 31.8% LR: 0.000462
[2026-05-26 23:31:03,877]   Batch[ 700/937] Loss: 1.6568 CE: 1.6567 Acc: 31.9% LR: 0.000468
[2026-05-26 23:32:39,150]   Batch[ 750/937] Loss: 1.6555 CE: 1.6555 Acc: 31.9% LR: 0.000475
[2026-05-26 23:34:15,147]   Batch[ 800/937] Loss: 1.6535 CE: 1.6535 Acc: 32.1% LR: 0.000482
[2026-05-26 23:35:49,477]   Batch[ 850/937] Loss: 1.6515 CE: 1.6514 Acc: 32.3% LR: 0.000488
[2026-05-26 23:37:24,374]   Batch[ 900/937] Loss: 1.6491 CE: 1.6490 Acc: 32.4% LR: 0.000495
[2026-05-26 23:40:29,387] Epoch 4: train_loss=1.6486 train_acc=32.4% val_loss=2.6698 val_acc=15.3% DA=0.618 CB=0.000
[2026-05-26 23:40:31,305]   Batch[   0/937] Loss: 1.6504 CE: 1.6504 Acc: 26.6% LR: 0.000499
C:\Users\MR\anaconda3\Lib\site-packages\torch\optim\lr_scheduler.py:198: UserWarning: The epoch parameter in `scheduler.step()` was not necessary and is being deprecated where possible. Please use `scheduler.step()` to step the scheduler. During the deprecation, if epoch is different from None, the closed form is used instead of the new chainable form, where available. Please open an issue if you are unable to replicate your use case: https://github.com/pytorch/pytorch/issues/new/choose.
  warnings.warn(EPOCH_DEPRECATION_WARNING, UserWarning)
[2026-05-26 23:42:06,950]   Batch[  50/937] Loss: 1.6153 CE: 1.6152 Acc: 34.2% LR: 0.000500
[2026-05-26 23:43:42,827]   Batch[ 100/937] Loss: 1.6199 CE: 1.6198 Acc: 34.0% LR: 0.000500
[2026-05-26 23:45:18,646]   Batch[ 150/937] Loss: 1.6235 CE: 1.6235 Acc: 33.7% LR: 0.000500
[2026-05-26 23:46:53,531]   Batch[ 200/937] Loss: 1.6172 CE: 1.6172 Acc: 34.1% LR: 0.000500
[2026-05-26 23:48:28,549]   Batch[ 250/937] Loss: 1.6160 CE: 1.6160 Acc: 34.0% LR: 0.000500
[2026-05-26 23:50:04,399]   Batch[ 300/937] Loss: 1.6177 CE: 1.6177 Acc: 33.9% LR: 0.000500
[2026-05-26 23:51:38,914]   Batch[ 350/937] Loss: 1.6183 CE: 1.6183 Acc: 33.9% LR: 0.000500
[2026-05-26 23:53:13,846]   Batch[ 400/937] Loss: 1.6170 CE: 1.6169 Acc: 34.0% LR: 0.000500
[2026-05-26 23:54:47,690]   Batch[ 450/937] Loss: 1.6158 CE: 1.6158 Acc: 34.0% LR: 0.000500
[2026-05-26 23:56:22,883]   Batch[ 500/937] Loss: 1.6128 CE: 1.6128 Acc: 34.0% LR: 0.000500
[2026-05-26 23:57:58,862]   Batch[ 550/937] Loss: 1.6126 CE: 1.6125 Acc: 33.9% LR: 0.000500
[2026-05-26 23:59:34,930]   Batch[ 600/937] Loss: 1.6105 CE: 1.6105 Acc: 34.1% LR: 0.000500
[2026-05-27 00:01:11,974]   Batch[ 650/937] Loss: 1.6081 CE: 1.6081 Acc: 34.2% LR: 0.000500
[2026-05-27 00:02:49,839]   Batch[ 700/937] Loss: 1.6053 CE: 1.6053 Acc: 34.3% LR: 0.000500
[2026-05-27 00:04:27,863]   Batch[ 750/937] Loss: 1.6051 CE: 1.6051 Acc: 34.3% LR: 0.000500
[2026-05-27 00:06:04,381]   Batch[ 800/937] Loss: 1.6036 CE: 1.6036 Acc: 34.4% LR: 0.000500
[2026-05-27 00:07:40,729]   Batch[ 850/937] Loss: 1.6032 CE: 1.6031 Acc: 34.4% LR: 0.000500
[2026-05-27 00:09:16,931]   Batch[ 900/937] Loss: 1.6008 CE: 1.6008 Acc: 34.5% LR: 0.000500
[2026-05-27 00:12:22,408] [HF BWO] Called at epoch 5, interval=5
[2026-05-27 00:12:22,408] [HF BWO] Condition met, processing 2 blocks
[2026-05-27 00:12:22,408] [HF BWO] Block 0: calling block.prune_and_regrow
[2026-05-27 00:12:22,409] [BWO DEBUG] prune_fraction=0.5, regrow_fraction=0.1
[2026-05-27 00:12:22,409] [BWO DEBUG] Initial alive: 38416/38416
[2026-05-27 00:12:22,475] [BWO DEBUG] Final: 21128 alive, sparsity=45.00%
[2026-05-27 00:12:22,475] [HF BWO] Block 0: done
[2026-05-27 00:12:22,476] [HF BWO] Block 1: calling block.prune_and_regrow
[2026-05-27 00:12:22,476] [BWO DEBUG] prune_fraction=0.5, regrow_fraction=0.1
[2026-05-27 00:12:22,476] [BWO DEBUG] Initial alive: 38416/38416
[2026-05-27 00:12:22,478] [BWO DEBUG] Final: 21128 alive, sparsity=45.00%
[2026-05-27 00:12:22,478] [HF BWO] Block 1: done
[2026-05-27 00:12:22,478] BWO executed at epoch 5
[2026-05-27 00:12:22,479] Epoch 5: train_loss=1.5988 train_acc=34.6% val_loss=2.3551 val_acc=18.9% DA=0.504 CB=0.000
[2026-05-27 00:12:24,367]   Batch[   0/937] Loss: 1.6808 CE: 1.6808 Acc: 37.5% LR: 0.000500
[2026-05-27 00:13:59,832]   Batch[  50/937] Loss: 1.6044 CE: 1.6044 Acc: 33.3% LR: 0.000500
[2026-05-27 00:15:35,493]   Batch[ 100/937] Loss: 1.5735 CE: 1.5734 Acc: 34.5% LR: 0.000500
[2026-05-27 00:17:12,038]   Batch[ 150/937] Loss: 1.5658 CE: 1.5657 Acc: 34.6% LR: 0.000500
[2026-05-27 00:18:48,448]   Batch[ 200/937] Loss: 1.5597 CE: 1.5597 Acc: 34.7% LR: 0.000500
[2026-05-27 00:20:23,628]   Batch[ 250/937] Loss: 1.5558 CE: 1.5558 Acc: 35.0% LR: 0.000500
[2026-05-27 00:21:59,440]   Batch[ 300/937] Loss: 1.5514 CE: 1.5513 Acc: 35.4% LR: 0.000500
[2026-05-27 00:23:35,840]   Batch[ 350/937] Loss: 1.5442 CE: 1.5442 Acc: 35.8% LR: 0.000500
[2026-05-27 00:25:09,701]   Batch[ 400/937] Loss: 1.5421 CE: 1.5421 Acc: 36.0% LR: 0.000500
[2026-05-27 00:26:42,586]   Batch[ 450/937] Loss: 1.5377 CE: 1.5377 Acc: 36.3% LR: 0.000500
[2026-05-27 00:28:18,118]   Batch[ 500/937] Loss: 1.5409 CE: 1.5408 Acc: 36.3% LR: 0.000500
[2026-05-27 00:29:54,422]   Batch[ 550/937] Loss: 1.5383 CE: 1.5383 Acc: 36.4% LR: 0.000500
[2026-05-27 00:31:30,403]   Batch[ 600/937] Loss: 1.5337 CE: 1.5337 Acc: 36.6% LR: 0.000500
[2026-05-27 00:33:06,685]   Batch[ 650/937] Loss: 1.5348 CE: 1.5347 Acc: 36.7% LR: 0.000500
[2026-05-27 00:34:42,948]   Batch[ 700/937] Loss: 1.5319 CE: 1.5318 Acc: 36.7% LR: 0.000500
[2026-05-27 00:36:20,226]   Batch[ 750/937] Loss: 1.5298 CE: 1.5297 Acc: 36.7% LR: 0.000500
[2026-05-27 00:37:55,742]   Batch[ 800/937] Loss: 1.5287 CE: 1.5287 Acc: 36.8% LR: 0.000500
[2026-05-27 00:39:31,760]   Batch[ 850/937] Loss: 1.5274 CE: 1.5274 Acc: 36.9% LR: 0.000500
[2026-05-27 00:41:07,758]   Batch[ 900/937] Loss: 1.5245 CE: 1.5245 Acc: 37.0% LR: 0.000499
[2026-05-27 00:44:13,824] Epoch 6: train_loss=1.5218 train_acc=37.1% val_loss=1.4804 val_acc=37.9% DA=0.238 CB=0.000
[2026-05-27 00:44:15,726]   Batch[   0/937] Loss: 1.7237 CE: 1.7237 Acc: 21.9% LR: 0.000499
[2026-05-27 00:45:51,625]   Batch[  50/937] Loss: 1.4933 CE: 1.4933 Acc: 39.0% LR: 0.000499
[2026-05-27 00:47:27,942]   Batch[ 100/937] Loss: 1.4712 CE: 1.4711 Acc: 40.2% LR: 0.000499
[2026-05-27 00:49:03,766]   Batch[ 150/937] Loss: 1.4627 CE: 1.4626 Acc: 40.5% LR: 0.000499
[2026-05-27 00:50:40,002]   Batch[ 200/937] Loss: 1.4562 CE: 1.4562 Acc: 40.7% LR: 0.000499
[2026-05-27 00:52:16,347]   Batch[ 250/937] Loss: 1.4560 CE: 1.4560 Acc: 40.6% LR: 0.000499
[2026-05-27 00:53:52,435]   Batch[ 300/937] Loss: 1.4565 CE: 1.4564 Acc: 40.4% LR: 0.000499
[2026-05-27 00:55:30,077]   Batch[ 350/937] Loss: 1.4532 CE: 1.4531 Acc: 40.7% LR: 0.000499
[2026-05-27 00:57:03,913]   Batch[ 400/937] Loss: 1.4514 CE: 1.4514 Acc: 40.8% LR: 0.000499
[2026-05-27 00:58:37,402]   Batch[ 450/937] Loss: 1.4528 CE: 1.4528 Acc: 40.8% LR: 0.000499
[2026-05-27 01:00:13,085]   Batch[ 500/937] Loss: 1.4523 CE: 1.4522 Acc: 40.9% LR: 0.000499
[2026-05-27 01:01:49,080]   Batch[ 550/937] Loss: 1.4513 CE: 1.4512 Acc: 40.9% LR: 0.000499
[2026-05-27 01:03:24,512]   Batch[ 600/937] Loss: 1.4484 CE: 1.4484 Acc: 41.0% LR: 0.000499
[2026-05-27 01:05:02,101]   Batch[ 650/937] Loss: 1.4468 CE: 1.4467 Acc: 41.1% LR: 0.000499
[2026-05-27 01:06:39,744]   Batch[ 700/937] Loss: 1.4448 CE: 1.4448 Acc: 41.1% LR: 0.000499
[2026-05-27 01:08:18,168]   Batch[ 750/937] Loss: 1.4416 CE: 1.4416 Acc: 41.2% LR: 0.000499
[2026-05-27 01:09:55,007]   Batch[ 800/937] Loss: 1.4398 CE: 1.4398 Acc: 41.3% LR: 0.000499
[2026-05-27 01:11:31,527]   Batch[ 850/937] Loss: 1.4419 CE: 1.4419 Acc: 41.3% LR: 0.000499
[2026-05-27 01:13:08,761]   Batch[ 900/937] Loss: 1.4405 CE: 1.4404 Acc: 41.3% LR: 0.000499
[2026-05-27 01:16:14,994] Epoch 7: train_loss=1.4387 train_acc=41.4% val_loss=1.3797 val_acc=42.7% DA=0.236 CB=0.000
[2026-05-27 01:16:16,891]   Batch[   0/937] Loss: 1.4683 CE: 1.4683 Acc: 42.2% LR: 0.000499
[2026-05-27 01:17:52,670]   Batch[  50/937] Loss: 1.4086 CE: 1.4086 Acc: 42.1% LR: 0.000499
[2026-05-27 01:19:28,406]   Batch[ 100/937] Loss: 1.4044 CE: 1.4044 Acc: 42.5% LR: 0.000499
[2026-05-27 01:21:04,206]   Batch[ 150/937] Loss: 1.4133 CE: 1.4132 Acc: 41.9% LR: 0.000499
[2026-05-27 01:22:40,261]   Batch[ 200/937] Loss: 1.4140 CE: 1.4140 Acc: 42.1% LR: 0.000499
[2026-05-27 01:24:16,367]   Batch[ 250/937] Loss: 1.4131 CE: 1.4131 Acc: 42.2% LR: 0.000499
[2026-05-27 01:25:53,150]   Batch[ 300/937] Loss: 1.4072 CE: 1.4071 Acc: 42.5% LR: 0.000499
[2026-05-27 01:27:29,401]   Batch[ 350/937] Loss: 1.4098 CE: 1.4098 Acc: 42.5% LR: 0.000498
[2026-05-27 01:29:02,526]   Batch[ 400/937] Loss: 1.4061 CE: 1.4061 Acc: 42.7% LR: 0.000498
[2026-05-27 01:30:36,363]   Batch[ 450/937] Loss: 1.4033 CE: 1.4033 Acc: 42.9% LR: 0.000498
[2026-05-27 01:32:11,812]   Batch[ 500/937] Loss: 1.4097 CE: 1.4097 Acc: 42.7% LR: 0.000498
[2026-05-27 01:33:48,645]   Batch[ 550/937] Loss: 1.4047 CE: 1.4047 Acc: 42.9% LR: 0.000498
[2026-05-27 01:35:24,648]   Batch[ 600/937] Loss: 1.4030 CE: 1.4030 Acc: 43.0% LR: 0.000498
[2026-05-27 01:36:59,239]   Batch[ 650/937] Loss: 1.3986 CE: 1.3986 Acc: 43.2% LR: 0.000498
[2026-05-27 01:38:34,256]   Batch[ 700/937] Loss: 1.3960 CE: 1.3959 Acc: 43.3% LR: 0.000498
[2026-05-27 01:40:10,036]   Batch[ 750/937] Loss: 1.3950 CE: 1.3950 Acc: 43.4% LR: 0.000498
[2026-05-27 01:41:46,466]   Batch[ 800/937] Loss: 1.3943 CE: 1.3942 Acc: 43.5% LR: 0.000498
[2026-05-27 01:43:22,423]   Batch[ 850/937] Loss: 1.3940 CE: 1.3940 Acc: 43.5% LR: 0.000498
[2026-05-27 01:44:57,845]   Batch[ 900/937] Loss: 1.3933 CE: 1.3932 Acc: 43.5% LR: 0.000498
[2026-05-27 01:48:04,546] Epoch 8: train_loss=1.3924 train_acc=43.6% val_loss=1.3656 val_acc=44.2% DA=0.255 CB=0.000
[2026-05-27 01:48:06,408]   Batch[   0/937] Loss: 1.2799 CE: 1.2798 Acc: 42.2% LR: 0.000498
[2026-05-27 01:49:42,299]   Batch[  50/937] Loss: 1.3783 CE: 1.3783 Acc: 44.4% LR: 0.000498
[2026-05-27 01:51:17,940]   Batch[ 100/937] Loss: 1.3840 CE: 1.3839 Acc: 43.9% LR: 0.000498
[2026-05-27 01:52:53,699]   Batch[ 150/937] Loss: 1.3719 CE: 1.3719 Acc: 45.0% LR: 0.000498
[2026-05-27 01:54:29,863]   Batch[ 200/937] Loss: 1.3704 CE: 1.3704 Acc: 45.0% LR: 0.000498
[2026-05-27 01:56:06,468]   Batch[ 250/937] Loss: 1.3718 CE: 1.3717 Acc: 44.9% LR: 0.000498
[2026-05-27 01:57:41,959]   Batch[ 300/937] Loss: 1.3699 CE: 1.3699 Acc: 45.2% LR: 0.000498
[2026-05-27 01:59:18,183]   Batch[ 350/937] Loss: 1.3669 CE: 1.3668 Acc: 45.3% LR: 0.000497
[2026-05-27 02:00:50,842]   Batch[ 400/937] Loss: 1.3645 CE: 1.3644 Acc: 45.4% LR: 0.000497
[2026-05-27 02:02:24,555]   Batch[ 450/937] Loss: 1.3630 CE: 1.3630 Acc: 45.3% LR: 0.000497
[2026-05-27 02:04:00,583]   Batch[ 500/937] Loss: 1.3619 CE: 1.3619 Acc: 45.4% LR: 0.000497
[2026-05-27 02:05:35,721]   Batch[ 550/937] Loss: 1.3617 CE: 1.3617 Acc: 45.4% LR: 0.000497
[2026-05-27 02:07:10,642]   Batch[ 600/937] Loss: 1.3617 CE: 1.3617 Acc: 45.4% LR: 0.000497
[2026-05-27 02:08:47,649]   Batch[ 650/937] Loss: 1.3615 CE: 1.3615 Acc: 45.5% LR: 0.000497
[2026-05-27 02:10:25,525]   Batch[ 700/937] Loss: 1.3627 CE: 1.3626 Acc: 45.4% LR: 0.000497
[2026-05-27 02:12:02,931]   Batch[ 750/937] Loss: 1.3602 CE: 1.3601 Acc: 45.6% LR: 0.000497
[2026-05-27 02:13:39,143]   Batch[ 800/937] Loss: 1.3592 CE: 1.3592 Acc: 45.6% LR: 0.000497
[2026-05-27 02:15:14,690]   Batch[ 850/937] Loss: 1.3568 CE: 1.3568 Acc: 45.7% LR: 0.000497
[2026-05-27 02:16:50,577]   Batch[ 900/937] Loss: 1.3561 CE: 1.3560 Acc: 45.8% LR: 0.000497
[2026-05-27 02:19:57,810] Epoch 9: train_loss=1.3550 train_acc=45.8% val_loss=1.2757 val_acc=49.6% DA=0.254 CB=0.000
[2026-05-27 02:19:59,675]   Batch[   0/937] Loss: 1.4025 CE: 1.4024 Acc: 46.9% LR: 0.000497
[2026-05-27 02:21:35,475]   Batch[  50/937] Loss: 1.3477 CE: 1.3476 Acc: 45.6% LR: 0.000497
[2026-05-27 02:23:11,726]   Batch[ 100/937] Loss: 1.3406 CE: 1.3406 Acc: 45.6% LR: 0.000497
[2026-05-27 02:24:47,374]   Batch[ 150/937] Loss: 1.3450 CE: 1.3450 Acc: 46.0% LR: 0.000496
[2026-05-27 02:26:23,839]   Batch[ 200/937] Loss: 1.3375 CE: 1.3375 Acc: 46.0% LR: 0.000496
[2026-05-27 02:27:59,890]   Batch[ 250/937] Loss: 1.3400 CE: 1.3400 Acc: 45.9% LR: 0.000496
[2026-05-27 02:29:36,378]   Batch[ 300/937] Loss: 1.3428 CE: 1.3428 Acc: 45.8% LR: 0.000496
[2026-05-27 02:31:12,244]   Batch[ 350/937] Loss: 1.3408 CE: 1.3407 Acc: 46.1% LR: 0.000496
[2026-05-27 02:32:45,476]   Batch[ 400/937] Loss: 1.3384 CE: 1.3384 Acc: 46.3% LR: 0.000496
[2026-05-27 02:34:20,657]   Batch[ 450/937] Loss: 1.3403 CE: 1.3403 Acc: 46.3% LR: 0.000496
[2026-05-27 02:35:56,367]   Batch[ 500/937] Loss: 1.3376 CE: 1.3376 Acc: 46.3% LR: 0.000496
[2026-05-27 02:37:31,992]   Batch[ 550/937] Loss: 1.3380 CE: 1.3379 Acc: 46.3% LR: 0.000496
[2026-05-27 02:39:07,901]   Batch[ 600/937] Loss: 1.3399 CE: 1.3399 Acc: 46.2% LR: 0.000496
[2026-05-27 02:40:43,430]   Batch[ 650/937] Loss: 1.3394 CE: 1.3393 Acc: 46.3% LR: 0.000496
[2026-05-27 02:42:19,786]   Batch[ 700/937] Loss: 1.3397 CE: 1.3396 Acc: 46.3% LR: 0.000496
[2026-05-27 02:43:55,999]   Batch[ 750/937] Loss: 1.3384 CE: 1.3383 Acc: 46.4% LR: 0.000496
[2026-05-27 02:45:32,340]   Batch[ 800/937] Loss: 1.3385 CE: 1.3384 Acc: 46.5% LR: 0.000495
[2026-05-27 02:47:08,779]   Batch[ 850/937] Loss: 1.3372 CE: 1.3372 Acc: 46.5% LR: 0.000495
[2026-05-27 02:48:44,630]   Batch[ 900/937] Loss: 1.3363 CE: 1.3362 Acc: 46.5% LR: 0.000495
[2026-05-27 02:51:51,063] [HF BWO] Called at epoch 10, interval=5
[2026-05-27 02:51:51,063] [HF BWO] Condition met, processing 2 blocks
[2026-05-27 02:51:51,063] [HF BWO] Block 0: calling block.prune_and_regrow
[2026-05-27 02:51:51,063] [BWO DEBUG] prune_fraction=0.5, regrow_fraction=0.1
[2026-05-27 02:51:51,064] [BWO DEBUG] Initial alive: 21128/38416
[2026-05-27 02:51:51,077] [BWO DEBUG] Final: 13349 alive, sparsity=65.25%
[2026-05-27 02:51:51,077] [HF BWO] Block 0: done
[2026-05-27 02:51:51,077] [HF BWO] Block 1: calling block.prune_and_regrow
[2026-05-27 02:51:51,077] [BWO DEBUG] prune_fraction=0.5, regrow_fraction=0.1
[2026-05-27 02:51:51,077] [BWO DEBUG] Initial alive: 21128/38416
[2026-05-27 02:51:51,091] [BWO DEBUG] Final: 13349 alive, sparsity=65.25%
[2026-05-27 02:51:51,092] [HF BWO] Block 1: done
[2026-05-27 02:51:51,092] BWO executed at epoch 10
[2026-05-27 02:51:51,092] Epoch 10: train_loss=1.3366 train_acc=46.5% val_loss=1.2721 val_acc=49.5% DA=0.274 CB=0.000
[2026-05-27 02:51:52,989]   Batch[   0/937] Loss: 2.3887 CE: 2.3887 Acc: 28.1% LR: 0.000495
[2026-05-27 02:53:28,095]   Batch[  50/937] Loss: 1.5937 CE: 1.5936 Acc: 38.4% LR: 0.000495
[2026-05-27 02:55:04,150]   Batch[ 100/937] Loss: 1.5022 CE: 1.5022 Acc: 41.3% LR: 0.000495
[2026-05-27 02:56:41,640]   Batch[ 150/937] Loss: 1.4718 CE: 1.4718 Acc: 42.5% LR: 0.000495
[2026-05-27 02:58:19,282]   Batch[ 200/937] Loss: 1.4437 CE: 1.4437 Acc: 43.6% LR: 0.000495
[2026-05-27 02:59:55,617]   Batch[ 250/937] Loss: 1.4219 CE: 1.4219 Acc: 44.3% LR: 0.000495
[2026-05-27 03:01:31,532]   Batch[ 300/937] Loss: 1.4135 CE: 1.4134 Acc: 44.5% LR: 0.000495
[2026-05-27 03:03:06,987]   Batch[ 350/937] Loss: 1.4081 CE: 1.4080 Acc: 44.7% LR: 0.000495
[2026-05-27 03:04:39,197]   Batch[ 400/937] Loss: 1.3971 CE: 1.3971 Acc: 45.1% LR: 0.000495
[2026-05-27 03:06:14,624]   Batch[ 450/937] Loss: 1.3870 CE: 1.3870 Acc: 45.5% LR: 0.000494
[2026-05-27 03:07:50,731]   Batch[ 500/937] Loss: 1.3801 CE: 1.3801 Acc: 45.7% LR: 0.000494
[2026-05-27 03:09:25,525]   Batch[ 550/937] Loss: 1.3758 CE: 1.3758 Acc: 45.9% LR: 0.000494
[2026-05-27 03:11:02,173]   Batch[ 600/937] Loss: 1.3753 CE: 1.3752 Acc: 45.9% LR: 0.000494
[2026-05-27 03:12:39,869]   Batch[ 650/937] Loss: 1.3713 CE: 1.3713 Acc: 46.0% LR: 0.000494
[2026-05-27 03:14:17,869]   Batch[ 700/937] Loss: 1.3666 CE: 1.3665 Acc: 46.2% LR: 0.000494
[2026-05-27 03:15:53,547]   Batch[ 750/937] Loss: 1.3639 CE: 1.3639 Acc: 46.2% LR: 0.000494
[2026-05-27 03:17:29,894]   Batch[ 800/937] Loss: 1.3600 CE: 1.3600 Acc: 46.4% LR: 0.000494
[2026-05-27 03:19:04,909]   Batch[ 850/937] Loss: 1.3569 CE: 1.3568 Acc: 46.6% LR: 0.000494
[2026-05-27 03:20:40,453]   Batch[ 900/937] Loss: 1.3568 CE: 1.3568 Acc: 46.5% LR: 0.000494
[2026-05-27 03:23:47,919] Epoch 11: train_loss=1.3527 train_acc=46.7% val_loss=1.2398 val_acc=50.2% DA=0.284 CB=0.000
[2026-05-27 03:23:49,819]   Batch[   0/937] Loss: 1.1630 CE: 1.1629 Acc: 60.9% LR: 0.000494
[2026-05-27 03:25:26,077]   Batch[  50/937] Loss: 1.2828 CE: 1.2828 Acc: 47.9% LR: 0.000493
[2026-05-27 03:27:01,456]   Batch[ 100/937] Loss: 1.2904 CE: 1.2904 Acc: 48.7% LR: 0.000493
[2026-05-27 03:28:37,714]   Batch[ 150/937] Loss: 1.2806 CE: 1.2805 Acc: 49.2% LR: 0.000493
[2026-05-27 03:30:12,603]   Batch[ 200/937] Loss: 1.2793 CE: 1.2792 Acc: 49.3% LR: 0.000493
[2026-05-27 03:31:49,066]   Batch[ 250/937] Loss: 1.2747 CE: 1.2747 Acc: 49.4% LR: 0.000493
[2026-05-27 03:33:24,763]   Batch[ 300/937] Loss: 1.2758 CE: 1.2757 Acc: 49.3% LR: 0.000493
[2026-05-27 03:34:59,118]   Batch[ 350/937] Loss: 1.2749 CE: 1.2748 Acc: 49.3% LR: 0.000493
[2026-05-27 03:36:31,604]   Batch[ 400/937] Loss: 1.2836 CE: 1.2836 Acc: 49.0% LR: 0.000493
[2026-05-27 03:38:06,703]   Batch[ 450/937] Loss: 1.2831 CE: 1.2831 Acc: 49.2% LR: 0.000493
[2026-05-27 03:39:43,104]   Batch[ 500/937] Loss: 1.2824 CE: 1.2824 Acc: 49.3% LR: 0.000492
[2026-05-27 03:41:19,195]   Batch[ 550/937] Loss: 1.2830 CE: 1.2830 Acc: 49.2% LR: 0.000492
[2026-05-27 03:42:54,058]   Batch[ 600/937] Loss: 1.2812 CE: 1.2811 Acc: 49.3% LR: 0.000492
[2026-05-27 03:44:29,788]   Batch[ 650/937] Loss: 1.2773 CE: 1.2773 Acc: 49.4% LR: 0.000492
[2026-05-27 03:46:06,116]   Batch[ 700/937] Loss: 1.2774 CE: 1.2774 Acc: 49.4% LR: 0.000492
[2026-05-27 03:47:41,673]   Batch[ 750/937] Loss: 1.2779 CE: 1.2778 Acc: 49.4% LR: 0.000492
[2026-05-27 03:49:17,288]   Batch[ 800/937] Loss: 1.2796 CE: 1.2795 Acc: 49.4% LR: 0.000492
[2026-05-27 03:50:53,001]   Batch[ 850/937] Loss: 1.2785 CE: 1.2784 Acc: 49.5% LR: 0.000492
[2026-05-27 03:52:28,780]   Batch[ 900/937] Loss: 1.2794 CE: 1.2794 Acc: 49.4% LR: 0.000492
[2026-05-27 03:55:34,049] Epoch 12: train_loss=1.2786 train_acc=49.3% val_loss=1.2478 val_acc=49.7% DA=0.304 CB=0.000
[2026-05-27 03:55:35,989]   Batch[   0/937] Loss: 1.0743 CE: 1.0742 Acc: 59.4% LR: 0.000492
[2026-05-27 03:57:12,187]   Batch[  50/937] Loss: 1.2423 CE: 1.2423 Acc: 50.6% LR: 0.000491
[2026-05-27 03:58:48,495]   Batch[ 100/937] Loss: 1.2413 CE: 1.2413 Acc: 50.5% LR: 0.000491
[2026-05-27 04:00:24,554]   Batch[ 150/937] Loss: 1.2409 CE: 1.2408 Acc: 50.3% LR: 0.000491
[2026-05-27 04:02:00,553]   Batch[ 200/937] Loss: 1.2441 CE: 1.2441 Acc: 50.3% LR: 0.000491
[2026-05-27 04:03:36,119]   Batch[ 250/937] Loss: 1.2448 CE: 1.2448 Acc: 50.6% LR: 0.000491
[2026-05-27 04:05:11,909]   Batch[ 300/937] Loss: 1.2481 CE: 1.2480 Acc: 50.4% LR: 0.000491
[2026-05-27 04:06:46,606]   Batch[ 350/937] Loss: 1.2515 CE: 1.2515 Acc: 50.4% LR: 0.000491
[2026-05-27 04:08:19,225]   Batch[ 400/937] Loss: 1.2542 CE: 1.2542 Acc: 50.4% LR: 0.000491
[2026-05-27 04:09:55,648]   Batch[ 450/937] Loss: 1.2552 CE: 1.2551 Acc: 50.3% LR: 0.000490
[2026-05-27 04:11:30,890]   Batch[ 500/937] Loss: 1.2565 CE: 1.2565 Acc: 50.2% LR: 0.000490
[2026-05-27 04:13:07,184]   Batch[ 550/937] Loss: 1.2577 CE: 1.2577 Acc: 50.3% LR: 0.000490
[2026-05-27 04:14:44,373]   Batch[ 600/937] Loss: 1.2547 CE: 1.2547 Acc: 50.3% LR: 0.000490
[2026-05-27 04:16:21,750]   Batch[ 650/937] Loss: 1.2492 CE: 1.2491 Acc: 50.6% LR: 0.000490
[2026-05-27 04:17:58,199]   Batch[ 700/937] Loss: 1.2457 CE: 1.2457 Acc: 50.8% LR: 0.000490
[2026-05-27 04:19:33,316]   Batch[ 750/937] Loss: 1.2432 CE: 1.2432 Acc: 50.9% LR: 0.000490
[2026-05-27 04:21:08,054]   Batch[ 800/937] Loss: 1.2476 CE: 1.2475 Acc: 50.7% LR: 0.000490
[2026-05-27 04:22:43,983]   Batch[ 850/937] Loss: 1.2464 CE: 1.2463 Acc: 50.8% LR: 0.000490
[2026-05-27 04:24:19,921]   Batch[ 900/937] Loss: 1.2429 CE: 1.2429 Acc: 51.0% LR: 0.000489
[2026-05-27 04:27:26,691] Epoch 13: train_loss=1.2410 train_acc=51.1% val_loss=1.1859 val_acc=51.7% DA=0.302 CB=0.000
[2026-05-27 04:27:28,560]   Batch[   0/937] Loss: 1.2950 CE: 1.2949 Acc: 54.7% LR: 0.000489
[2026-05-27 04:29:04,166]   Batch[  50/937] Loss: 1.2820 CE: 1.2819 Acc: 49.0% LR: 0.000489
[2026-05-27 04:30:40,981]   Batch[ 100/937] Loss: 1.2308 CE: 1.2307 Acc: 51.5% LR: 0.000489
[2026-05-27 04:32:16,110]   Batch[ 150/937] Loss: 1.2203 CE: 1.2203 Acc: 51.8% LR: 0.000489
[2026-05-27 04:33:51,450]   Batch[ 200/937] Loss: 1.2084 CE: 1.2083 Acc: 52.4% LR: 0.000489
[2026-05-27 04:35:26,888]   Batch[ 250/937] Loss: 1.2006 CE: 1.2005 Acc: 52.8% LR: 0.000489
[2026-05-27 04:37:02,792]   Batch[ 300/937] Loss: 1.1950 CE: 1.1949 Acc: 52.9% LR: 0.000489
[2026-05-27 04:38:36,470]   Batch[ 350/937] Loss: 1.1880 CE: 1.1880 Acc: 53.2% LR: 0.000488
[2026-05-27 04:40:09,809]   Batch[ 400/937] Loss: 1.1904 CE: 1.1903 Acc: 52.9% LR: 0.000488
[2026-05-27 04:41:45,820]   Batch[ 450/937] Loss: 1.1902 CE: 1.1901 Acc: 53.0% LR: 0.000488
[2026-05-27 04:43:21,078]   Batch[ 500/937] Loss: 1.1854 CE: 1.1853 Acc: 53.2% LR: 0.000488
[2026-05-27 04:44:56,071]   Batch[ 550/937] Loss: 1.1946 CE: 1.1945 Acc: 52.9% LR: 0.000488
[2026-05-27 04:46:31,974]   Batch[ 600/937] Loss: 1.1900 CE: 1.1900 Acc: 53.1% LR: 0.000488
[2026-05-27 04:48:08,014]   Batch[ 650/937] Loss: 1.1865 CE: 1.1864 Acc: 53.3% LR: 0.000488
[2026-05-27 04:49:42,816]   Batch[ 700/937] Loss: 1.1821 CE: 1.1820 Acc: 53.5% LR: 0.000487
[2026-05-27 04:51:18,461]   Batch[ 750/937] Loss: 1.1773 CE: 1.1772 Acc: 53.6% LR: 0.000487
[2026-05-27 04:52:54,049]   Batch[ 800/937] Loss: 1.1745 CE: 1.1744 Acc: 53.7% LR: 0.000487
[2026-05-27 04:54:29,885]   Batch[ 850/937] Loss: 1.1691 CE: 1.1691 Acc: 53.9% LR: 0.000487
[2026-05-27 04:56:06,356]   Batch[ 900/937] Loss: 1.1686 CE: 1.1685 Acc: 54.0% LR: 0.000487
[2026-05-27 04:59:12,303] Epoch 14: train_loss=1.1668 train_acc=54.0% val_loss=1.0500 val_acc=59.5% DA=0.281 CB=0.000
[2026-05-27 04:59:14,282]   Batch[   0/937] Loss: 1.0292 CE: 1.0292 Acc: 70.3% LR: 0.000487
[2026-05-27 05:00:51,298]   Batch[  50/937] Loss: 1.1031 CE: 1.1030 Acc: 57.7% LR: 0.000487
[2026-05-27 05:02:27,921]   Batch[ 100/937] Loss: 1.1050 CE: 1.1049 Acc: 56.7% LR: 0.000487
[2026-05-27 05:04:03,430]   Batch[ 150/937] Loss: 1.1131 CE: 1.1131 Acc: 56.3% LR: 0.000486
[2026-05-27 05:05:39,756]   Batch[ 200/937] Loss: 1.1160 CE: 1.1159 Acc: 56.1% LR: 0.000486
[2026-05-27 05:07:16,029]   Batch[ 250/937] Loss: 1.1159 CE: 1.1158 Acc: 56.1% LR: 0.000486
[2026-05-27 05:08:52,471]   Batch[ 300/937] Loss: 1.1149 CE: 1.1148 Acc: 56.2% LR: 0.000486
[2026-05-27 05:10:24,972]   Batch[ 350/937] Loss: 1.1145 CE: 1.1145 Acc: 56.1% LR: 0.000486
[2026-05-27 05:11:58,409]   Batch[ 400/937] Loss: 1.1133 CE: 1.1132 Acc: 56.4% LR: 0.000486
[2026-05-27 05:13:34,084]   Batch[ 450/937] Loss: 1.1188 CE: 1.1187 Acc: 56.2% LR: 0.000486
[2026-05-27 05:15:10,152]   Batch[ 500/937] Loss: 1.1170 CE: 1.1169 Acc: 56.2% LR: 0.000485
[2026-05-27 05:16:47,223]   Batch[ 550/937] Loss: 1.1205 CE: 1.1205 Acc: 56.0% LR: 0.000485
[2026-05-27 05:18:24,226]   Batch[ 600/937] Loss: 1.1166 CE: 1.1165 Acc: 56.1% LR: 0.000485
[2026-05-27 05:20:01,379]   Batch[ 650/937] Loss: 1.1155 CE: 1.1154 Acc: 56.2% LR: 0.000485
[2026-05-27 05:21:36,995]   Batch[ 700/937] Loss: 1.1141 CE: 1.1140 Acc: 56.4% LR: 0.000485
[2026-05-27 05:23:12,455]   Batch[ 750/937] Loss: 1.1193 CE: 1.1193 Acc: 56.2% LR: 0.000485
[2026-05-27 05:24:48,890]   Batch[ 800/937] Loss: 1.1198 CE: 1.1197 Acc: 56.1% LR: 0.000484
[2026-05-27 05:26:24,244]   Batch[ 850/937] Loss: 1.1189 CE: 1.1188 Acc: 56.1% LR: 0.000484
[2026-05-27 05:27:59,605]   Batch[ 900/937] Loss: 1.1177 CE: 1.1176 Acc: 56.2% LR: 0.000484
[2026-05-27 05:31:05,015] [HF BWO] Called at epoch 15, interval=5
[2026-05-27 05:31:05,015] [HF BWO] Condition met, processing 2 blocks
[2026-05-27 05:31:05,016] [HF BWO] Block 0: calling block.prune_and_regrow
[2026-05-27 05:31:05,016] [BWO DEBUG] prune_fraction=0.5, regrow_fraction=0.1
[2026-05-27 05:31:05,016] [BWO DEBUG] Initial alive: 13349/38416
[2026-05-27 05:31:05,020] [BWO DEBUG] Final: 9849 alive, sparsity=74.36%
[2026-05-27 05:31:05,020] [HF BWO] Block 0: done
[2026-05-27 05:31:05,020] [HF BWO] Block 1: calling block.prune_and_regrow
[2026-05-27 05:31:05,020] [BWO DEBUG] prune_fraction=0.5, regrow_fraction=0.1
[2026-05-27 05:31:05,020] [BWO DEBUG] Initial alive: 13349/38416
[2026-05-27 05:31:05,023] [BWO DEBUG] Final: 9849 alive, sparsity=74.36%
[2026-05-27 05:31:05,023] [HF BWO] Block 1: done
[2026-05-27 05:31:05,024] BWO executed at epoch 15
[2026-05-27 05:31:05,024] Epoch 15: train_loss=1.1172 train_acc=56.2% val_loss=1.0191 val_acc=58.9% DA=0.291 CB=0.000
[2026-05-27 05:31:06,950]   Batch[   0/937] Loss: 1.2419 CE: 1.2416 Acc: 53.1% LR: 0.000484
[2026-05-27 05:32:43,228]   Batch[  50/937] Loss: 1.0942 CE: 1.0939 Acc: 56.9% LR: 0.000484
[2026-05-27 05:34:18,587]   Batch[ 100/937] Loss: 1.0932 CE: 1.0929 Acc: 57.5% LR: 0.000484
[2026-05-27 05:35:53,927]   Batch[ 150/937] Loss: 1.0838 CE: 1.0836 Acc: 58.1% LR: 0.000484
[2026-05-27 05:37:30,200]   Batch[ 200/937] Loss: 1.1146 CE: 1.1143 Acc: 56.7% LR: 0.000483
[2026-05-27 05:39:05,850]   Batch[ 250/937] Loss: 1.1019 CE: 1.1016 Acc: 57.2% LR: 0.000483
[2026-05-27 05:40:42,110]   Batch[ 300/937] Loss: 1.0991 CE: 1.0988 Acc: 57.5% LR: 0.000483
[2026-05-27 05:42:14,379]   Batch[ 350/937] Loss: 1.0962 CE: 1.0959 Acc: 57.5% LR: 0.000483
[2026-05-27 05:43:48,495]   Batch[ 400/937] Loss: 1.0941 CE: 1.0938 Acc: 57.7% LR: 0.000483
[2026-05-27 05:45:24,849]   Batch[ 450/937] Loss: 1.0918 CE: 1.0915 Acc: 57.7% LR: 0.000483
[2026-05-27 05:47:00,352]   Batch[ 500/937] Loss: 1.0902 CE: 1.0899 Acc: 57.8% LR: 0.000482
[2026-05-27 05:48:36,654]   Batch[ 550/937] Loss: 1.0873 CE: 1.0871 Acc: 57.9% LR: 0.000482
[2026-05-27 05:50:11,631]   Batch[ 600/937] Loss: 1.0840 CE: 1.0837 Acc: 58.0% LR: 0.000482
[2026-05-27 05:51:47,475]   Batch[ 650/937] Loss: 1.0809 CE: 1.0807 Acc: 58.1% LR: 0.000482
[2026-05-27 05:53:23,452]   Batch[ 700/937] Loss: 1.0749 CE: 1.0747 Acc: 58.3% LR: 0.000482
[2026-05-27 05:54:58,558]   Batch[ 750/937] Loss: 1.0717 CE: 1.0715 Acc: 58.4% LR: 0.000482
[2026-05-27 05:56:33,901]   Batch[ 800/937] Loss: 1.0705 CE: 1.0703 Acc: 58.4% LR: 0.000482
[2026-05-27 05:58:09,781]   Batch[ 850/937] Loss: 1.0705 CE: 1.0702 Acc: 58.4% LR: 0.000481
[2026-05-27 05:59:45,839]   Batch[ 900/937] Loss: 1.0675 CE: 1.0672 Acc: 58.5% LR: 0.000481
[2026-05-27 06:02:51,837] Epoch 16: train_loss=1.0672 train_acc=58.5% val_loss=1.0299 val_acc=58.9% DA=0.311 CB=0.000
[2026-05-27 06:02:53,767]   Batch[   0/937] Loss: 1.0461 CE: 1.0456 Acc: 62.5% LR: 0.000481
[2026-05-27 06:04:31,351]   Batch[  50/937] Loss: 1.0758 CE: 1.0755 Acc: 58.4% LR: 0.000481
[2026-05-27 06:06:07,425]   Batch[ 100/937] Loss: 1.0645 CE: 1.0642 Acc: 58.2% LR: 0.000481
[2026-05-27 06:07:43,168]   Batch[ 150/937] Loss: 1.0585 CE: 1.0582 Acc: 58.5% LR: 0.000481
[2026-05-27 06:09:18,473]   Batch[ 200/937] Loss: 1.0490 CE: 1.0487 Acc: 58.8% LR: 0.000480
[2026-05-27 06:10:53,728]   Batch[ 250/937] Loss: 1.0503 CE: 1.0500 Acc: 58.6% LR: 0.000480
[2026-05-27 06:12:29,199]   Batch[ 300/937] Loss: 1.0441 CE: 1.0438 Acc: 59.1% LR: 0.000480
[2026-05-27 06:14:00,959]   Batch[ 350/937] Loss: 1.0419 CE: 1.0416 Acc: 59.2% LR: 0.000480
[2026-05-27 06:15:35,508]   Batch[ 400/937] Loss: 1.0390 CE: 1.0387 Acc: 59.2% LR: 0.000480
[2026-05-27 06:17:11,752]   Batch[ 450/937] Loss: 1.0359 CE: 1.0357 Acc: 59.5% LR: 0.000480
[2026-05-27 06:18:47,491]   Batch[ 500/937] Loss: 1.0365 CE: 1.0362 Acc: 59.5% LR: 0.000479
[2026-05-27 06:20:24,773]   Batch[ 550/937] Loss: 1.0361 CE: 1.0358 Acc: 59.5% LR: 0.000479
[2026-05-27 06:22:01,253]   Batch[ 600/937] Loss: 1.0316 CE: 1.0313 Acc: 59.8% LR: 0.000479
[2026-05-27 06:23:36,736]   Batch[ 650/937] Loss: 1.0267 CE: 1.0264 Acc: 59.9% LR: 0.000479
[2026-05-27 06:25:13,110]   Batch[ 700/937] Loss: 1.0254 CE: 1.0251 Acc: 60.1% LR: 0.000479
[2026-05-27 06:26:49,370]   Batch[ 750/937] Loss: 1.0231 CE: 1.0229 Acc: 60.2% LR: 0.000478
[2026-05-27 06:28:25,462]   Batch[ 800/937] Loss: 1.0238 CE: 1.0235 Acc: 60.3% LR: 0.000478
[2026-05-27 06:30:00,076]   Batch[ 850/937] Loss: 1.0218 CE: 1.0215 Acc: 60.4% LR: 0.000478
[2026-05-27 06:31:35,749]   Batch[ 900/937] Loss: 1.0222 CE: 1.0219 Acc: 60.3% LR: 0.000478
[2026-05-27 06:34:40,386] Epoch 17: train_loss=1.0233 train_acc=60.3% val_loss=0.9340 val_acc=63.0% DA=0.299 CB=0.000
[2026-05-27 06:34:42,459]   Batch[   0/937] Loss: 1.1406 CE: 1.1404 Acc: 46.9% LR: 0.000478
[2026-05-27 06:36:16,818]   Batch[  50/937] Loss: 0.9872 CE: 0.9869 Acc: 61.6% LR: 0.000478
[2026-05-27 06:37:53,179]   Batch[ 100/937] Loss: 0.9846 CE: 0.9843 Acc: 62.1% LR: 0.000477
[2026-05-27 06:39:28,646]   Batch[ 150/937] Loss: 0.9741 CE: 0.9738 Acc: 62.1% LR: 0.000477
[2026-05-27 06:41:03,824]   Batch[ 200/937] Loss: 0.9809 CE: 0.9806 Acc: 62.3% LR: 0.000477
[2026-05-27 06:42:39,608]   Batch[ 250/937] Loss: 0.9894 CE: 0.9892 Acc: 61.9% LR: 0.000477
[2026-05-27 06:44:15,712]   Batch[ 300/937] Loss: 0.9847 CE: 0.9844 Acc: 62.0% LR: 0.000477
[2026-05-27 06:45:48,056]   Batch[ 350/937] Loss: 0.9826 CE: 0.9823 Acc: 62.2% LR: 0.000477
[2026-05-27 06:47:23,402]   Batch[ 400/937] Loss: 0.9847 CE: 0.9844 Acc: 62.0% LR: 0.000476
[2026-05-27 06:48:58,522]   Batch[ 450/937] Loss: 0.9864 CE: 0.9861 Acc: 62.0% LR: 0.000476
[2026-05-27 06:50:34,676]   Batch[ 500/937] Loss: 0.9868 CE: 0.9865 Acc: 62.1% LR: 0.000476
[2026-05-27 06:52:10,362]   Batch[ 550/937] Loss: 0.9831 CE: 0.9828 Acc: 62.1% LR: 0.000476
[2026-05-27 06:53:46,303]   Batch[ 600/937] Loss: 0.9822 CE: 0.9819 Acc: 62.2% LR: 0.000476
[2026-05-27 06:55:21,796]   Batch[ 650/937] Loss: 0.9823 CE: 0.9821 Acc: 62.2% LR: 0.000475
[2026-05-27 06:56:58,364]   Batch[ 700/937] Loss: 0.9810 CE: 0.9808 Acc: 62.2% LR: 0.000475
[2026-05-27 06:58:33,304]   Batch[ 750/937] Loss: 0.9779 CE: 0.9776 Acc: 62.4% LR: 0.000475
[2026-05-27 07:00:08,240]   Batch[ 800/937] Loss: 0.9759 CE: 0.9756 Acc: 62.5% LR: 0.000475
[2026-05-27 07:01:43,937]   Batch[ 850/937] Loss: 0.9778 CE: 0.9775 Acc: 62.4% LR: 0.000475
[2026-05-27 07:03:20,402]   Batch[ 900/937] Loss: 0.9789 CE: 0.9786 Acc: 62.4% LR: 0.000474
[2026-05-27 07:06:27,543] Epoch 18: train_loss=0.9792 train_acc=62.4% val_loss=0.9565 val_acc=63.1% DA=0.322 CB=0.000
[2026-05-27 07:06:29,415]   Batch[   0/937] Loss: 0.7621 CE: 0.7617 Acc: 71.9% LR: 0.000474
[2026-05-27 07:08:04,696]   Batch[  50/937] Loss: 0.9562 CE: 0.9559 Acc: 63.5% LR: 0.000474
[2026-05-27 07:09:41,086]   Batch[ 100/937] Loss: 0.9920 CE: 0.9917 Acc: 62.2% LR: 0.000474
[2026-05-27 07:11:17,290]   Batch[ 150/937] Loss: 0.9919 CE: 0.9916 Acc: 61.7% LR: 0.000474
[2026-05-27 07:12:53,439]   Batch[ 200/937] Loss: 0.9881 CE: 0.9878 Acc: 62.2% LR: 0.000474
[2026-05-27 07:14:29,167]   Batch[ 250/937] Loss: 0.9822 CE: 0.9819 Acc: 62.3% LR: 0.000473
[2026-05-27 07:16:04,126]   Batch[ 300/937] Loss: 0.9768 CE: 0.9766 Acc: 62.5% LR: 0.000473
[2026-05-27 07:17:35,831]   Batch[ 350/937] Loss: 0.9768 CE: 0.9766 Acc: 62.6% LR: 0.000473
[2026-05-27 07:19:11,977]   Batch[ 400/937] Loss: 0.9757 CE: 0.9754 Acc: 62.6% LR: 0.000473
[2026-05-27 07:20:48,489]   Batch[ 450/937] Loss: 0.9710 CE: 0.9707 Acc: 62.8% LR: 0.000473
[2026-05-27 07:22:25,413]   Batch[ 500/937] Loss: 0.9726 CE: 0.9723 Acc: 62.7% LR: 0.000472
[2026-05-27 07:24:02,312]   Batch[ 550/937] Loss: 0.9734 CE: 0.9731 Acc: 62.6% LR: 0.000472
[2026-05-27 07:25:40,198]   Batch[ 600/937] Loss: 0.9725 CE: 0.9722 Acc: 62.8% LR: 0.000472
[2026-05-27 07:27:17,713]   Batch[ 650/937] Loss: 0.9741 CE: 0.9738 Acc: 62.7% LR: 0.000472
[2026-05-27 07:28:53,218]   Batch[ 700/937] Loss: 0.9744 CE: 0.9741 Acc: 62.6% LR: 0.000472
[2026-05-27 07:30:28,999]   Batch[ 750/937] Loss: 0.9733 CE: 0.9729 Acc: 62.6% LR: 0.000471
[2026-05-27 07:32:04,319]   Batch[ 800/937] Loss: 0.9729 CE: 0.9726 Acc: 62.6% LR: 0.000471
[2026-05-27 07:33:40,477]   Batch[ 850/937] Loss: 0.9735 CE: 0.9731 Acc: 62.6% LR: 0.000471
[2026-05-27 07:35:15,483]   Batch[ 900/937] Loss: 0.9728 CE: 0.9724 Acc: 62.6% LR: 0.000471
[2026-05-27 07:38:21,432] Epoch 19: train_loss=0.9706 train_acc=62.7% val_loss=0.9170 val_acc=64.2% DA=0.324 CB=0.000
[2026-05-27 07:38:23,302]   Batch[   0/937] Loss: 0.6561 CE: 0.6558 Acc: 70.3% LR: 0.000471
[2026-05-27 07:39:59,704]   Batch[  50/937] Loss: 0.9594 CE: 0.9591 Acc: 63.9% LR: 0.000470
[2026-05-27 07:41:34,924]   Batch[ 100/937] Loss: 0.9689 CE: 0.9686 Acc: 63.1% LR: 0.000470
[2026-05-27 07:43:10,882]   Batch[ 150/937] Loss: 0.9737 CE: 0.9734 Acc: 63.0% LR: 0.000470
[2026-05-27 07:44:47,550]   Batch[ 200/937] Loss: 0.9678 CE: 0.9674 Acc: 63.5% LR: 0.000470
[2026-05-27 07:46:22,586]   Batch[ 250/937] Loss: 0.9659 CE: 0.9656 Acc: 63.5% LR: 0.000470
[2026-05-27 07:47:58,526]   Batch[ 300/937] Loss: 0.9627 CE: 0.9623 Acc: 63.4% LR: 0.000469
[2026-05-27 07:49:32,934]   Batch[ 350/937] Loss: 0.9682 CE: 0.9678 Acc: 63.0% LR: 0.000469
[2026-05-27 07:51:08,443]   Batch[ 400/937] Loss: 0.9662 CE: 0.9659 Acc: 63.1% LR: 0.000469
[2026-05-27 07:52:44,807]   Batch[ 450/937] Loss: 0.9651 CE: 0.9648 Acc: 63.1% LR: 0.000469
[2026-05-27 07:54:20,667]   Batch[ 500/937] Loss: 0.9692 CE: 0.9688 Acc: 62.9% LR: 0.000469
[2026-05-27 07:55:57,130]   Batch[ 550/937] Loss: 0.9711 CE: 0.9707 Acc: 62.8% LR: 0.000468
[2026-05-27 07:57:31,652]   Batch[ 600/937] Loss: 0.9685 CE: 0.9681 Acc: 62.9% LR: 0.000468
[2026-05-27 07:59:07,890]   Batch[ 650/937] Loss: 0.9657 CE: 0.9654 Acc: 62.9% LR: 0.000468
[2026-05-27 08:00:43,880]   Batch[ 700/937] Loss: 0.9661 CE: 0.9657 Acc: 63.0% LR: 0.000468
[2026-05-27 08:02:20,069]   Batch[ 750/937] Loss: 0.9644 CE: 0.9641 Acc: 63.0% LR: 0.000467
[2026-05-27 08:03:55,232]   Batch[ 800/937] Loss: 0.9667 CE: 0.9663 Acc: 63.0% LR: 0.000467
[2026-05-27 08:05:31,632]   Batch[ 850/937] Loss: 0.9656 CE: 0.9652 Acc: 63.0% LR: 0.000467
[2026-05-27 08:07:07,270]   Batch[ 900/937] Loss: 0.9646 CE: 0.9643 Acc: 63.1% LR: 0.000467
[2026-05-27 08:10:13,746] [HF BWO] Called at epoch 20, interval=5
[2026-05-27 08:10:13,746] [HF BWO] Condition met, processing 2 blocks
[2026-05-27 08:10:13,746] [HF BWO] Block 0: calling block.prune_and_regrow
[2026-05-27 08:10:13,746] [BWO DEBUG] prune_fraction=0.5, regrow_fraction=0.1
[2026-05-27 08:10:13,747] [BWO DEBUG] Initial alive: 9849/38416
[2026-05-27 08:10:13,753] [BWO DEBUG] Final: 8274 alive, sparsity=78.46%
[2026-05-27 08:10:13,753] [HF BWO] Block 0: done
[2026-05-27 08:10:13,753] [HF BWO] Block 1: calling block.prune_and_regrow
[2026-05-27 08:10:13,753] [BWO DEBUG] prune_fraction=0.5, regrow_fraction=0.1
[2026-05-27 08:10:13,753] [BWO DEBUG] Initial alive: 9849/38416
[2026-05-27 08:10:13,759] [BWO DEBUG] Final: 8274 alive, sparsity=78.46%
[2026-05-27 08:10:13,759] [HF BWO] Block 1: done
[2026-05-27 08:10:13,759] BWO executed at epoch 20
[2026-05-27 08:10:13,759] Epoch 20: train_loss=0.9635 train_acc=63.1% val_loss=0.8921 val_acc=65.5% DA=0.330 CB=0.000
[2026-05-27 08:10:15,518]   Batch[   0/937] Loss: 0.9930 CE: 0.9924 Acc: 62.5% LR: 0.000467
[2026-05-27 08:11:51,325]   Batch[  50/937] Loss: 0.9983 CE: 0.9976 Acc: 61.2% LR: 0.000466
[2026-05-27 08:13:27,385]   Batch[ 100/937] Loss: 0.9865 CE: 0.9859 Acc: 61.8% LR: 0.000466
[2026-05-27 08:15:03,210]   Batch[ 150/937] Loss: 0.9778 CE: 0.9772 Acc: 62.6% LR: 0.000466
[2026-05-27 08:16:38,684]   Batch[ 200/937] Loss: 0.9902 CE: 0.9896 Acc: 62.4% LR: 0.000466
[2026-05-27 08:18:14,409]   Batch[ 250/937] Loss: 0.9770 CE: 0.9764 Acc: 62.9% LR: 0.000466
[2026-05-27 08:19:49,691]   Batch[ 300/937] Loss: 0.9699 CE: 0.9693 Acc: 63.0% LR: 0.000465
[2026-05-27 08:21:24,317]   Batch[ 350/937] Loss: 0.9654 CE: 0.9648 Acc: 63.1% LR: 0.000465
[2026-05-27 08:23:00,545]   Batch[ 400/937] Loss: 0.9648 CE: 0.9641 Acc: 63.2% LR: 0.000465
[2026-05-27 08:24:37,973]   Batch[ 450/937] Loss: 0.9616 CE: 0.9609 Acc: 63.5% LR: 0.000465
[2026-05-27 08:26:13,712]   Batch[ 500/937] Loss: 0.9581 CE: 0.9574 Acc: 63.6% LR: 0.000464
[2026-05-27 08:27:49,611]   Batch[ 550/937] Loss: 0.9609 CE: 0.9603 Acc: 63.5% LR: 0.000464
[2026-05-27 08:29:25,235]   Batch[ 600/937] Loss: 0.9583 CE: 0.9576 Acc: 63.6% LR: 0.000464
[2026-05-27 08:31:01,589]   Batch[ 650/937] Loss: 0.9543 CE: 0.9536 Acc: 63.9% LR: 0.000464
[2026-05-27 08:32:37,341]   Batch[ 700/937] Loss: 0.9527 CE: 0.9521 Acc: 64.0% LR: 0.000464
[2026-05-27 08:34:13,747]   Batch[ 750/937] Loss: 0.9499 CE: 0.9493 Acc: 64.1% LR: 0.000463
[2026-05-27 08:35:48,770]   Batch[ 800/937] Loss: 0.9481 CE: 0.9475 Acc: 64.1% LR: 0.000463
[2026-05-27 08:37:24,800]   Batch[ 850/937] Loss: 0.9475 CE: 0.9469 Acc: 64.2% LR: 0.000463
[2026-05-27 08:39:00,376]   Batch[ 900/937] Loss: 0.9449 CE: 0.9442 Acc: 64.3% LR: 0.000463
[2026-05-27 08:42:07,195] Epoch 21: train_loss=0.9439 train_acc=64.4% val_loss=0.8321 val_acc=69.5% DA=0.325 CB=0.000
[2026-05-27 08:42:09,078]   Batch[   0/937] Loss: 0.7778 CE: 0.7773 Acc: 67.2% LR: 0.000462
[2026-05-27 08:43:45,491]   Batch[  50/937] Loss: 0.9377 CE: 0.9371 Acc: 64.6% LR: 0.000462
[2026-05-27 08:45:21,509]   Batch[ 100/937] Loss: 0.9351 CE: 0.9345 Acc: 64.5% LR: 0.000462
[2026-05-27 08:46:57,877]   Batch[ 150/937] Loss: 0.9446 CE: 0.9440 Acc: 64.2% LR: 0.000462
[2026-05-27 08:48:34,236]   Batch[ 200/937] Loss: 0.9382 CE: 0.9376 Acc: 64.3% LR: 0.000462
[2026-05-27 08:50:10,326]   Batch[ 250/937] Loss: 0.9289 CE: 0.9283 Acc: 64.7% LR: 0.000461
[2026-05-27 08:51:45,702]   Batch[ 300/937] Loss: 0.9264 CE: 0.9258 Acc: 64.9% LR: 0.000461
[2026-05-27 08:53:20,175]   Batch[ 350/937] Loss: 0.9253 CE: 0.9248 Acc: 65.1% LR: 0.000461
[2026-05-27 08:54:55,571]   Batch[ 400/937] Loss: 0.9264 CE: 0.9258 Acc: 65.1% LR: 0.000461
[2026-05-27 08:56:30,880]   Batch[ 450/937] Loss: 0.9224 CE: 0.9219 Acc: 65.2% LR: 0.000460
[2026-05-27 08:58:06,913]   Batch[ 500/937] Loss: 0.9233 CE: 0.9227 Acc: 65.2% LR: 0.000460
[2026-05-27 08:59:42,841]   Batch[ 550/937] Loss: 0.9230 CE: 0.9225 Acc: 65.3% LR: 0.000460
[2026-05-27 09:01:18,337]   Batch[ 600/937] Loss: 0.9246 CE: 0.9241 Acc: 65.3% LR: 0.000460
[2026-05-27 09:02:53,591]   Batch[ 650/937] Loss: 0.9251 CE: 0.9245 Acc: 65.2% LR: 0.000459
[2026-05-27 09:04:29,329]   Batch[ 700/937] Loss: 0.9242 CE: 0.9237 Acc: 65.2% LR: 0.000459
[2026-05-27 09:06:05,278]   Batch[ 750/937] Loss: 0.9244 CE: 0.9239 Acc: 65.2% LR: 0.000459
[2026-05-27 09:07:42,034]   Batch[ 800/937] Loss: 0.9216 CE: 0.9211 Acc: 65.3% LR: 0.000459
[2026-05-27 09:09:18,671]   Batch[ 850/937] Loss: 0.9212 CE: 0.9206 Acc: 65.3% LR: 0.000458
[2026-05-27 09:10:54,699]   Batch[ 900/937] Loss: 0.9196 CE: 0.9191 Acc: 65.3% LR: 0.000458
[2026-05-27 09:14:01,272] Epoch 22: train_loss=0.9219 train_acc=65.3% val_loss=0.8565 val_acc=66.2% DA=0.347 CB=0.000
[2026-05-27 09:14:03,149]   Batch[   0/937] Loss: 0.9532 CE: 0.9527 Acc: 65.6% LR: 0.000458
[2026-05-27 09:15:38,897]   Batch[  50/937] Loss: 0.9086 CE: 0.9081 Acc: 66.0% LR: 0.000458
[2026-05-27 09:17:14,174]   Batch[ 100/937] Loss: 0.8933 CE: 0.8928 Acc: 66.7% LR: 0.000458
[2026-05-27 09:18:49,176]   Batch[ 150/937] Loss: 0.9053 CE: 0.9048 Acc: 65.8% LR: 0.000457
[2026-05-27 09:20:25,160]   Batch[ 200/937] Loss: 0.9117 CE: 0.9112 Acc: 65.7% LR: 0.000457
[2026-05-27 09:22:00,609]   Batch[ 250/937] Loss: 0.9037 CE: 0.9032 Acc: 65.9% LR: 0.000457
[2026-05-27 09:23:33,750]   Batch[ 300/937] Loss: 0.9087 CE: 0.9082 Acc: 65.7% LR: 0.000457
[2026-05-27 09:25:08,170]   Batch[ 350/937] Loss: 0.9107 CE: 0.9102 Acc: 65.4% LR: 0.000456
[2026-05-27 09:26:44,065]   Batch[ 400/937] Loss: 0.9098 CE: 0.9093 Acc: 65.4% LR: 0.000456
[2026-05-27 09:28:19,746]   Batch[ 450/937] Loss: 0.9054 CE: 0.9049 Acc: 65.7% LR: 0.000456
[2026-05-27 09:29:55,754]   Batch[ 500/937] Loss: 0.9053 CE: 0.9048 Acc: 65.6% LR: 0.000456
[2026-05-27 09:31:32,102]   Batch[ 550/937] Loss: 0.9054 CE: 0.9049 Acc: 65.6% LR: 0.000455
[2026-05-27 09:33:07,705]   Batch[ 600/937] Loss: 0.9045 CE: 0.9039 Acc: 65.7% LR: 0.000455
[2026-05-27 09:34:43,598]   Batch[ 650/937] Loss: 0.9042 CE: 0.9037 Acc: 65.7% LR: 0.000455
[2026-05-27 09:36:19,547]   Batch[ 700/937] Loss: 0.9072 CE: 0.9067 Acc: 65.6% LR: 0.000455
[2026-05-27 09:37:54,105]   Batch[ 750/937] Loss: 0.9069 CE: 0.9064 Acc: 65.6% LR: 0.000454
[2026-05-27 09:39:29,566]   Batch[ 800/937] Loss: 0.9063 CE: 0.9058 Acc: 65.7% LR: 0.000454
[2026-05-27 09:41:05,244]   Batch[ 850/937] Loss: 0.9034 CE: 0.9029 Acc: 65.8% LR: 0.000454
[2026-05-27 09:42:41,453]   Batch[ 900/937] Loss: 0.9041 CE: 0.9035 Acc: 65.7% LR: 0.000454
[2026-05-27 09:45:48,825] Epoch 23: train_loss=0.9046 train_acc=65.7% val_loss=1.0572 val_acc=58.6% DA=0.431 CB=0.000
[2026-05-27 09:45:50,743]   Batch[   0/937] Loss: 1.2924 CE: 1.2917 Acc: 56.2% LR: 0.000453
[2026-05-27 09:47:26,435]   Batch[  50/937] Loss: 0.9227 CE: 0.9222 Acc: 66.3% LR: 0.000453
[2026-05-27 09:49:02,374]   Batch[ 100/937] Loss: 0.8935 CE: 0.8930 Acc: 67.0% LR: 0.000453
[2026-05-27 09:50:38,990]   Batch[ 150/937] Loss: 0.9047 CE: 0.9042 Acc: 66.5% LR: 0.000453
[2026-05-27 09:52:15,213]   Batch[ 200/937] Loss: 0.9007 CE: 0.9002 Acc: 66.3% LR: 0.000452
[2026-05-27 09:53:49,858]   Batch[ 250/937] Loss: 0.9157 CE: 0.9151 Acc: 65.6% LR: 0.000452
[2026-05-27 09:55:22,712]   Batch[ 300/937] Loss: 0.9146 CE: 0.9141 Acc: 65.6% LR: 0.000452
[2026-05-27 09:56:57,699]   Batch[ 350/937] Loss: 0.9094 CE: 0.9089 Acc: 66.0% LR: 0.000452
[2026-05-27 09:58:33,582]   Batch[ 400/937] Loss: 0.9097 CE: 0.9092 Acc: 66.1% LR: 0.000451
[2026-05-27 10:00:10,293]   Batch[ 450/937] Loss: 0.9075 CE: 0.9069 Acc: 66.1% LR: 0.000451
[2026-05-27 10:01:45,651]   Batch[ 500/937] Loss: 0.9057 CE: 0.9052 Acc: 66.1% LR: 0.000451
[2026-05-27 10:03:21,716]   Batch[ 550/937] Loss: 0.9020 CE: 0.9015 Acc: 66.3% LR: 0.000451
[2026-05-27 10:04:57,718]   Batch[ 600/937] Loss: 0.9114 CE: 0.9109 Acc: 65.9% LR: 0.000450
[2026-05-27 10:06:33,172]   Batch[ 650/937] Loss: 0.9105 CE: 0.9100 Acc: 65.9% LR: 0.000450
[2026-05-27 10:08:10,281]   Batch[ 700/937] Loss: 0.9100 CE: 0.9095 Acc: 65.9% LR: 0.000450
[2026-05-27 10:09:46,550]   Batch[ 750/937] Loss: 0.9062 CE: 0.9057 Acc: 66.0% LR: 0.000450
[2026-05-27 10:11:21,673]   Batch[ 800/937] Loss: 0.9083 CE: 0.9078 Acc: 65.9% LR: 0.000449
[2026-05-27 10:12:57,389]   Batch[ 850/937] Loss: 0.9089 CE: 0.9083 Acc: 65.9% LR: 0.000449
[2026-05-27 10:14:33,861]   Batch[ 900/937] Loss: 0.9145 CE: 0.9139 Acc: 65.7% LR: 0.000449
[2026-05-27 10:17:40,726] Epoch 24: train_loss=0.9140 train_acc=65.7% val_loss=0.8973 val_acc=66.2% DA=0.377 CB=0.000
[2026-05-27 10:17:42,703]   Batch[   0/937] Loss: 0.8712 CE: 0.8708 Acc: 54.7% LR: 0.000449
[2026-05-27 10:19:18,363]   Batch[  50/937] Loss: 0.8999 CE: 0.8994 Acc: 66.1% LR: 0.000448
[2026-05-27 10:20:53,963]   Batch[ 100/937] Loss: 0.8992 CE: 0.8987 Acc: 66.3% LR: 0.000448
[2026-05-27 10:22:31,259]   Batch[ 150/937] Loss: 0.8987 CE: 0.8982 Acc: 66.3% LR: 0.000448
[2026-05-27 10:24:07,308]   Batch[ 200/937] Loss: 0.9075 CE: 0.9071 Acc: 65.9% LR: 0.000448
[2026-05-27 10:25:42,851]   Batch[ 250/937] Loss: 0.9024 CE: 0.9019 Acc: 66.0% LR: 0.000447
[2026-05-27 10:27:16,066]   Batch[ 300/937] Loss: 0.8974 CE: 0.8970 Acc: 66.2% LR: 0.000447
[2026-05-27 10:28:52,379]   Batch[ 350/937] Loss: 0.9079 CE: 0.9074 Acc: 65.8% LR: 0.000447
[2026-05-27 10:30:30,373]   Batch[ 400/937] Loss: 0.9023 CE: 0.9018 Acc: 66.0% LR: 0.000446
[2026-05-27 10:32:06,605]   Batch[ 450/937] Loss: 0.8984 CE: 0.8979 Acc: 66.2% LR: 0.000446
[2026-05-27 10:33:43,524]   Batch[ 500/937] Loss: 0.9007 CE: 0.9002 Acc: 66.2% LR: 0.000446
[2026-05-27 10:35:19,889]   Batch[ 550/937] Loss: 0.9007 CE: 0.9002 Acc: 66.1% LR: 0.000446
[2026-05-27 10:36:57,118]   Batch[ 600/937] Loss: 0.9011 CE: 0.9006 Acc: 66.1% LR: 0.000445
[2026-05-27 10:38:33,755]   Batch[ 650/937] Loss: 0.9033 CE: 0.9028 Acc: 66.0% LR: 0.000445
[2026-05-27 10:40:09,839]   Batch[ 700/937] Loss: 0.9028 CE: 0.9023 Acc: 66.0% LR: 0.000445
[2026-05-27 10:41:46,468]   Batch[ 750/937] Loss: 0.9045 CE: 0.9040 Acc: 66.0% LR: 0.000445
[2026-05-27 10:43:24,674]   Batch[ 800/937] Loss: 0.9039 CE: 0.9034 Acc: 66.0% LR: 0.000444
[2026-05-27 10:45:01,478]   Batch[ 850/937] Loss: 0.9047 CE: 0.9042 Acc: 66.0% LR: 0.000444
[2026-05-27 10:46:38,972]   Batch[ 900/937] Loss: 0.9049 CE: 0.9044 Acc: 66.0% LR: 0.000444
[2026-05-27 10:49:49,100] [HF BWO] Called at epoch 25, interval=5
[2026-05-27 10:49:49,100] [HF BWO] Condition met, processing 2 blocks
[2026-05-27 10:49:49,100] [HF BWO] Block 0: calling block.prune_and_regrow
[2026-05-27 10:49:49,100] [BWO DEBUG] prune_fraction=0.5, regrow_fraction=0.1
[2026-05-27 10:49:49,101] [BWO DEBUG] Initial alive: 8274/38416
[2026-05-27 10:49:49,103] [BWO DEBUG] Final: 7564 alive, sparsity=80.31%
[2026-05-27 10:49:49,103] [HF BWO] Block 0: done
[2026-05-27 10:49:49,103] [HF BWO] Block 1: calling block.prune_and_regrow
[2026-05-27 10:49:49,103] [BWO DEBUG] prune_fraction=0.5, regrow_fraction=0.1
[2026-05-27 10:49:49,104] [BWO DEBUG] Initial alive: 8274/38416
[2026-05-27 10:49:49,106] [BWO DEBUG] Final: 7564 alive, sparsity=80.31%
[2026-05-27 10:49:49,106] [HF BWO] Block 1: done
[2026-05-27 10:49:49,106] BWO executed at epoch 25
[2026-05-27 10:49:49,106] Epoch 25: train_loss=0.9028 train_acc=66.1% val_loss=0.8169 val_acc=68.5% DA=0.357 CB=0.000
[2026-05-27 10:49:51,129]   Batch[   0/937] Loss: 0.7710 CE: 0.7700 Acc: 73.4% LR: 0.000444
[2026-05-27 10:51:29,668]   Batch[  50/937] Loss: 0.9428 CE: 0.9418 Acc: 63.7% LR: 0.000443
[2026-05-27 10:53:07,877]   Batch[ 100/937] Loss: 0.9123 CE: 0.9114 Acc: 64.9% LR: 0.000443
[2026-05-27 10:54:46,555]   Batch[ 150/937] Loss: 0.9158 CE: 0.9149 Acc: 64.8% LR: 0.000443
[2026-05-27 10:56:25,023]   Batch[ 200/937] Loss: 0.9115 CE: 0.9106 Acc: 65.0% LR: 0.000442
[2026-05-27 10:58:03,799]   Batch[ 250/937] Loss: 0.9163 CE: 0.9154 Acc: 65.0% LR: 0.000442
[2026-05-27 10:59:36,661]   Batch[ 300/937] Loss: 0.9155 CE: 0.9146 Acc: 65.2% LR: 0.000442
[2026-05-27 11:01:12,976]   Batch[ 350/937] Loss: 0.9105 CE: 0.9096 Acc: 65.3% LR: 0.000442
[2026-05-27 11:02:49,903]   Batch[ 400/937] Loss: 0.9090 CE: 0.9081 Acc: 65.3% LR: 0.000441
[2026-05-27 11:04:25,234]   Batch[ 450/937] Loss: 0.9108 CE: 0.9100 Acc: 65.3% LR: 0.000441
[2026-05-27 11:06:01,536]   Batch[ 500/937] Loss: 0.9081 CE: 0.9072 Acc: 65.5% LR: 0.000441
[2026-05-27 11:07:38,025]   Batch[ 550/937] Loss: 0.9078 CE: 0.9069 Acc: 65.6% LR: 0.000440
[2026-05-27 11:09:15,050]   Batch[ 600/937] Loss: 0.9085 CE: 0.9077 Acc: 65.6% LR: 0.000440
[2026-05-27 11:10:51,653]   Batch[ 650/937] Loss: 0.9033 CE: 0.9025 Acc: 65.8% LR: 0.000440
[2026-05-27 11:12:27,711]   Batch[ 700/937] Loss: 0.8979 CE: 0.8971 Acc: 66.0% LR: 0.000440
[2026-05-27 11:14:02,884]   Batch[ 750/937] Loss: 0.8961 CE: 0.8953 Acc: 66.1% LR: 0.000439
[2026-05-27 11:15:38,500]   Batch[ 800/937] Loss: 0.8964 CE: 0.8956 Acc: 66.1% LR: 0.000439
[2026-05-27 11:17:13,800]   Batch[ 850/937] Loss: 0.8940 CE: 0.8932 Acc: 66.2% LR: 0.000439
[2026-05-27 11:18:50,047]   Batch[ 900/937] Loss: 0.8925 CE: 0.8917 Acc: 66.3% LR: 0.000438
[2026-05-27 11:21:59,251] Epoch 26: train_loss=0.8905 train_acc=66.3% val_loss=0.9264 val_acc=64.2% DA=0.410 CB=0.000
[2026-05-27 11:22:01,297]   Batch[   0/937] Loss: 0.8933 CE: 0.8926 Acc: 59.4% LR: 0.000438
[2026-05-27 11:23:39,994]   Batch[  50/937] Loss: 0.8551 CE: 0.8544 Acc: 67.7% LR: 0.000438
[2026-05-27 11:25:16,163]   Batch[ 100/937] Loss: 0.8571 CE: 0.8565 Acc: 67.8% LR: 0.000438
[2026-05-27 11:26:53,191]   Batch[ 150/937] Loss: 0.8811 CE: 0.8804 Acc: 66.9% LR: 0.000437
[2026-05-27 11:28:30,360]   Batch[ 200/937] Loss: 0.8898 CE: 0.8891 Acc: 66.5% LR: 0.000437
[2026-05-27 11:30:06,707]   Batch[ 250/937] Loss: 0.8825 CE: 0.8818 Acc: 66.8% LR: 0.000437
[2026-05-27 11:31:38,655]   Batch[ 300/937] Loss: 0.8827 CE: 0.8821 Acc: 66.8% LR: 0.000437
[2026-05-27 11:33:14,182]   Batch[ 350/937] Loss: 0.8787 CE: 0.8780 Acc: 67.0% LR: 0.000436
[2026-05-27 11:34:49,849]   Batch[ 400/937] Loss: 0.8782 CE: 0.8775 Acc: 66.9% LR: 0.000436
[2026-05-27 11:36:26,500]   Batch[ 450/937] Loss: 0.8768 CE: 0.8761 Acc: 67.0% LR: 0.000436
[2026-05-27 11:38:01,466]   Batch[ 500/937] Loss: 0.8758 CE: 0.8751 Acc: 67.0% LR: 0.000435
[2026-05-27 11:39:36,371]   Batch[ 550/937] Loss: 0.8766 CE: 0.8759 Acc: 67.0% LR: 0.000435
[2026-05-27 11:41:11,430]   Batch[ 600/937] Loss: 0.8769 CE: 0.8762 Acc: 67.0% LR: 0.000435
[2026-05-27 11:42:47,121]   Batch[ 650/937] Loss: 0.8761 CE: 0.8754 Acc: 67.0% LR: 0.000434
[2026-05-27 11:44:23,271]   Batch[ 700/937] Loss: 0.8757 CE: 0.8750 Acc: 67.0% LR: 0.000434
[2026-05-27 11:46:02,140]   Batch[ 750/937] Loss: 0.8776 CE: 0.8769 Acc: 66.9% LR: 0.000434
[2026-05-27 11:47:40,107]   Batch[ 800/937] Loss: 0.8772 CE: 0.8764 Acc: 66.9% LR: 0.000434
