[2026-05-26 00:08:53,823] Loading dataset...
[2026-05-26 00:08:53,857] Train: 60000, Val: 10000
[2026-05-26 00:08:53,857] Creating model...
[2026-05-26 00:08:53,956] Parameters: 0.74M total, 0.35M trainable
C:\Users\MR\Desktop\³õ´ú¼¤ËØ³¡ÍøÂç\hormonic_v3\local_train.py:320: FutureWarning: `torch.cuda.amp.GradScaler(args...)` is deprecated. Please use `torch.amp.GradScaler('cuda', args...)` instead.
  scaler = GradScaler(enabled=config['train']['use_amp'])
[2026-05-26 00:08:53,958] Starting training: 50 epochs
C:\Users\MR\Desktop\³õ´ú¼¤ËØ³¡ÍøÂç\hormonic_v3\local_train.py:134: FutureWarning: `torch.cuda.amp.autocast(args...)` is deprecated. Please use `torch.amp.autocast('cuda', args...)` instead.
  with autocast(enabled=use_amp):
[2026-05-26 00:08:55,636]   Batch[   0/937] Loss: 2.7141 CE: 2.7001 Acc: 9.4% LR: 0.000005
[2026-05-26 00:09:56,380]   Batch[  50/937] Loss: 2.5539 CE: 2.5402 Acc: 9.7% LR: 0.000012
[2026-05-26 00:10:55,018]   Batch[ 100/937] Loss: 2.4649 CE: 2.4518 Acc: 10.3% LR: 0.000018
[2026-05-26 00:11:54,180]   Batch[ 150/937] Loss: 2.4061 CE: 2.3936 Acc: 12.2% LR: 0.000025
[2026-05-26 00:12:53,013]   Batch[ 200/937] Loss: 2.3648 CE: 2.3531 Acc: 13.3% LR: 0.000031
[2026-05-26 00:13:51,811]   Batch[ 250/937] Loss: 2.3297 CE: 2.3187 Acc: 14.3% LR: 0.000038
[2026-05-26 00:14:51,137]   Batch[ 300/937] Loss: 2.3002 CE: 2.2899 Acc: 15.1% LR: 0.000045
[2026-05-26 00:15:52,294]   Batch[ 350/937] Loss: 2.2722 CE: 2.2626 Acc: 16.0% LR: 0.000051
[2026-05-26 00:16:53,094]   Batch[ 400/937] Loss: 2.2492 CE: 2.2404 Acc: 16.7% LR: 0.000058
[2026-05-26 00:17:51,635]   Batch[ 450/937] Loss: 2.2297 CE: 2.2215 Acc: 17.2% LR: 0.000064
[2026-05-26 00:18:50,036]   Batch[ 500/937] Loss: 2.2099 CE: 2.2023 Acc: 17.8% LR: 0.000071
[2026-05-26 00:19:48,640]   Batch[ 550/937] Loss: 2.1930 CE: 2.1859 Acc: 18.2% LR: 0.000078
[2026-05-26 00:20:47,595]   Batch[ 600/937] Loss: 2.1777 CE: 2.1711 Acc: 18.6% LR: 0.000084
[2026-05-26 00:21:47,568]   Batch[ 650/937] Loss: 2.1643 CE: 2.1581 Acc: 19.0% LR: 0.000091
[2026-05-26 00:22:47,154]   Batch[ 700/937] Loss: 2.1545 CE: 2.1488 Acc: 19.3% LR: 0.000097
[2026-05-26 00:23:46,783]   Batch[ 750/937] Loss: 2.1440 CE: 2.1385 Acc: 19.5% LR: 0.000104
[2026-05-26 00:24:46,378]   Batch[ 800/937] Loss: 2.1344 CE: 2.1293 Acc: 19.9% LR: 0.000111
[2026-05-26 00:25:46,197]   Batch[ 850/937] Loss: 2.1254 CE: 2.1205 Acc: 20.1% LR: 0.000117
[2026-05-26 00:26:47,031]   Batch[ 900/937] Loss: 2.1178 CE: 2.1132 Acc: 20.3% LR: 0.000124
C:\Users\MR\Desktop\³õ´ú¼¤ËØ³¡ÍøÂç\hormonic_v3\local_train.py:202: FutureWarning: `torch.cuda.amp.autocast(args...)` is deprecated. Please use `torch.amp.autocast('cuda', args...)` instead.
  with autocast(enabled=use_amp):
[2026-05-26 00:28:44,736] Epoch 1: train_loss=2.1123 train_acc=20.5% val_loss=1.9373 val_acc=26.4% DA=0.326 CB=0.000
[2026-05-26 00:28:45,926]   Batch[   0/937] Loss: 2.0915 CE: 2.0912 Acc: 20.3% LR: 0.000129
[2026-05-26 00:29:46,755]   Batch[  50/937] Loss: 1.9609 CE: 1.9606 Acc: 24.3% LR: 0.000135
[2026-05-26 00:30:47,869]   Batch[ 100/937] Loss: 1.9658 CE: 1.9656 Acc: 25.0% LR: 0.000142
[2026-05-26 00:31:48,698]   Batch[ 150/937] Loss: 1.9629 CE: 1.9626 Acc: 25.4% LR: 0.000148
[2026-05-26 00:32:49,919]   Batch[ 200/937] Loss: 1.9660 CE: 1.9657 Acc: 25.2% LR: 0.000155
[2026-05-26 00:33:50,730]   Batch[ 250/937] Loss: 1.9644 CE: 1.9641 Acc: 25.1% LR: 0.000162
[2026-05-26 00:34:51,581]   Batch[ 300/937] Loss: 1.9627 CE: 1.9625 Acc: 25.1% LR: 0.000168
[2026-05-26 00:35:52,611]   Batch[ 350/937] Loss: 1.9601 CE: 1.9598 Acc: 25.2% LR: 0.000175
[2026-05-26 00:36:53,780]   Batch[ 400/937] Loss: 1.9539 CE: 1.9536 Acc: 25.6% LR: 0.000181
[2026-05-26 00:37:54,789]   Batch[ 450/937] Loss: 1.9488 CE: 1.9485 Acc: 25.8% LR: 0.000188
[2026-05-26 00:38:55,540]   Batch[ 500/937] Loss: 1.9445 CE: 1.9442 Acc: 25.9% LR: 0.000195
[2026-05-26 00:39:56,406]   Batch[ 550/937] Loss: 1.9417 CE: 1.9414 Acc: 25.9% LR: 0.000201
[2026-05-26 00:40:57,565]   Batch[ 600/937] Loss: 1.9395 CE: 1.9392 Acc: 25.9% LR: 0.000208
[2026-05-26 00:41:58,361]   Batch[ 650/937] Loss: 1.9359 CE: 1.9357 Acc: 26.0% LR: 0.000214
[2026-05-26 00:42:59,618]   Batch[ 700/937] Loss: 1.9335 CE: 1.9333 Acc: 26.1% LR: 0.000221
[2026-05-26 00:44:01,233]   Batch[ 750/937] Loss: 1.9311 CE: 1.9309 Acc: 26.2% LR: 0.000228
[2026-05-26 00:45:04,545]   Batch[ 800/937] Loss: 1.9277 CE: 1.9275 Acc: 26.2% LR: 0.000234
[2026-05-26 00:46:06,811]   Batch[ 850/937] Loss: 1.9241 CE: 1.9239 Acc: 26.3% LR: 0.000241
[2026-05-26 00:47:08,799]   Batch[ 900/937] Loss: 1.9201 CE: 1.9198 Acc: 26.3% LR: 0.000247
[2026-05-26 00:49:11,963] Epoch 2: train_loss=1.9171 train_acc=26.4% val_loss=1.8131 val_acc=28.5% DA=0.306 CB=0.000
[2026-05-26 00:49:13,212]   Batch[   0/937] Loss: 1.6473 CE: 1.6472 Acc: 35.9% LR: 0.000252
[2026-05-26 00:50:14,279]   Batch[  50/937] Loss: 1.8603 CE: 1.8602 Acc: 27.7% LR: 0.000259
[2026-05-26 00:51:15,643]   Batch[ 100/937] Loss: 1.8544 CE: 1.8542 Acc: 27.7% LR: 0.000265
[2026-05-26 00:52:16,753]   Batch[ 150/937] Loss: 1.8439 CE: 1.8438 Acc: 28.0% LR: 0.000272
[2026-05-26 00:53:18,041]   Batch[ 200/937] Loss: 1.8314 CE: 1.8313 Acc: 28.1% LR: 0.000279
[2026-05-26 00:54:18,496]   Batch[ 250/937] Loss: 1.8247 CE: 1.8246 Acc: 28.3% LR: 0.000285
[2026-05-26 00:55:19,598]   Batch[ 300/937] Loss: 1.8183 CE: 1.8182 Acc: 28.4% LR: 0.000292
[2026-05-26 00:56:20,729]   Batch[ 350/937] Loss: 1.8094 CE: 1.8093 Acc: 28.8% LR: 0.000298
[2026-05-26 00:57:21,824]   Batch[ 400/937] Loss: 1.8042 CE: 1.8041 Acc: 29.0% LR: 0.000305
[2026-05-26 00:58:22,467]   Batch[ 450/937] Loss: 1.8001 CE: 1.8000 Acc: 29.0% LR: 0.000312
[2026-05-26 00:59:23,821]   Batch[ 500/937] Loss: 1.7966 CE: 1.7966 Acc: 29.0% LR: 0.000318
[2026-05-26 01:00:24,841]   Batch[ 550/937] Loss: 1.7905 CE: 1.7904 Acc: 29.0% LR: 0.000325
[2026-05-26 01:01:25,734]   Batch[ 600/937] Loss: 1.7870 CE: 1.7869 Acc: 29.1% LR: 0.000331
[2026-05-26 01:02:26,676]   Batch[ 650/937] Loss: 1.7814 CE: 1.7813 Acc: 29.2% LR: 0.000338
[2026-05-26 01:03:27,717]   Batch[ 700/937] Loss: 1.7760 CE: 1.7760 Acc: 29.3% LR: 0.000345
[2026-05-26 01:04:29,104]   Batch[ 750/937] Loss: 1.7709 CE: 1.7709 Acc: 29.4% LR: 0.000351
[2026-05-26 01:05:30,089]   Batch[ 800/937] Loss: 1.7660 CE: 1.7659 Acc: 29.5% LR: 0.000358
[2026-05-26 01:06:30,788]   Batch[ 850/937] Loss: 1.7633 CE: 1.7632 Acc: 29.5% LR: 0.000364
[2026-05-26 01:07:32,114]   Batch[ 900/937] Loss: 1.7591 CE: 1.7591 Acc: 29.7% LR: 0.000371
[2026-05-26 01:09:28,776] Epoch 3: train_loss=1.7561 train_acc=29.7% val_loss=1.6418 val_acc=33.5% DA=0.276 CB=0.000
[2026-05-26 01:09:30,007]   Batch[   0/937] Loss: 1.5923 CE: 1.5923 Acc: 34.4% LR: 0.000376
[2026-05-26 01:10:31,124]   Batch[  50/937] Loss: 1.7109 CE: 1.7109 Acc: 29.8% LR: 0.000382
[2026-05-26 01:11:32,418]   Batch[ 100/937] Loss: 1.7074 CE: 1.7074 Acc: 30.3% LR: 0.000389
[2026-05-26 01:12:33,628]   Batch[ 150/937] Loss: 1.6980 CE: 1.6980 Acc: 30.7% LR: 0.000396
[2026-05-26 01:13:34,875]   Batch[ 200/937] Loss: 1.6881 CE: 1.6881 Acc: 31.2% LR: 0.000402
[2026-05-26 01:14:35,930]   Batch[ 250/937] Loss: 1.6795 CE: 1.6795 Acc: 31.7% LR: 0.000409
[2026-05-26 01:15:37,188]   Batch[ 300/937] Loss: 1.6786 CE: 1.6785 Acc: 31.5% LR: 0.000415
[2026-05-26 01:16:38,220]   Batch[ 350/937] Loss: 1.6746 CE: 1.6745 Acc: 31.8% LR: 0.000422
[2026-05-26 01:17:39,306]   Batch[ 400/937] Loss: 1.6725 CE: 1.6725 Acc: 31.7% LR: 0.000429
[2026-05-26 01:18:40,850]   Batch[ 450/937] Loss: 1.6713 CE: 1.6712 Acc: 31.7% LR: 0.000435
[2026-05-26 01:19:41,868]   Batch[ 500/937] Loss: 1.6709 CE: 1.6709 Acc: 31.7% LR: 0.000442
[2026-05-26 01:20:43,481]   Batch[ 550/937] Loss: 1.6700 CE: 1.6699 Acc: 31.8% LR: 0.000448
[2026-05-26 01:21:44,287]   Batch[ 600/937] Loss: 1.6668 CE: 1.6668 Acc: 31.7% LR: 0.000455
[2026-05-26 01:22:45,120]   Batch[ 650/937] Loss: 1.6632 CE: 1.6631 Acc: 32.0% LR: 0.000462
[2026-05-26 01:23:46,635]   Batch[ 700/937] Loss: 1.6595 CE: 1.6594 Acc: 32.2% LR: 0.000468
[2026-05-26 01:24:47,448]   Batch[ 750/937] Loss: 1.6584 CE: 1.6583 Acc: 32.2% LR: 0.000475
[2026-05-26 01:25:48,488]   Batch[ 800/937] Loss: 1.6568 CE: 1.6567 Acc: 32.3% LR: 0.000482
[2026-05-26 01:26:49,399]   Batch[ 850/937] Loss: 1.6547 CE: 1.6546 Acc: 32.4% LR: 0.000488
[2026-05-26 01:27:50,561]   Batch[ 900/937] Loss: 1.6525 CE: 1.6525 Acc: 32.5% LR: 0.000495
[2026-05-26 01:29:47,855] Epoch 4: train_loss=1.6522 train_acc=32.5% val_loss=2.6208 val_acc=15.4% DA=0.603 CB=0.000
[2026-05-26 01:29:49,058]   Batch[   0/937] Loss: 1.6510 CE: 1.6509 Acc: 25.0% LR: 0.000499
C:\Users\MR\anaconda3\Lib\site-packages\torch\optim\lr_scheduler.py:198: UserWarning: The epoch parameter in `scheduler.step()` was not necessary and is being deprecated where possible. Please use `scheduler.step()` to step the scheduler. During the deprecation, if epoch is different from None, the closed form is used instead of the new chainable form, where available. Please open an issue if you are unable to replicate your use case: https://github.com/pytorch/pytorch/issues/new/choose.
  warnings.warn(EPOCH_DEPRECATION_WARNING, UserWarning)
[2026-05-26 01:30:50,344]   Batch[  50/937] Loss: 1.6161 CE: 1.6160 Acc: 33.8% LR: 0.000500
[2026-05-26 01:31:51,212]   Batch[ 100/937] Loss: 1.6265 CE: 1.6265 Acc: 33.8% LR: 0.000500
[2026-05-26 01:32:52,417]   Batch[ 150/937] Loss: 1.6297 CE: 1.6296 Acc: 33.4% LR: 0.000500
[2026-05-26 01:33:53,803]   Batch[ 200/937] Loss: 1.6229 CE: 1.6228 Acc: 33.6% LR: 0.000500
[2026-05-26 01:34:55,089]   Batch[ 250/937] Loss: 1.6233 CE: 1.6233 Acc: 33.3% LR: 0.000500
[2026-05-26 01:35:56,409]   Batch[ 300/937] Loss: 1.6226 CE: 1.6226 Acc: 33.3% LR: 0.000500
[2026-05-26 01:36:57,576]   Batch[ 350/937] Loss: 1.6224 CE: 1.6224 Acc: 33.3% LR: 0.000500
[2026-05-26 01:37:58,745]   Batch[ 400/937] Loss: 1.6207 CE: 1.6207 Acc: 33.4% LR: 0.000500
[2026-05-26 01:38:59,742]   Batch[ 450/937] Loss: 1.6193 CE: 1.6192 Acc: 33.5% LR: 0.000500
[2026-05-26 01:40:00,996]   Batch[ 500/937] Loss: 1.6168 CE: 1.6167 Acc: 33.6% LR: 0.000500
[2026-05-26 01:41:02,292]   Batch[ 550/937] Loss: 1.6154 CE: 1.6154 Acc: 33.6% LR: 0.000500
[2026-05-26 01:42:03,118]   Batch[ 600/937] Loss: 1.6125 CE: 1.6124 Acc: 33.7% LR: 0.000500
[2026-05-26 01:43:04,337]   Batch[ 650/937] Loss: 1.6098 CE: 1.6098 Acc: 33.9% LR: 0.000500
[2026-05-26 01:44:05,454]   Batch[ 700/937] Loss: 1.6072 CE: 1.6071 Acc: 34.0% LR: 0.000500
[2026-05-26 01:45:06,359]   Batch[ 750/937] Loss: 1.6066 CE: 1.6066 Acc: 34.1% LR: 0.000500
[2026-05-26 01:46:07,803]   Batch[ 800/937] Loss: 1.6056 CE: 1.6056 Acc: 34.2% LR: 0.000500
[2026-05-26 01:47:08,971]   Batch[ 850/937] Loss: 1.6056 CE: 1.6055 Acc: 34.3% LR: 0.000500
[2026-05-26 01:48:10,521]   Batch[ 900/937] Loss: 1.6031 CE: 1.6031 Acc: 34.3% LR: 0.000500
[2026-05-26 01:50:09,837] BWO executed at epoch 5
[2026-05-26 01:50:09,837] Epoch 5: train_loss=1.6011 train_acc=34.4% val_loss=2.3636 val_acc=18.2% DA=0.509 CB=0.000
[2026-05-26 01:50:11,142]   Batch[   0/937] Loss: 1.4062 CE: 1.4061 Acc: 51.6% LR: 0.000500
[2026-05-26 01:51:13,794]   Batch[  50/937] Loss: 1.6247 CE: 1.6247 Acc: 33.5% LR: 0.000500
[2026-05-26 01:52:16,225]   Batch[ 100/937] Loss: 1.6020 CE: 1.6020 Acc: 34.6% LR: 0.000500
[2026-05-26 01:53:17,972]   Batch[ 150/937] Loss: 1.5945 CE: 1.5945 Acc: 34.5% LR: 0.000500
[2026-05-26 01:54:24,434]   Batch[ 200/937] Loss: 1.5873 CE: 1.5873 Acc: 34.7% LR: 0.000500
[2026-05-26 01:55:31,438]   Batch[ 250/937] Loss: 1.5843 CE: 1.5843 Acc: 34.9% LR: 0.000500
[2026-05-26 01:56:37,262]   Batch[ 300/937] Loss: 1.5865 CE: 1.5864 Acc: 34.7% LR: 0.000500
[2026-05-26 01:57:43,458]   Batch[ 350/937] Loss: 1.5808 CE: 1.5808 Acc: 35.0% LR: 0.000500
[2026-05-26 01:58:49,024]   Batch[ 400/937] Loss: 1.5792 CE: 1.5792 Acc: 35.1% LR: 0.000500
[2026-05-26 01:59:55,205]   Batch[ 450/937] Loss: 1.5767 CE: 1.5767 Acc: 35.4% LR: 0.000500
[2026-05-26 02:01:01,623]   Batch[ 500/937] Loss: 1.5722 CE: 1.5722 Acc: 35.6% LR: 0.000500
[2026-05-26 02:02:08,046]   Batch[ 550/937] Loss: 1.5688 CE: 1.5688 Acc: 35.7% LR: 0.000500
[2026-05-26 02:03:14,479]   Batch[ 600/937] Loss: 1.5670 CE: 1.5670 Acc: 35.8% LR: 0.000500
[2026-05-26 02:04:20,587]   Batch[ 650/937] Loss: 1.5637 CE: 1.5636 Acc: 35.8% LR: 0.000500
[2026-05-26 02:05:26,603]   Batch[ 700/937] Loss: 1.5628 CE: 1.5628 Acc: 35.8% LR: 0.000500
[2026-05-26 02:06:33,012]   Batch[ 750/937] Loss: 1.5615 CE: 1.5615 Acc: 35.9% LR: 0.000500
[2026-05-26 02:07:39,007]   Batch[ 800/937] Loss: 1.5581 CE: 1.5580 Acc: 36.1% LR: 0.000500
[2026-05-26 02:08:45,143]   Batch[ 850/937] Loss: 1.5580 CE: 1.5579 Acc: 36.2% LR: 0.000500
[2026-05-26 02:09:51,124]   Batch[ 900/937] Loss: 1.5598 CE: 1.5597 Acc: 36.1% LR: 0.000499
[2026-05-26 02:11:58,889] Epoch 6: train_loss=1.5587 train_acc=36.1% val_loss=1.5922 val_acc=34.1% DA=0.265 CB=0.000
[2026-05-26 02:12:00,176]   Batch[   0/937] Loss: 1.7990 CE: 1.7990 Acc: 32.8% LR: 0.000499
[2026-05-26 02:13:06,454]   Batch[  50/937] Loss: 1.5553 CE: 1.5553 Acc: 36.8% LR: 0.000499
[2026-05-26 02:14:12,918]   Batch[ 100/937] Loss: 1.5397 CE: 1.5397 Acc: 37.4% LR: 0.000499
[2026-05-26 02:15:18,886]   Batch[ 150/937] Loss: 1.5368 CE: 1.5368 Acc: 37.4% LR: 0.000499
[2026-05-26 02:16:24,992]   Batch[ 200/937] Loss: 1.5276 CE: 1.5276 Acc: 37.8% LR: 0.000499
[2026-05-26 02:17:30,338]   Batch[ 250/937] Loss: 1.5263 CE: 1.5263 Acc: 37.9% LR: 0.000499
[2026-05-26 02:18:36,251]   Batch[ 300/937] Loss: 1.5233 CE: 1.5233 Acc: 38.0% LR: 0.000499
[2026-05-26 02:19:41,917]   Batch[ 350/937] Loss: 1.5163 CE: 1.5163 Acc: 38.2% LR: 0.000499
[2026-05-26 02:20:48,234]   Batch[ 400/937] Loss: 1.5148 CE: 1.5147 Acc: 38.3% LR: 0.000499
[2026-05-26 02:21:54,140]   Batch[ 450/937] Loss: 1.5102 CE: 1.5102 Acc: 38.4% LR: 0.000499
[2026-05-26 02:22:59,597]   Batch[ 500/937] Loss: 1.5096 CE: 1.5096 Acc: 38.5% LR: 0.000499
[2026-05-26 02:24:05,653]   Batch[ 550/937] Loss: 1.5089 CE: 1.5088 Acc: 38.6% LR: 0.000499
[2026-05-26 02:25:11,245]   Batch[ 600/937] Loss: 1.5065 CE: 1.5065 Acc: 38.6% LR: 0.000499
[2026-05-26 02:26:17,318]   Batch[ 650/937] Loss: 1.5075 CE: 1.5074 Acc: 38.5% LR: 0.000499
[2026-05-26 02:27:22,643]   Batch[ 700/937] Loss: 1.5080 CE: 1.5080 Acc: 38.4% LR: 0.000499
[2026-05-26 02:28:28,301]   Batch[ 750/937] Loss: 1.5056 CE: 1.5056 Acc: 38.5% LR: 0.000499
[2026-05-26 02:29:34,122]   Batch[ 800/937] Loss: 1.5017 CE: 1.5017 Acc: 38.6% LR: 0.000499
[2026-05-26 02:30:39,668]   Batch[ 850/937] Loss: 1.5020 CE: 1.5020 Acc: 38.6% LR: 0.000499
[2026-05-26 02:31:45,803]   Batch[ 900/937] Loss: 1.5006 CE: 1.5005 Acc: 38.6% LR: 0.000499
[2026-05-26 02:33:52,733] Epoch 7: train_loss=1.4991 train_acc=38.6% val_loss=1.5109 val_acc=36.5% DA=0.264 CB=0.000
[2026-05-26 02:33:54,186]   Batch[   0/937] Loss: 1.5081 CE: 1.5081 Acc: 40.6% LR: 0.000499
[2026-05-26 02:34:59,767]   Batch[  50/937] Loss: 1.4803 CE: 1.4803 Acc: 39.0% LR: 0.000499
[2026-05-26 02:36:06,155]   Batch[ 100/937] Loss: 1.4614 CE: 1.4614 Acc: 39.9% LR: 0.000499
[2026-05-26 02:37:12,039]   Batch[ 150/937] Loss: 1.4676 CE: 1.4676 Acc: 39.5% LR: 0.000499
[2026-05-26 02:38:18,201]   Batch[ 200/937] Loss: 1.4719 CE: 1.4718 Acc: 39.3% LR: 0.000499
[2026-05-26 02:39:23,771]   Batch[ 250/937] Loss: 1.4776 CE: 1.4776 Acc: 39.1% LR: 0.000499
[2026-05-26 02:40:29,524]   Batch[ 300/937] Loss: 1.4706 CE: 1.4705 Acc: 39.4% LR: 0.000499
[2026-05-26 02:41:35,779]   Batch[ 350/937] Loss: 1.4688 CE: 1.4688 Acc: 39.6% LR: 0.000498
[2026-05-26 02:42:41,157]   Batch[ 400/937] Loss: 1.4658 CE: 1.4658 Acc: 39.8% LR: 0.000498
[2026-05-26 02:43:47,113]   Batch[ 450/937] Loss: 1.4627 CE: 1.4626 Acc: 40.0% LR: 0.000498
[2026-05-26 02:44:52,802]   Batch[ 500/937] Loss: 1.4622 CE: 1.4621 Acc: 40.1% LR: 0.000498
[2026-05-26 02:45:59,443]   Batch[ 550/937] Loss: 1.4576 CE: 1.4575 Acc: 40.4% LR: 0.000498
[2026-05-26 02:47:05,618]   Batch[ 600/937] Loss: 1.4560 CE: 1.4560 Acc: 40.4% LR: 0.000498
[2026-05-26 02:48:11,200]   Batch[ 650/937] Loss: 1.4529 CE: 1.4529 Acc: 40.6% LR: 0.000498
[2026-05-26 02:49:16,921]   Batch[ 700/937] Loss: 1.4512 CE: 1.4512 Acc: 40.7% LR: 0.000498
[2026-05-26 02:50:22,429]   Batch[ 750/937] Loss: 1.4515 CE: 1.4515 Acc: 40.6% LR: 0.000498
[2026-05-26 02:51:28,350]   Batch[ 800/937] Loss: 1.4500 CE: 1.4500 Acc: 40.7% LR: 0.000498
[2026-05-26 02:52:33,296]   Batch[ 850/937] Loss: 1.4491 CE: 1.4491 Acc: 40.8% LR: 0.000498
[2026-05-26 02:53:38,895]   Batch[ 900/937] Loss: 1.4477 CE: 1.4477 Acc: 40.9% LR: 0.000498
[2026-05-26 02:55:53,558] Epoch 8: train_loss=1.4470 train_acc=40.9% val_loss=1.4015 val_acc=42.6% DA=0.255 CB=0.000
[2026-05-26 02:55:54,877]   Batch[   0/937] Loss: 1.2552 CE: 1.2551 Acc: 40.6% LR: 0.000498
[2026-05-26 02:57:01,007]   Batch[  50/937] Loss: 1.4348 CE: 1.4347 Acc: 40.7% LR: 0.000498
[2026-05-26 02:58:07,430]   Batch[ 100/937] Loss: 1.4432 CE: 1.4431 Acc: 41.2% LR: 0.000498
[2026-05-26 02:59:13,173]   Batch[ 150/937] Loss: 1.4365 CE: 1.4365 Acc: 41.8% LR: 0.000498
[2026-05-26 03:00:19,353]   Batch[ 200/937] Loss: 1.4367 CE: 1.4366 Acc: 41.7% LR: 0.000498
[2026-05-26 03:01:25,494]   Batch[ 250/937] Loss: 1.4352 CE: 1.4352 Acc: 41.7% LR: 0.000498
[2026-05-26 03:02:31,818]   Batch[ 300/937] Loss: 1.4310 CE: 1.4309 Acc: 42.1% LR: 0.000498
[2026-05-26 03:03:38,893]   Batch[ 350/937] Loss: 1.4264 CE: 1.4264 Acc: 42.3% LR: 0.000497
[2026-05-26 03:04:44,842]   Batch[ 400/937] Loss: 1.4219 CE: 1.4219 Acc: 42.4% LR: 0.000497
[2026-05-26 03:05:51,219]   Batch[ 450/937] Loss: 1.4183 CE: 1.4183 Acc: 42.5% LR: 0.000497
[2026-05-26 03:06:57,718]   Batch[ 500/937] Loss: 1.4182 CE: 1.4182 Acc: 42.4% LR: 0.000497
[2026-05-26 03:08:03,483]   Batch[ 550/937] Loss: 1.4182 CE: 1.4182 Acc: 42.4% LR: 0.000497
[2026-05-26 03:09:10,326]   Batch[ 600/937] Loss: 1.4179 CE: 1.4179 Acc: 42.5% LR: 0.000497
[2026-05-26 03:10:16,100]   Batch[ 650/937] Loss: 1.4180 CE: 1.4180 Acc: 42.5% LR: 0.000497
[2026-05-26 03:11:22,133]   Batch[ 700/937] Loss: 1.4182 CE: 1.4181 Acc: 42.5% LR: 0.000497
[2026-05-26 03:12:28,762]   Batch[ 750/937] Loss: 1.4160 CE: 1.4160 Acc: 42.6% LR: 0.000497
[2026-05-26 03:13:34,657]   Batch[ 800/937] Loss: 1.4152 CE: 1.4151 Acc: 42.7% LR: 0.000497
[2026-05-26 03:14:41,549]   Batch[ 850/937] Loss: 1.4142 CE: 1.4142 Acc: 42.7% LR: 0.000497
[2026-05-26 03:15:49,283]   Batch[ 900/937] Loss: 1.4115 CE: 1.4115 Acc: 42.8% LR: 0.000497
[2026-05-26 03:17:56,205] Epoch 9: train_loss=1.4099 train_acc=42.8% val_loss=1.3440 val_acc=46.9% DA=0.261 CB=0.000
[2026-05-26 03:17:57,740]   Batch[   0/937] Loss: 1.4659 CE: 1.4658 Acc: 46.9% LR: 0.000497
[2026-05-26 03:19:03,344]   Batch[  50/937] Loss: 1.3935 CE: 1.3935 Acc: 42.9% LR: 0.000497
[2026-05-26 03:20:09,350]   Batch[ 100/937] Loss: 1.3831 CE: 1.3830 Acc: 43.5% LR: 0.000497
[2026-05-26 03:21:15,519]   Batch[ 150/937] Loss: 1.3899 CE: 1.3899 Acc: 43.8% LR: 0.000496
[2026-05-26 03:22:21,711]   Batch[ 200/937] Loss: 1.3798 CE: 1.3798 Acc: 44.0% LR: 0.000496
[2026-05-26 03:23:27,618]   Batch[ 250/937] Loss: 1.3823 CE: 1.3822 Acc: 44.1% LR: 0.000496
[2026-05-26 03:24:33,475]   Batch[ 300/937] Loss: 1.3842 CE: 1.3842 Acc: 44.0% LR: 0.000496
[2026-05-26 03:25:39,515]   Batch[ 350/937] Loss: 1.3792 CE: 1.3792 Acc: 44.4% LR: 0.000496
[2026-05-26 03:26:45,094]   Batch[ 400/937] Loss: 1.3761 CE: 1.3761 Acc: 44.5% LR: 0.000496
[2026-05-26 03:27:51,023]   Batch[ 450/937] Loss: 1.3766 CE: 1.3766 Acc: 44.5% LR: 0.000496
[2026-05-26 03:28:56,551]   Batch[ 500/937] Loss: 1.3723 CE: 1.3722 Acc: 44.6% LR: 0.000496
[2026-05-26 03:30:02,362]   Batch[ 550/937] Loss: 1.3711 CE: 1.3711 Acc: 44.7% LR: 0.000496
[2026-05-26 03:31:08,239]   Batch[ 600/937] Loss: 1.3737 CE: 1.3736 Acc: 44.6% LR: 0.000496
[2026-05-26 03:32:14,188]   Batch[ 650/937] Loss: 1.3731 CE: 1.3731 Acc: 44.7% LR: 0.000496
[2026-05-26 03:33:20,053]   Batch[ 700/937] Loss: 1.3739 CE: 1.3738 Acc: 44.8% LR: 0.000496
[2026-05-26 03:34:25,634]   Batch[ 750/937] Loss: 1.3718 CE: 1.3718 Acc: 44.9% LR: 0.000496
[2026-05-26 03:35:31,226]   Batch[ 800/937] Loss: 1.3706 CE: 1.3706 Acc: 45.0% LR: 0.000495
[2026-05-26 03:36:36,912]   Batch[ 850/937] Loss: 1.3701 CE: 1.3701 Acc: 45.0% LR: 0.000495
[2026-05-26 03:37:42,746]   Batch[ 900/937] Loss: 1.3693 CE: 1.3693 Acc: 44.9% LR: 0.000495
[2026-05-26 03:39:49,313] BWO executed at epoch 10
[2026-05-26 03:39:49,313] Epoch 10: train_loss=1.3692 train_acc=44.9% val_loss=1.3062 val_acc=47.1% DA=0.272 CB=0.000
[2026-05-26 03:39:50,603]   Batch[   0/937] Loss: 1.3981 CE: 1.3981 Acc: 37.5% LR: 0.000495
[2026-05-26 03:40:55,849]   Batch[  50/937] Loss: 1.3310 CE: 1.3309 Acc: 46.0% LR: 0.000495
[2026-05-26 03:42:01,352]   Batch[ 100/937] Loss: 1.3479 CE: 1.3479 Acc: 45.3% LR: 0.000495
[2026-05-26 03:43:06,981]   Batch[ 150/937] Loss: 1.3467 CE: 1.3467 Acc: 46.1% LR: 0.000495
[2026-05-26 03:44:12,942]   Batch[ 200/937] Loss: 1.3441 CE: 1.3441 Acc: 46.3% LR: 0.000495
[2026-05-26 03:45:18,889]   Batch[ 250/937] Loss: 1.3419 CE: 1.3419 Acc: 46.3% LR: 0.000495
[2026-05-26 03:46:25,424]   Batch[ 300/937] Loss: 1.3401 CE: 1.3401 Acc: 46.3% LR: 0.000495
[2026-05-26 03:47:31,391]   Batch[ 350/937] Loss: 1.3363 CE: 1.3362 Acc: 46.6% LR: 0.000495
[2026-05-26 03:48:36,792]   Batch[ 400/937] Loss: 1.3352 CE: 1.3351 Acc: 46.7% LR: 0.000495
[2026-05-26 03:49:42,959]   Batch[ 450/937] Loss: 1.3338 CE: 1.3338 Acc: 46.7% LR: 0.000494
[2026-05-26 03:50:48,500]   Batch[ 500/937] Loss: 1.3351 CE: 1.3350 Acc: 46.6% LR: 0.000494
[2026-05-26 03:51:54,487]   Batch[ 550/937] Loss: 1.3328 CE: 1.3327 Acc: 46.8% LR: 0.000494
[2026-05-26 03:53:01,098]   Batch[ 600/937] Loss: 1.3331 CE: 1.3331 Acc: 46.7% LR: 0.000494
[2026-05-26 03:54:06,267]   Batch[ 650/937] Loss: 1.3309 CE: 1.3308 Acc: 46.8% LR: 0.000494
[2026-05-26 03:55:15,974]   Batch[ 700/937] Loss: 1.3291 CE: 1.3291 Acc: 46.9% LR: 0.000494
[2026-05-26 03:56:36,863]   Batch[ 750/937] Loss: 1.3269 CE: 1.3268 Acc: 47.0% LR: 0.000494
[2026-05-26 03:57:49,088]   Batch[ 800/937] Loss: 1.3241 CE: 1.3241 Acc: 47.1% LR: 0.000494
[2026-05-26 03:58:50,529]   Batch[ 850/937] Loss: 1.3233 CE: 1.3232 Acc: 47.1% LR: 0.000494
[2026-05-26 03:59:51,854]   Batch[ 900/937] Loss: 1.3219 CE: 1.3219 Acc: 47.2% LR: 0.000494
[2026-05-26 04:01:49,839] Epoch 11: train_loss=1.3192 train_acc=47.3% val_loss=1.2417 val_acc=49.0% DA=0.274 CB=0.000
[2026-05-26 04:01:51,175]   Batch[   0/937] Loss: 1.1821 CE: 1.1820 Acc: 48.4% LR: 0.000494
[2026-05-26 04:02:52,418]   Batch[  50/937] Loss: 1.2844 CE: 1.2843 Acc: 48.3% LR: 0.000493
[2026-05-26 04:03:53,811]   Batch[ 100/937] Loss: 1.2932 CE: 1.2931 Acc: 48.4% LR: 0.000493
[2026-05-26 04:04:54,962]   Batch[ 150/937] Loss: 1.2864 CE: 1.2863 Acc: 48.6% LR: 0.000493
[2026-05-26 04:05:56,167]   Batch[ 200/937] Loss: 1.2782 CE: 1.2782 Acc: 48.9% LR: 0.000493
[2026-05-26 04:06:57,265]   Batch[ 250/937] Loss: 1.2740 CE: 1.2739 Acc: 49.1% LR: 0.000493
[2026-05-26 04:07:58,277]   Batch[ 300/937] Loss: 1.2755 CE: 1.2755 Acc: 48.9% LR: 0.000493
[2026-05-26 04:08:59,501]   Batch[ 350/937] Loss: 1.2744 CE: 1.2744 Acc: 49.0% LR: 0.000493
[2026-05-26 04:10:00,454]   Batch[ 400/937] Loss: 1.2759 CE: 1.2758 Acc: 49.1% LR: 0.000493
[2026-05-26 04:11:01,842]   Batch[ 450/937] Loss: 1.2742 CE: 1.2741 Acc: 49.3% LR: 0.000493
[2026-05-26 04:12:02,861]   Batch[ 500/937] Loss: 1.2745 CE: 1.2744 Acc: 49.3% LR: 0.000492
[2026-05-26 04:13:04,050]   Batch[ 550/937] Loss: 1.2768 CE: 1.2767 Acc: 49.1% LR: 0.000492
[2026-05-26 04:14:04,555]   Batch[ 600/937] Loss: 1.2763 CE: 1.2762 Acc: 49.1% LR: 0.000492
[2026-05-26 04:15:05,948]   Batch[ 650/937] Loss: 1.2732 CE: 1.2731 Acc: 49.2% LR: 0.000492
[2026-05-26 04:16:06,936]   Batch[ 700/937] Loss: 1.2705 CE: 1.2704 Acc: 49.4% LR: 0.000492
[2026-05-26 04:17:08,024]   Batch[ 750/937] Loss: 1.2698 CE: 1.2697 Acc: 49.4% LR: 0.000492
[2026-05-26 04:18:09,240]   Batch[ 800/937] Loss: 1.2696 CE: 1.2695 Acc: 49.4% LR: 0.000492
[2026-05-26 04:19:10,511]   Batch[ 850/937] Loss: 1.2679 CE: 1.2678 Acc: 49.5% LR: 0.000492
[2026-05-26 04:20:11,978]   Batch[ 900/937] Loss: 1.2664 CE: 1.2663 Acc: 49.5% LR: 0.000492
[2026-05-26 04:22:09,340] Epoch 12: train_loss=1.2659 train_acc=49.5% val_loss=1.1762 val_acc=53.4% DA=0.275 CB=0.000
[2026-05-26 04:22:10,535]   Batch[   0/937] Loss: 1.0829 CE: 1.0827 Acc: 53.1% LR: 0.000492
[2026-05-26 04:23:11,484]   Batch[  50/937] Loss: 1.2213 CE: 1.2212 Acc: 51.9% LR: 0.000491
[2026-05-26 04:24:12,443]   Batch[ 100/937] Loss: 1.2248 CE: 1.2247 Acc: 51.5% LR: 0.000491
[2026-05-26 04:25:13,148]   Batch[ 150/937] Loss: 1.2300 CE: 1.2298 Acc: 50.8% LR: 0.000491
[2026-05-26 04:26:14,263]   Batch[ 200/937] Loss: 1.2292 CE: 1.2290 Acc: 51.0% LR: 0.000491
[2026-05-26 04:27:14,769]   Batch[ 250/937] Loss: 1.2333 CE: 1.2332 Acc: 50.9% LR: 0.000491
[2026-05-26 04:28:15,733]   Batch[ 300/937] Loss: 1.2342 CE: 1.2340 Acc: 50.9% LR: 0.000491
[2026-05-26 04:29:16,409]   Batch[ 350/937] Loss: 1.2336 CE: 1.2335 Acc: 50.9% LR: 0.000491
[2026-05-26 04:30:17,056]   Batch[ 400/937] Loss: 1.2358 CE: 1.2356 Acc: 50.8% LR: 0.000491
[2026-05-26 04:31:18,019]   Batch[ 450/937] Loss: 1.2312 CE: 1.2310 Acc: 51.0% LR: 0.000490
[2026-05-26 04:32:19,296]   Batch[ 500/937] Loss: 1.2283 CE: 1.2282 Acc: 51.1% LR: 0.000490
[2026-05-26 04:33:20,562]   Batch[ 550/937] Loss: 1.2230 CE: 1.2229 Acc: 51.3% LR: 0.000490
[2026-05-26 04:34:22,106]   Batch[ 600/937] Loss: 1.2181 CE: 1.2179 Acc: 51.6% LR: 0.000490
[2026-05-26 04:35:23,146]   Batch[ 650/937] Loss: 1.2119 CE: 1.2118 Acc: 51.8% LR: 0.000490
[2026-05-26 04:36:24,116]   Batch[ 700/937] Loss: 1.2078 CE: 1.2076 Acc: 51.9% LR: 0.000490
[2026-05-26 04:37:25,175]   Batch[ 750/937] Loss: 1.2029 CE: 1.2027 Acc: 52.1% LR: 0.000490
[2026-05-26 04:38:26,210]   Batch[ 800/937] Loss: 1.2011 CE: 1.2009 Acc: 52.1% LR: 0.000490
[2026-05-26 04:39:27,314]   Batch[ 850/937] Loss: 1.1990 CE: 1.1988 Acc: 52.2% LR: 0.000490
[2026-05-26 04:40:28,517]   Batch[ 900/937] Loss: 1.1964 CE: 1.1962 Acc: 52.3% LR: 0.000489
[2026-05-26 04:42:26,324] Epoch 13: train_loss=1.1967 train_acc=52.2% val_loss=1.1928 val_acc=51.4% DA=0.298 CB=0.000
[2026-05-26 04:42:27,553]   Batch[   0/937] Loss: 1.2165 CE: 1.2163 Acc: 54.7% LR: 0.000489
[2026-05-26 04:43:28,170]   Batch[  50/937] Loss: 1.1803 CE: 1.1801 Acc: 53.1% LR: 0.000489
[2026-05-26 04:44:28,989]   Batch[ 100/937] Loss: 1.1460 CE: 1.1458 Acc: 54.5% LR: 0.000489
[2026-05-26 04:45:30,039]   Batch[ 150/937] Loss: 1.1469 CE: 1.1468 Acc: 54.3% LR: 0.000489
[2026-05-26 04:46:30,904]   Batch[ 200/937] Loss: 1.1354 CE: 1.1352 Acc: 54.9% LR: 0.000489
[2026-05-26 04:47:31,669]   Batch[ 250/937] Loss: 1.1299 CE: 1.1297 Acc: 55.2% LR: 0.000489
[2026-05-26 04:48:33,172]   Batch[ 300/937] Loss: 1.1275 CE: 1.1273 Acc: 55.1% LR: 0.000489
[2026-05-26 04:49:34,004]   Batch[ 350/937] Loss: 1.1218 CE: 1.1216 Acc: 55.3% LR: 0.000488
[2026-05-26 04:50:34,540]   Batch[ 400/937] Loss: 1.1175 CE: 1.1174 Acc: 55.4% LR: 0.000488
[2026-05-26 04:51:35,954]   Batch[ 450/937] Loss: 1.1165 CE: 1.1164 Acc: 55.5% LR: 0.000488
[2026-05-26 04:52:37,005]   Batch[ 500/937] Loss: 1.1150 CE: 1.1149 Acc: 55.6% LR: 0.000488
[2026-05-26 04:53:38,766]   Batch[ 550/937] Loss: 1.1161 CE: 1.1159 Acc: 55.4% LR: 0.000488
[2026-05-26 04:54:40,166]   Batch[ 600/937] Loss: 1.1135 CE: 1.1134 Acc: 55.6% LR: 0.000488
[2026-05-26 04:55:40,642]   Batch[ 650/937] Loss: 1.1110 CE: 1.1109 Acc: 55.6% LR: 0.000488
[2026-05-26 04:56:41,868]   Batch[ 700/937] Loss: 1.1084 CE: 1.1082 Acc: 55.6% LR: 0.000487
[2026-05-26 04:57:43,826]   Batch[ 750/937] Loss: 1.1025 CE: 1.1023 Acc: 55.9% LR: 0.000487
[2026-05-26 04:58:51,753]   Batch[ 800/937] Loss: 1.1008 CE: 1.1006 Acc: 56.0% LR: 0.000487
[2026-05-26 04:59:58,617]   Batch[ 850/937] Loss: 1.0969 CE: 1.0967 Acc: 56.2% LR: 0.000487
[2026-05-26 05:01:05,133]   Batch[ 900/937] Loss: 1.0968 CE: 1.0967 Acc: 56.2% LR: 0.000487
[2026-05-26 05:03:14,663] Epoch 14: train_loss=1.1002 train_acc=56.0% val_loss=1.0512 val_acc=58.4% DA=0.276 CB=0.000
[2026-05-26 05:03:15,952]   Batch[   0/937] Loss: 0.9997 CE: 0.9996 Acc: 60.9% LR: 0.000487
[2026-05-26 05:04:22,567]   Batch[  50/937] Loss: 1.0477 CE: 1.0476 Acc: 59.4% LR: 0.000487
[2026-05-26 05:05:28,829]   Batch[ 100/937] Loss: 1.0348 CE: 1.0347 Acc: 58.9% LR: 0.000487
[2026-05-26 05:06:35,166]   Batch[ 150/937] Loss: 1.0462 CE: 1.0460 Acc: 58.6% LR: 0.000486
[2026-05-26 05:07:41,656]   Batch[ 200/937] Loss: 1.0654 CE: 1.0653 Acc: 57.8% LR: 0.000486
[2026-05-26 05:08:48,265]   Batch[ 250/937] Loss: 1.0632 CE: 1.0630 Acc: 57.7% LR: 0.000486
[2026-05-26 05:09:54,624]   Batch[ 300/937] Loss: 1.0730 CE: 1.0729 Acc: 57.3% LR: 0.000486
[2026-05-26 05:11:01,160]   Batch[ 350/937] Loss: 1.0779 CE: 1.0777 Acc: 57.1% LR: 0.000486
[2026-05-26 05:12:07,219]   Batch[ 400/937] Loss: 1.0755 CE: 1.0754 Acc: 57.2% LR: 0.000486
[2026-05-26 05:13:12,783]   Batch[ 450/937] Loss: 1.0758 CE: 1.0757 Acc: 57.2% LR: 0.000486
[2026-05-26 05:14:18,755]   Batch[ 500/937] Loss: 1.0743 CE: 1.0741 Acc: 57.2% LR: 0.000485
[2026-05-26 05:15:24,389]   Batch[ 550/937] Loss: 1.0702 CE: 1.0700 Acc: 57.3% LR: 0.000485
[2026-05-26 05:16:30,275]   Batch[ 600/937] Loss: 1.0695 CE: 1.0694 Acc: 57.3% LR: 0.000485
[2026-05-26 05:17:35,965]   Batch[ 650/937] Loss: 1.0663 CE: 1.0661 Acc: 57.5% LR: 0.000485
[2026-05-26 05:18:42,054]   Batch[ 700/937] Loss: 1.0642 CE: 1.0641 Acc: 57.6% LR: 0.000485
[2026-05-26 05:19:47,836]   Batch[ 750/937] Loss: 1.0859 CE: 1.0858 Acc: 57.0% LR: 0.000485
[2026-05-26 05:20:53,308]   Batch[ 800/937] Loss: 1.0879 CE: 1.0878 Acc: 56.8% LR: 0.000484
[2026-05-26 05:21:59,381]   Batch[ 850/937] Loss: 1.0915 CE: 1.0913 Acc: 56.7% LR: 0.000484
[2026-05-26 05:23:05,361]   Batch[ 900/937] Loss: 1.0939 CE: 1.0938 Acc: 56.6% LR: 0.000484
[2026-05-26 05:25:13,314] BWO executed at epoch 15
[2026-05-26 05:25:13,314] Epoch 15: train_loss=1.0930 train_acc=56.5% val_loss=1.0536 val_acc=57.8% DA=0.295 CB=0.000
[2026-05-26 05:25:14,570]   Batch[   0/937] Loss: 1.0651 CE: 1.0650 Acc: 53.1% LR: 0.000484
[2026-05-26 05:26:20,349]   Batch[  50/937] Loss: 1.0435 CE: 1.0434 Acc: 58.5% LR: 0.000484
[2026-05-26 05:27:26,371]   Batch[ 100/937] Loss: 1.0348 CE: 1.0347 Acc: 58.6% LR: 0.000484
[2026-05-26 05:28:32,179]   Batch[ 150/937] Loss: 1.0426 CE: 1.0425 Acc: 58.3% LR: 0.000484
[2026-05-26 05:29:38,575]   Batch[ 200/937] Loss: 1.0511 CE: 1.0510 Acc: 57.9% LR: 0.000483
[2026-05-26 05:30:44,492]   Batch[ 250/937] Loss: 1.0474 CE: 1.0473 Acc: 58.1% LR: 0.000483
[2026-05-26 05:31:50,318]   Batch[ 300/937] Loss: 1.0470 CE: 1.0469 Acc: 58.3% LR: 0.000483
[2026-05-26 05:32:55,788]   Batch[ 350/937] Loss: 1.0534 CE: 1.0533 Acc: 58.0% LR: 0.000483
[2026-05-26 05:34:01,612]   Batch[ 400/937] Loss: 1.0583 CE: 1.0582 Acc: 57.8% LR: 0.000483
[2026-05-26 05:35:07,140]   Batch[ 450/937] Loss: 1.0679 CE: 1.0678 Acc: 57.6% LR: 0.000483
[2026-05-26 05:36:13,194]   Batch[ 500/937] Loss: 1.0864 CE: 1.0863 Acc: 56.9% LR: 0.000482
[2026-05-26 05:37:19,032]   Batch[ 550/937] Loss: 1.0864 CE: 1.0863 Acc: 56.8% LR: 0.000482
[2026-05-26 05:38:24,547]   Batch[ 600/937] Loss: 1.0810 CE: 1.0809 Acc: 57.0% LR: 0.000482
[2026-05-26 05:39:30,390]   Batch[ 650/937] Loss: 1.0857 CE: 1.0856 Acc: 56.8% LR: 0.000482
[2026-05-26 05:40:35,973]   Batch[ 700/937] Loss: 1.0810 CE: 1.0809 Acc: 57.0% LR: 0.000482
[2026-05-26 05:41:41,879]   Batch[ 750/937] Loss: 1.0798 CE: 1.0797 Acc: 57.0% LR: 0.000482
[2026-05-26 05:42:47,580]   Batch[ 800/937] Loss: 1.0778 CE: 1.0778 Acc: 57.1% LR: 0.000482
[2026-05-26 05:43:53,447]   Batch[ 850/937] Loss: 1.0741 CE: 1.0740 Acc: 57.2% LR: 0.000481
[2026-05-26 05:44:59,507]   Batch[ 900/937] Loss: 1.0737 CE: 1.0736 Acc: 57.3% LR: 0.000481
[2026-05-26 05:47:07,057] Epoch 16: train_loss=1.0722 train_acc=57.3% val_loss=1.0430 val_acc=58.3% DA=0.309 CB=0.000
[2026-05-26 05:47:08,435]   Batch[   0/937] Loss: 0.8495 CE: 0.8494 Acc: 68.8% LR: 0.000481
[2026-05-26 05:48:13,975]   Batch[  50/937] Loss: 1.0200 CE: 1.0199 Acc: 59.8% LR: 0.000481
[2026-05-26 05:49:19,382]   Batch[ 100/937] Loss: 1.0414 CE: 1.0413 Acc: 59.2% LR: 0.000481
[2026-05-26 05:50:25,289]   Batch[ 150/937] Loss: 1.0568 CE: 1.0567 Acc: 58.3% LR: 0.000481
[2026-05-26 05:51:33,464]   Batch[ 200/937] Loss: 1.0642 CE: 1.0641 Acc: 57.6% LR: 0.000480
[2026-05-26 05:52:42,552]   Batch[ 250/937] Loss: 1.0622 CE: 1.0621 Acc: 57.5% LR: 0.000480
[2026-05-26 05:53:51,735]   Batch[ 300/937] Loss: 1.0523 CE: 1.0522 Acc: 58.1% LR: 0.000480
[2026-05-26 05:54:57,521]   Batch[ 350/937] Loss: 1.0524 CE: 1.0523 Acc: 58.2% LR: 0.000480
[2026-05-26 05:56:03,724]   Batch[ 400/937] Loss: 1.0534 CE: 1.0533 Acc: 58.1% LR: 0.000480
[2026-05-26 05:57:09,402]   Batch[ 450/937] Loss: 1.0532 CE: 1.0531 Acc: 58.1% LR: 0.000480
[2026-05-26 05:58:17,050]   Batch[ 500/937] Loss: 1.0550 CE: 1.0549 Acc: 58.0% LR: 0.000479
[2026-05-26 05:59:32,555]   Batch[ 550/937] Loss: 1.0565 CE: 1.0564 Acc: 58.0% LR: 0.000479
[2026-05-26 06:00:38,997]   Batch[ 600/937] Loss: 1.0672 CE: 1.0671 Acc: 57.7% LR: 0.000479
[2026-05-26 06:01:40,131]   Batch[ 650/937] Loss: 1.0604 CE: 1.0603 Acc: 58.0% LR: 0.000479
[2026-05-26 06:02:41,399]   Batch[ 700/937] Loss: 1.0558 CE: 1.0557 Acc: 58.1% LR: 0.000479
[2026-05-26 06:03:42,409]   Batch[ 750/937] Loss: 1.0523 CE: 1.0522 Acc: 58.3% LR: 0.000478
[2026-05-26 06:04:43,197]   Batch[ 800/937] Loss: 1.0503 CE: 1.0502 Acc: 58.5% LR: 0.000478
[2026-05-26 06:05:43,768]   Batch[ 850/937] Loss: 1.0491 CE: 1.0490 Acc: 58.5% LR: 0.000478
[2026-05-26 06:06:44,452]   Batch[ 900/937] Loss: 1.0475 CE: 1.0474 Acc: 58.5% LR: 0.000478
[2026-05-26 06:08:41,764] Epoch 17: train_loss=1.0467 train_acc=58.5% val_loss=1.0397 val_acc=58.3% DA=0.323 CB=0.000
[2026-05-26 06:08:43,034]   Batch[   0/937] Loss: 1.2194 CE: 1.2193 Acc: 46.9% LR: 0.000478
[2026-05-26 06:09:44,038]   Batch[  50/937] Loss: 1.0520 CE: 1.0519 Acc: 58.5% LR: 0.000478
[2026-05-26 06:10:45,090]   Batch[ 100/937] Loss: 1.0274 CE: 1.0273 Acc: 59.6% LR: 0.000477
[2026-05-26 06:11:46,317]   Batch[ 150/937] Loss: 1.0191 CE: 1.0190 Acc: 59.5% LR: 0.000477
[2026-05-26 06:12:47,338]   Batch[ 200/937] Loss: 1.0276 CE: 1.0275 Acc: 59.2% LR: 0.000477
[2026-05-26 06:13:48,477]   Batch[ 250/937] Loss: 1.0283 CE: 1.0282 Acc: 59.1% LR: 0.000477
[2026-05-26 06:14:49,899]   Batch[ 300/937] Loss: 1.0378 CE: 1.0377 Acc: 58.5% LR: 0.000477
[2026-05-26 06:15:50,667]   Batch[ 350/937] Loss: 1.0344 CE: 1.0344 Acc: 58.7% LR: 0.000477
[2026-05-26 06:16:51,850]   Batch[ 400/937] Loss: 1.0348 CE: 1.0347 Acc: 58.7% LR: 0.000476
[2026-05-26 06:17:53,008]   Batch[ 450/937] Loss: 1.0306 CE: 1.0305 Acc: 59.1% LR: 0.000476
[2026-05-26 06:18:54,144]   Batch[ 500/937] Loss: 1.0282 CE: 1.0281 Acc: 59.1% LR: 0.000476
[2026-05-26 06:19:55,512]   Batch[ 550/937] Loss: 1.0242 CE: 1.0242 Acc: 59.3% LR: 0.000476
[2026-05-26 06:20:56,280]   Batch[ 600/937] Loss: 1.0203 CE: 1.0203 Acc: 59.5% LR: 0.000476
[2026-05-26 06:21:57,686]   Batch[ 650/937] Loss: 1.0221 CE: 1.0221 Acc: 59.4% LR: 0.000475
[2026-05-26 06:22:58,933]   Batch[ 700/937] Loss: 1.0286 CE: 1.0285 Acc: 59.1% LR: 0.000475
[2026-05-26 06:24:00,028]   Batch[ 750/937] Loss: 1.0282 CE: 1.0281 Acc: 59.1% LR: 0.000475
[2026-05-26 06:25:01,441]   Batch[ 800/937] Loss: 1.0232 CE: 1.0232 Acc: 59.4% LR: 0.000475
[2026-05-26 06:26:02,460]   Batch[ 850/937] Loss: 1.0219 CE: 1.0219 Acc: 59.4% LR: 0.000475
[2026-05-26 06:27:03,646]   Batch[ 900/937] Loss: 1.0196 CE: 1.0195 Acc: 59.6% LR: 0.000474
[2026-05-26 06:29:01,185] Epoch 18: train_loss=1.0185 train_acc=59.6% val_loss=0.9336 val_acc=63.6% DA=0.306 CB=0.000
[2026-05-26 06:29:02,371]   Batch[   0/937] Loss: 0.7305 CE: 0.7305 Acc: 75.0% LR: 0.000474
[2026-05-26 06:30:03,046]   Batch[  50/937] Loss: 0.9859 CE: 0.9858 Acc: 61.2% LR: 0.000474
[2026-05-26 06:31:04,299]   Batch[ 100/937] Loss: 1.0232 CE: 1.0231 Acc: 60.0% LR: 0.000474
[2026-05-26 06:32:05,484]   Batch[ 150/937] Loss: 1.0206 CE: 1.0205 Acc: 59.6% LR: 0.000474
[2026-05-26 06:33:07,010]   Batch[ 200/937] Loss: 1.0253 CE: 1.0252 Acc: 59.5% LR: 0.000474
[2026-05-26 06:34:08,293]   Batch[ 250/937] Loss: 1.0139 CE: 1.0139 Acc: 60.1% LR: 0.000473
[2026-05-26 06:35:09,357]   Batch[ 300/937] Loss: 1.0098 CE: 1.0097 Acc: 60.2% LR: 0.000473
[2026-05-26 06:36:10,413]   Batch[ 350/937] Loss: 1.0097 CE: 1.0096 Acc: 59.9% LR: 0.000473
[2026-05-26 06:37:11,709]   Batch[ 400/937] Loss: 1.0088 CE: 1.0087 Acc: 60.0% LR: 0.000473
[2026-05-26 06:38:12,687]   Batch[ 450/937] Loss: 1.0104 CE: 1.0103 Acc: 60.0% LR: 0.000473
[2026-05-26 06:39:13,894]   Batch[ 500/937] Loss: 1.0094 CE: 1.0093 Acc: 60.0% LR: 0.000472
[2026-05-26 06:40:15,117]   Batch[ 550/937] Loss: 1.0093 CE: 1.0092 Acc: 60.0% LR: 0.000472
[2026-05-26 06:41:16,190]   Batch[ 600/937] Loss: 1.0072 CE: 1.0071 Acc: 60.0% LR: 0.000472
[2026-05-26 06:42:17,118]   Batch[ 650/937] Loss: 1.0103 CE: 1.0102 Acc: 60.0% LR: 0.000472
[2026-05-26 06:43:18,457]   Batch[ 700/937] Loss: 1.0106 CE: 1.0105 Acc: 60.1% LR: 0.000472
[2026-05-26 06:44:19,635]   Batch[ 750/937] Loss: 1.0066 CE: 1.0065 Acc: 60.2% LR: 0.000471
[2026-05-26 06:45:21,006]   Batch[ 800/937] Loss: 1.0105 CE: 1.0104 Acc: 60.0% LR: 0.000471
[2026-05-26 06:46:22,082]   Batch[ 850/937] Loss: 1.0158 CE: 1.0157 Acc: 59.8% LR: 0.000471
[2026-05-26 06:47:23,469]   Batch[ 900/937] Loss: 1.0137 CE: 1.0136 Acc: 59.8% LR: 0.000471
[2026-05-26 06:49:20,548] Epoch 19: train_loss=1.0154 train_acc=59.8% val_loss=0.9388 val_acc=62.4% DA=0.323 CB=0.000
[2026-05-26 06:49:21,749]   Batch[   0/937] Loss: 0.7166 CE: 0.7165 Acc: 57.8% LR: 0.000471
[2026-05-26 06:50:23,257]   Batch[  50/937] Loss: 0.9791 CE: 0.9790 Acc: 62.2% LR: 0.000470
[2026-05-26 06:51:24,153]   Batch[ 100/937] Loss: 1.0063 CE: 1.0063 Acc: 60.9% LR: 0.000470
[2026-05-26 06:52:25,130]   Batch[ 150/937] Loss: 0.9978 CE: 0.9978 Acc: 61.0% LR: 0.000470
[2026-05-26 06:53:26,178]   Batch[ 200/937] Loss: 1.0048 CE: 1.0047 Acc: 60.9% LR: 0.000470
[2026-05-26 06:54:27,531]   Batch[ 250/937] Loss: 1.0018 CE: 1.0018 Acc: 60.7% LR: 0.000470
[2026-05-26 06:55:28,844]   Batch[ 300/937] Loss: 0.9980 CE: 0.9980 Acc: 60.7% LR: 0.000469
[2026-05-26 06:56:29,896]   Batch[ 350/937] Loss: 1.0013 CE: 1.0013 Acc: 60.5% LR: 0.000469
[2026-05-26 06:57:31,032]   Batch[ 400/937] Loss: 1.0006 CE: 1.0005 Acc: 60.5% LR: 0.000469
[2026-05-26 06:58:32,069]   Batch[ 450/937] Loss: 0.9969 CE: 0.9969 Acc: 60.7% LR: 0.000469
[2026-05-26 06:59:33,129]   Batch[ 500/937] Loss: 1.0017 CE: 1.0016 Acc: 60.5% LR: 0.000469
[2026-05-26 07:00:36,161]   Batch[ 550/937] Loss: 1.0019 CE: 1.0018 Acc: 60.6% LR: 0.000468
[2026-05-26 07:01:38,259]   Batch[ 600/937] Loss: 1.0000 CE: 0.9999 Acc: 60.6% LR: 0.000468
[2026-05-26 07:02:40,627]   Batch[ 650/937] Loss: 1.0008 CE: 1.0007 Acc: 60.5% LR: 0.000468
[2026-05-26 07:03:47,067]   Batch[ 700/937] Loss: 0.9985 CE: 0.9985 Acc: 60.6% LR: 0.000468
[2026-05-26 07:04:53,080]   Batch[ 750/937] Loss: 0.9965 CE: 0.9965 Acc: 60.7% LR: 0.000467
[2026-05-26 07:05:59,472]   Batch[ 800/937] Loss: 1.0001 CE: 1.0001 Acc: 60.6% LR: 0.000467
[2026-05-26 07:07:05,537]   Batch[ 850/937] Loss: 0.9992 CE: 0.9991 Acc: 60.6% LR: 0.000467
[2026-05-26 07:08:11,649]   Batch[ 900/937] Loss: 0.9972 CE: 0.9971 Acc: 60.7% LR: 0.000467
[2026-05-26 07:10:19,898] BWO executed at epoch 20
[2026-05-26 07:10:19,898] Epoch 20: train_loss=0.9958 train_acc=60.7% val_loss=0.9769 val_acc=61.3% DA=0.349 CB=0.000
[2026-05-26 07:10:21,169]   Batch[   0/937] Loss: 0.9691 CE: 0.9691 Acc: 60.9% LR: 0.000467
[2026-05-26 07:11:27,006]   Batch[  50/937] Loss: 0.9234 CE: 0.9234 Acc: 63.0% LR: 0.000466
[2026-05-26 07:12:32,423]   Batch[ 100/937] Loss: 0.9722 CE: 0.9721 Acc: 61.7% LR: 0.000466
[2026-05-26 07:13:38,249]   Batch[ 150/937] Loss: 0.9928 CE: 0.9927 Acc: 60.7% LR: 0.000466
[2026-05-26 07:14:43,725]   Batch[ 200/937] Loss: 0.9950 CE: 0.9949 Acc: 61.1% LR: 0.000466
[2026-05-26 07:15:49,456]   Batch[ 250/937] Loss: 0.9972 CE: 0.9972 Acc: 61.0% LR: 0.000466
[2026-05-26 07:16:55,393]   Batch[ 300/937] Loss: 0.9998 CE: 0.9997 Acc: 60.9% LR: 0.000465
[2026-05-26 07:18:01,161]   Batch[ 350/937] Loss: 0.9986 CE: 0.9985 Acc: 60.7% LR: 0.000465
[2026-05-26 07:19:07,606]   Batch[ 400/937] Loss: 1.0009 CE: 1.0008 Acc: 60.5% LR: 0.000465
[2026-05-26 07:20:13,070]   Batch[ 450/937] Loss: 0.9998 CE: 0.9997 Acc: 60.6% LR: 0.000465
[2026-05-26 07:21:19,079]   Batch[ 500/937] Loss: 0.9938 CE: 0.9937 Acc: 60.8% LR: 0.000464
[2026-05-26 07:22:24,485]   Batch[ 550/937] Loss: 0.9928 CE: 0.9927 Acc: 60.9% LR: 0.000464
[2026-05-26 07:23:29,985]   Batch[ 600/937] Loss: 0.9908 CE: 0.9907 Acc: 61.0% LR: 0.000464
[2026-05-26 07:24:35,310]   Batch[ 650/937] Loss: 0.9874 CE: 0.9874 Acc: 61.1% LR: 0.000464
[2026-05-26 07:25:40,685]   Batch[ 700/937] Loss: 0.9850 CE: 0.9850 Acc: 61.2% LR: 0.000464
[2026-05-26 07:26:46,357]   Batch[ 750/937] Loss: 0.9853 CE: 0.9852 Acc: 61.2% LR: 0.000463
[2026-05-26 07:27:51,831]   Batch[ 800/937] Loss: 0.9871 CE: 0.9871 Acc: 61.1% LR: 0.000463
[2026-05-26 07:28:57,775]   Batch[ 850/937] Loss: 0.9855 CE: 0.9854 Acc: 61.3% LR: 0.000463
[2026-05-26 07:30:03,262]   Batch[ 900/937] Loss: 0.9855 CE: 0.9854 Acc: 61.2% LR: 0.000463
[2026-05-26 07:32:09,747] Epoch 21: train_loss=0.9858 train_acc=61.2% val_loss=0.9021 val_acc=64.0% DA=0.337 CB=0.000
[2026-05-26 07:32:11,005]   Batch[   0/937] Loss: 0.8928 CE: 0.8927 Acc: 68.8% LR: 0.000462
[2026-05-26 07:33:16,372]   Batch[  50/937] Loss: 0.9779 CE: 0.9778 Acc: 62.3% LR: 0.000462
[2026-05-26 07:34:22,140]   Batch[ 100/937] Loss: 0.9885 CE: 0.9884 Acc: 61.6% LR: 0.000462
[2026-05-26 07:35:27,427]   Batch[ 150/937] Loss: 0.9987 CE: 0.9987 Acc: 60.7% LR: 0.000462
[2026-05-26 07:36:33,093]   Batch[ 200/937] Loss: 0.9949 CE: 0.9948 Acc: 60.7% LR: 0.000462
[2026-05-26 07:37:38,921]   Batch[ 250/937] Loss: 1.0201 CE: 1.0200 Acc: 59.7% LR: 0.000461
[2026-05-26 07:38:44,228]   Batch[ 300/937] Loss: 1.0062 CE: 1.0062 Acc: 60.2% LR: 0.000461
[2026-05-26 07:39:49,916]   Batch[ 350/937] Loss: 1.0069 CE: 1.0068 Acc: 60.2% LR: 0.000461
[2026-05-26 07:40:55,487]   Batch[ 400/937] Loss: 1.0062 CE: 1.0062 Acc: 60.4% LR: 0.000461
[2026-05-26 07:42:01,442]   Batch[ 450/937] Loss: 1.0044 CE: 1.0043 Acc: 60.4% LR: 0.000460
[2026-05-26 07:43:07,587]   Batch[ 500/937] Loss: 1.0150 CE: 1.0150 Acc: 60.1% LR: 0.000460
[2026-05-26 07:44:13,189]   Batch[ 550/937] Loss: 1.0123 CE: 1.0123 Acc: 60.1% LR: 0.000460
[2026-05-26 07:45:19,274]   Batch[ 600/937] Loss: 1.0128 CE: 1.0127 Acc: 60.1% LR: 0.000460
[2026-05-26 07:46:25,047]   Batch[ 650/937] Loss: 1.0151 CE: 1.0151 Acc: 60.0% LR: 0.000459
[2026-05-26 07:47:31,151]   Batch[ 700/937] Loss: 1.0116 CE: 1.0115 Acc: 60.2% LR: 0.000459
[2026-05-26 07:48:38,485]   Batch[ 750/937] Loss: 1.0091 CE: 1.0090 Acc: 60.3% LR: 0.000459
[2026-05-26 07:49:44,793]   Batch[ 800/937] Loss: 1.0073 CE: 1.0072 Acc: 60.4% LR: 0.000459
[2026-05-26 07:50:51,096]   Batch[ 850/937] Loss: 1.0129 CE: 1.0129 Acc: 60.1% LR: 0.000458
[2026-05-26 07:51:57,187]   Batch[ 900/937] Loss: 1.0125 CE: 1.0125 Acc: 60.2% LR: 0.000458
[2026-05-26 07:54:04,376] Epoch 22: train_loss=1.0107 train_acc=60.2% val_loss=0.9499 val_acc=61.8% DA=0.366 CB=0.000
[2026-05-26 07:54:05,613]   Batch[   0/937] Loss: 1.0023 CE: 1.0022 Acc: 65.6% LR: 0.000458
[2026-05-26 07:55:11,631]   Batch[  50/937] Loss: 1.0069 CE: 1.0069 Acc: 61.0% LR: 0.000458
[2026-05-26 07:56:17,732]   Batch[ 100/937] Loss: 0.9974 CE: 0.9973 Acc: 61.2% LR: 0.000458
[2026-05-26 07:57:23,450]   Batch[ 150/937] Loss: 0.9966 CE: 0.9965 Acc: 61.0% LR: 0.000457
[2026-05-26 07:58:29,475]   Batch[ 200/937] Loss: 1.0081 CE: 1.0080 Acc: 60.8% LR: 0.000457
[2026-05-26 07:59:34,675]   Batch[ 250/937] Loss: 1.0081 CE: 1.0080 Acc: 60.7% LR: 0.000457
[2026-05-26 08:00:41,379]   Batch[ 300/937] Loss: 1.0279 CE: 1.0278 Acc: 59.8% LR: 0.000457
[2026-05-26 08:01:47,376]   Batch[ 350/937] Loss: 1.0261 CE: 1.0260 Acc: 59.7% LR: 0.000456
[2026-05-26 08:02:53,578]   Batch[ 400/937] Loss: 1.0431 CE: 1.0431 Acc: 59.0% LR: 0.000456
[2026-05-26 08:04:03,906]   Batch[ 450/937] Loss: 1.0383 CE: 1.0383 Acc: 59.3% LR: 0.000456
[2026-05-26 08:05:16,186]   Batch[ 500/937] Loss: 1.0308 CE: 1.0308 Acc: 59.5% LR: 0.000456
[2026-05-26 08:06:29,752]   Batch[ 550/937] Loss: 1.0236 CE: 1.0235 Acc: 59.7% LR: 0.000455
[2026-05-26 08:07:35,815]   Batch[ 600/937] Loss: 1.0184 CE: 1.0183 Acc: 59.9% LR: 0.000455
[2026-05-26 08:08:42,188]   Batch[ 650/937] Loss: 1.0137 CE: 1.0137 Acc: 60.1% LR: 0.000455
[2026-05-26 08:09:47,705]   Batch[ 700/937] Loss: 1.0130 CE: 1.0129 Acc: 60.1% LR: 0.000455
[2026-05-26 08:10:53,554]   Batch[ 750/937] Loss: 1.0079 CE: 1.0079 Acc: 60.4% LR: 0.000454
[2026-05-26 08:11:58,990]   Batch[ 800/937] Loss: 1.0080 CE: 1.0080 Acc: 60.4% LR: 0.000454
[2026-05-26 08:13:04,945]   Batch[ 850/937] Loss: 1.0053 CE: 1.0053 Acc: 60.5% LR: 0.000454
[2026-05-26 08:14:10,492]   Batch[ 900/937] Loss: 1.0066 CE: 1.0066 Acc: 60.4% LR: 0.000454
[2026-05-26 08:16:17,181] Epoch 23: train_loss=1.0063 train_acc=60.4% val_loss=0.8922 val_acc=64.4% DA=0.356 CB=0.000
[2026-05-26 08:16:18,619]   Batch[   0/937] Loss: 1.0610 CE: 1.0610 Acc: 67.2% LR: 0.000453
[2026-05-26 08:17:24,373]   Batch[  50/937] Loss: 1.0407 CE: 1.0407 Acc: 58.9% LR: 0.000453
[2026-05-26 08:18:29,754]   Batch[ 100/937] Loss: 1.0401 CE: 1.0401 Acc: 59.3% LR: 0.000453
[2026-05-26 08:19:35,205]   Batch[ 150/937] Loss: 1.0389 CE: 1.0388 Acc: 59.3% LR: 0.000453
[2026-05-26 08:20:41,506]   Batch[ 200/937] Loss: 1.0043 CE: 1.0043 Acc: 60.5% LR: 0.000452
[2026-05-26 08:21:49,130]   Batch[ 250/937] Loss: 0.9943 CE: 0.9942 Acc: 61.1% LR: 0.000452
[2026-05-26 08:22:55,197]   Batch[ 300/937] Loss: 0.9920 CE: 0.9919 Acc: 61.0% LR: 0.000452
[2026-05-26 08:24:01,502]   Batch[ 350/937] Loss: 1.0078 CE: 1.0077 Acc: 60.5% LR: 0.000452
[2026-05-26 08:25:07,054]   Batch[ 400/937] Loss: 1.0143 CE: 1.0143 Acc: 60.3% LR: 0.000451
[2026-05-26 08:26:13,332]   Batch[ 450/937] Loss: 1.0129 CE: 1.0128 Acc: 60.2% LR: 0.000451
[2026-05-26 08:27:19,997]   Batch[ 500/937] Loss: 1.0063 CE: 1.0063 Acc: 60.5% LR: 0.000451
[2026-05-26 08:28:27,105]   Batch[ 550/937] Loss: 1.0029 CE: 1.0029 Acc: 60.6% LR: 0.000451
[2026-05-26 08:29:34,301]   Batch[ 600/937] Loss: 1.0023 CE: 1.0023 Acc: 60.6% LR: 0.000450
[2026-05-26 08:30:41,436]   Batch[ 650/937] Loss: 1.0009 CE: 1.0009 Acc: 60.7% LR: 0.000450
[2026-05-26 08:31:48,571]   Batch[ 700/937] Loss: 1.0020 CE: 1.0019 Acc: 60.6% LR: 0.000450
[2026-05-26 08:32:57,610]   Batch[ 750/937] Loss: 0.9982 CE: 0.9982 Acc: 60.8% LR: 0.000450
[2026-05-26 08:34:06,361]   Batch[ 800/937] Loss: 1.0019 CE: 1.0019 Acc: 60.6% LR: 0.000449
[2026-05-26 08:35:13,974]   Batch[ 850/937] Loss: 1.0035 CE: 1.0034 Acc: 60.6% LR: 0.000449
[2026-05-26 08:36:17,911]   Batch[ 900/937] Loss: 1.0056 CE: 1.0056 Acc: 60.5% LR: 0.000449
[2026-05-26 08:38:19,717] Epoch 24: train_loss=1.0028 train_acc=60.6% val_loss=1.1131 val_acc=57.1% DA=0.451 CB=0.000
[2026-05-26 08:38:20,885]   Batch[   0/937] Loss: 0.9377 CE: 0.9376 Acc: 57.8% LR: 0.000449
[2026-05-26 08:39:24,576]   Batch[  50/937] Loss: 1.0059 CE: 1.0058 Acc: 60.2% LR: 0.000448
[2026-05-26 08:40:27,911]   Batch[ 100/937] Loss: 0.9883 CE: 0.9883 Acc: 61.1% LR: 0.000448
[2026-05-26 08:41:31,426]   Batch[ 150/937] Loss: 0.9951 CE: 0.9950 Acc: 61.2% LR: 0.000448
[2026-05-26 08:42:34,902]   Batch[ 200/937] Loss: 0.9950 CE: 0.9949 Acc: 61.4% LR: 0.000448
[2026-05-26 08:43:38,774]   Batch[ 250/937] Loss: 1.0110 CE: 1.0110 Acc: 60.4% LR: 0.000447
[2026-05-26 08:44:42,238]   Batch[ 300/937] Loss: 1.0206 CE: 1.0205 Acc: 60.1% LR: 0.000447
[2026-05-26 08:45:45,903]   Batch[ 350/937] Loss: 1.0230 CE: 1.0230 Acc: 60.0% LR: 0.000447
[2026-05-26 08:46:49,339]   Batch[ 400/937] Loss: 1.0094 CE: 1.0093 Acc: 60.4% LR: 0.000446
[2026-05-26 08:47:53,169]   Batch[ 450/937] Loss: 0.9998 CE: 0.9997 Acc: 60.8% LR: 0.000446
[2026-05-26 08:48:57,047]   Batch[ 500/937] Loss: 0.9958 CE: 0.9957 Acc: 61.0% LR: 0.000446
[2026-05-26 08:50:00,932]   Batch[ 550/937] Loss: 0.9982 CE: 0.9982 Acc: 60.9% LR: 0.000446
[2026-05-26 08:51:04,718]   Batch[ 600/937] Loss: 0.9976 CE: 0.9975 Acc: 61.0% LR: 0.000445
[2026-05-26 08:52:09,063]   Batch[ 650/937] Loss: 0.9945 CE: 0.9944 Acc: 61.0% LR: 0.000445
[2026-05-26 08:53:12,866]   Batch[ 700/937] Loss: 0.9953 CE: 0.9953 Acc: 61.0% LR: 0.000445
[2026-05-26 08:54:16,804]   Batch[ 750/937] Loss: 0.9915 CE: 0.9915 Acc: 61.1% LR: 0.000445
[2026-05-26 08:55:20,756]   Batch[ 800/937] Loss: 0.9918 CE: 0.9918 Acc: 61.0% LR: 0.000444
[2026-05-26 08:56:24,351]   Batch[ 850/937] Loss: 0.9950 CE: 0.9949 Acc: 60.9% LR: 0.000444
[2026-05-26 08:57:28,390]   Batch[ 900/937] Loss: 0.9941 CE: 0.9940 Acc: 61.0% LR: 0.000444
[2026-05-26 08:59:31,304] BWO executed at epoch 25
[2026-05-26 08:59:31,304] Epoch 25: train_loss=0.9926 train_acc=61.0% val_loss=1.1900 val_acc=55.1% DA=0.485 CB=0.000
[2026-05-26 08:59:32,523]   Batch[   0/937] Loss: 0.8471 CE: 0.8471 Acc: 75.0% LR: 0.000444
[2026-05-26 09:00:36,586]   Batch[  50/937] Loss: 1.0560 CE: 1.0560 Acc: 59.5% LR: 0.000443
[2026-05-26 09:01:40,062]   Batch[ 100/937] Loss: 1.0019 CE: 1.0019 Acc: 61.4% LR: 0.000443
[2026-05-26 09:02:43,705]   Batch[ 150/937] Loss: 1.0670 CE: 1.0669 Acc: 59.0% LR: 0.000443
[2026-05-26 09:03:51,516]   Batch[ 200/937] Loss: 1.0723 CE: 1.0723 Acc: 58.4% LR: 0.000442
[2026-05-26 09:05:00,321]   Batch[ 250/937] Loss: 1.0687 CE: 1.0686 Acc: 58.3% LR: 0.000442
[2026-05-26 09:06:06,629]   Batch[ 300/937] Loss: 1.0552 CE: 1.0552 Acc: 58.8% LR: 0.000442
[2026-05-26 09:07:16,403]   Batch[ 350/937] Loss: 1.0522 CE: 1.0521 Acc: 58.9% LR: 0.000442
[2026-05-26 09:08:25,799]   Batch[ 400/937] Loss: 1.0472 CE: 1.0471 Acc: 59.0% LR: 0.000441
[2026-05-26 09:09:32,366]   Batch[ 450/937] Loss: 1.0427 CE: 1.0426 Acc: 59.2% LR: 0.000441
